#
# There is insufficient memory for the Java Runtime Environment to continue.
# Native memory allocation (malloc) failed to allocate 12935952 bytes. Error detail: Chunk::new
# Possible reasons:
#   The system is out of physical RAM or swap space
#   This process is running with CompressedOops enabled, and the Java Heap may be blocking the growth of the native heap
# Possible solutions:
#   Reduce memory load on the system
#   Increase physical memory or swap space
#   Check if swap backing store is full
#   Decrease Java heap size (-Xmx/-Xms)
#   Decrease number of Java threads
#   Decrease Java thread stack sizes (-Xss)
#   Set larger code cache with -XX:ReservedCodeCacheSize=
#   JVM is running with Zero Based Compressed Oops mode in which the Java heap is
#     placed in the first 32GB address space. The Java Heap base address is the
#     maximum limit for the native heap growth. Please use -XX:HeapBaseMinAddress
#     to set the Java Heap base and to place the Java Heap above 32GB virtual address.
# This output file may be truncated or incomplete.
#
#  Out of Memory Error (arena.cpp:162), pid=27908, tid=27772
#
# JRE version: Java(TM) SE Runtime Environment (24.0.1+9) (build 24.0.1+9-30)
# Java VM: Java HotSpot(TM) 64-Bit Server VM (24.0.1+9-30, mixed mode, sharing, tiered, compressed oops, compressed class ptrs, g1 gc, windows-amd64)
# No core dump will be written. Minidumps are not enabled by default on client versions of Windows
#

---------------  S U M M A R Y ------------

Command Line: --enable-native-access=ALL-UNNAMED -Dclassworlds.conf=C:\Users\hungf\.m2\wrapper\dists\apache-maven-3.9.12\59fe215c0ad6947fea90184bf7add084544567b927287592651fda3782e0e798\bin\m2.conf -Dmaven.home=C:\Users\hungf\.m2\wrapper\dists\apache-maven-3.9.12\59fe215c0ad6947fea90184bf7add084544567b927287592651fda3782e0e798 -Dlibrary.jansi.path=C:\Users\hungf\.m2\wrapper\dists\apache-maven-3.9.12\59fe215c0ad6947fea90184bf7add084544567b927287592651fda3782e0e798\lib\jansi-native -Dmaven.multiModuleProjectDirectory=D:\Semester 7\SBA\BE\UniCode org.codehaus.plexus.classworlds.launcher.Launcher compile -DskipTests

Host: 11th Gen Intel(R) Core(TM) i5-11400H @ 2.70GHz, 12 cores, 15G,  Windows 11 , 64 bit Build 22621 (10.0.22621.3958)
Time: Mon Mar 16 00:23:04 2026 SE Asia Standard Time elapsed time: 7.921356 seconds (0d 0h 0m 7s)

---------------  T H R E A D  ---------------

Current thread (0x0000018e5f8c6f80):  JavaThread "C2 CompilerThread2" daemon [_thread_in_native, id=27772, stack(0x0000000fa2300000,0x0000000fa2400000) (1024K)]


Current CompileTask:
C2:7921 9706       4       com.sun.tools.javac.comp.Resolve::findType (549 bytes)

Stack: [0x0000000fa2300000,0x0000000fa2400000]
Native frames: (J=compiled Java code, j=interpreted, Vv=VM code, C=native code)
V  [jvm.dll+0x730739]  (no source info available)
V  [jvm.dll+0x8d9b23]  (no source info available)
V  [jvm.dll+0x8dc00d]  (no source info available)
V  [jvm.dll+0x8dc683]  (no source info available)
V  [jvm.dll+0x2aa086]  (no source info available)
V  [jvm.dll+0xcedef]  (no source info available)
V  [jvm.dll+0xcf04f]  (no source info available)
V  [jvm.dll+0x154d83]  (no source info available)
V  [jvm.dll+0x735f5f]  (no source info available)
V  [jvm.dll+0x26fa1c]  (no source info available)
V  [jvm.dll+0x26ea3f]  (no source info available)
V  [jvm.dll+0x1e9d60]  (no source info available)
V  [jvm.dll+0x27e1fb]  (no source info available)
V  [jvm.dll+0x27c49a]  (no source info available)
V  [jvm.dll+0x42f456]  (no source info available)
V  [jvm.dll+0x87d76b]  (no source info available)
V  [jvm.dll+0x72ee55]  (no source info available)
C  [ucrtbase.dll+0x29333]  (no source info available)
C  [KERNEL32.DLL+0x1257d]  (no source info available)
C  [ntdll.dll+0x5af08]  (no source info available)

Lock stack of current Java thread (top to bottom):


---------------  P R O C E S S  ---------------

Threads class SMR info:
_java_thread_list=0x0000018e5f93ca00, length=14, elements={
0x0000018e77913300, 0x0000018e7f551130, 0x0000018e7f552ae0, 0x0000018e7f5560b0,
0x0000018e7f558f80, 0x0000018e7f556e00, 0x0000018e19810090, 0x0000018e7f56bf20,
0x0000018e7f56dab0, 0x0000018e19977430, 0x0000018e1997afa0, 0x0000018e19a22bf0,
0x0000018e5f8c6f80, 0x0000018e5f9579b0
}

Java Threads: ( => current thread )
  0x0000018e77913300 JavaThread "main"                              [_thread_in_Java, id=5104, stack(0x0000000fa1000000,0x0000000fa1100000) (1024K)]
  0x0000018e7f551130 JavaThread "Reference Handler"          daemon [_thread_blocked, id=27016, stack(0x0000000fa1800000,0x0000000fa1900000) (1024K)]
  0x0000018e7f552ae0 JavaThread "Finalizer"                  daemon [_thread_blocked, id=5548, stack(0x0000000fa1900000,0x0000000fa1a00000) (1024K)]
  0x0000018e7f5560b0 JavaThread "Signal Dispatcher"          daemon [_thread_blocked, id=28408, stack(0x0000000fa1a00000,0x0000000fa1b00000) (1024K)]
  0x0000018e7f558f80 JavaThread "Attach Listener"            daemon [_thread_blocked, id=23424, stack(0x0000000fa1b00000,0x0000000fa1c00000) (1024K)]
  0x0000018e7f556e00 JavaThread "Service Thread"             daemon [_thread_blocked, id=18556, stack(0x0000000fa1c00000,0x0000000fa1d00000) (1024K)]
  0x0000018e19810090 JavaThread "Monitor Deflation Thread"   daemon [_thread_blocked, id=28000, stack(0x0000000fa1d00000,0x0000000fa1e00000) (1024K)]
  0x0000018e7f56bf20 JavaThread "C2 CompilerThread0"         daemon [_thread_in_native, id=28440, stack(0x0000000fa1e00000,0x0000000fa1f00000) (1024K)]
  0x0000018e7f56dab0 JavaThread "C1 CompilerThread0"         daemon [_thread_blocked, id=23556, stack(0x0000000fa1f00000,0x0000000fa2000000) (1024K)]
  0x0000018e19977430 JavaThread "Notification Thread"        daemon [_thread_blocked, id=2820, stack(0x0000000fa2000000,0x0000000fa2100000) (1024K)]
  0x0000018e1997afa0 JavaThread "Common-Cleaner"             daemon [_thread_blocked, id=13676, stack(0x0000000fa2100000,0x0000000fa2200000) (1024K)]
  0x0000018e19a22bf0 JavaThread "C2 CompilerThread1"         daemon [_thread_in_native, id=3616, stack(0x0000000fa2200000,0x0000000fa2300000) (1024K)]
=>0x0000018e5f8c6f80 JavaThread "C2 CompilerThread2"         daemon [_thread_in_native, id=27772, stack(0x0000000fa2300000,0x0000000fa2400000) (1024K)]
  0x0000018e5f9579b0 JavaThread "Thread-1"                   daemon [_thread_blocked, id=26664, stack(0x0000000fa2900000,0x0000000fa2a00000) (1024K)]
Total: 14

Other Threads:
  0x0000018e7f53f7c0 VMThread "VM Thread"                           [id=14088, stack(0x0000000fa1700000,0x0000000fa1800000) (1024K)]
  0x0000018e7f534680 WatcherThread "VM Periodic Task Thread"        [id=2552, stack(0x0000000fa1600000,0x0000000fa1700000) (1024K)]
  0x0000018e79c897d0 WorkerThread "GC Thread#0"                     [id=7188, stack(0x0000000fa1100000,0x0000000fa1200000) (1024K)]
  0x0000018e5fa6c480 WorkerThread "GC Thread#1"                     [id=19728, stack(0x0000000fa2400000,0x0000000fa2500000) (1024K)]
  0x0000018e5fa6c830 WorkerThread "GC Thread#2"                     [id=15852, stack(0x0000000fa2500000,0x0000000fa2600000) (1024K)]
  0x0000018e5fa6cff0 WorkerThread "GC Thread#3"                     [id=24072, stack(0x0000000fa2600000,0x0000000fa2700000) (1024K)]
  0x0000018e5fbc6ab0 WorkerThread "GC Thread#4"                     [id=26628, stack(0x0000000fa2700000,0x0000000fa2800000) (1024K)]
  0x0000018e5fbc6e60 WorkerThread "GC Thread#5"                     [id=27340, stack(0x0000000fa2800000,0x0000000fa2900000) (1024K)]
  0x0000018e5fef48c0 WorkerThread "GC Thread#6"                     [id=320, stack(0x0000000fa2a00000,0x0000000fa2b00000) (1024K)]
  0x0000018e5fef3a00 WorkerThread "GC Thread#7"                     [id=20236, stack(0x0000000fa2b00000,0x0000000fa2c00000) (1024K)]
  0x0000018e5fef3db0 WorkerThread "GC Thread#8"                     [id=25656, stack(0x0000000fa2c00000,0x0000000fa2d00000) (1024K)]
  0x0000018e60a2f880 WorkerThread "GC Thread#9"                     [id=6392, stack(0x0000000fa2d00000,0x0000000fa2e00000) (1024K)]
  0x0000018e79c9e550 ConcurrentGCThread "G1 Main Marker"            [id=23388, stack(0x0000000fa1200000,0x0000000fa1300000) (1024K)]
  0x0000018e79c9f060 WorkerThread "G1 Conc#0"                       [id=28544, stack(0x0000000fa1300000,0x0000000fa1400000) (1024K)]
  0x0000018e60a2d3a0 WorkerThread "G1 Conc#1"                       [id=28640, stack(0x0000000fa2e00000,0x0000000fa2f00000) (1024K)]
  0x0000018e60a2f120 WorkerThread "G1 Conc#2"                       [id=24064, stack(0x0000000fa2f00000,0x0000000fa3000000) (1024K)]
  0x0000018e79cde680 ConcurrentGCThread "G1 Refine#0"               [id=25300, stack(0x0000000fa1400000,0x0000000fa1500000) (1024K)]
  0x0000018e7f3f3260 ConcurrentGCThread "G1 Service"                [id=10184, stack(0x0000000fa1500000,0x0000000fa1600000) (1024K)]
Total: 18

Threads with active compile tasks:
C2 CompilerThread0  7960 10383       4       org.mapstruct.ap.shaded.freemarker.core.Environment::getGlobalVariable (39 bytes)
C2 CompilerThread1  7960 10350       4       org.mapstruct.ap.internal.model.common.Type::<init> (415 bytes)
C2 CompilerThread2  7960 9706       4       com.sun.tools.javac.comp.Resolve::findType (549 bytes)
Total: 3

VM state: not at safepoint (normal execution)

VM Mutex/Monitor currently owned by a thread: None

Heap address: 0x0000000703600000, size: 4042 MB, Compressed Oops mode: Zero based, Oop shift amount: 3

CDS archive(s) mapped at: [0x0000018e1a000000-0x0000018e1ad40000-0x0000018e1ad40000), size 13893632, SharedBaseAddress: 0x0000018e1a000000, ArchiveRelocationMode: 1.
Compressed class space mapped at: 0x0000018e1b000000-0x0000018e5b000000, reserved size: 1073741824
UseCompressedClassPointers 1, UseCompactObjectHeaders 0
Narrow klass pointer bits 32, Max shift 3
Narrow klass base: 0x0000018e1a000000, Narrow klass shift: 0
Encoding Range: [0x0000018e1a000000 - 0x0000018f1a000000), (4294967296 bytes)
Klass Range:    [0x0000018e1a000000 - 0x0000018e5b000000), (1090519040 bytes)
Klass ID Range:  [8 - 1090519033) (1090519025)

GC Precious Log:
 CardTable entry size: 512
 Card Set container configuration: InlinePtr #cards 4 size 8 Array Of Cards #cards 16 size 48 Howl #buckets 8 coarsen threshold 3686 Howl Bitmap #cards 512 size 80 coarsen threshold 460 Card regions per heap region 1 cards per card region 4096
 CPUs: 12 total, 12 available
 Memory: 16163M
 Large Page Support: Disabled
 NUMA Support: Disabled
 Compressed Oops: Enabled (Zero based)
 Heap Region Size: 2M
 Heap Min Capacity: 8M
 Heap Initial Capacity: 254M
 Heap Max Capacity: 4042M
 Pre-touch: Disabled
 Parallel Workers: 10
 Concurrent Workers: 3
 Concurrent Refinement Workers: 10
 Periodic GC: Disabled

Heap:
 garbage-first heap   total reserved 4139008K, committed 210944K, used 108852K [0x0000000703600000, 0x0000000800000000)
  region size 2048K, 24 young (49152K), 3 survivors (6144K)
 Metaspace       used 36208K, committed 36800K, reserved 1114112K
  class space    used 3547K, committed 3776K, reserved 1048576K

Heap Regions: E=young(eden), S=young(survivor), O=old, HS=humongous(starts), HC=humongous(continues), CS=collection set, F=free, TAMS=top-at-mark-start, PB=parsable bottom
|   0|0x0000000703600000, 0x0000000703800000, 0x0000000703800000|100%| O|  |TAMS 0x0000000703600000| PB 0x0000000703600000| Untracked |  0
|   1|0x0000000703800000, 0x0000000703a00000, 0x0000000703a00000|100%| O|  |TAMS 0x0000000703800000| PB 0x0000000703800000| Untracked |  0
|   2|0x0000000703a00000, 0x0000000703c00000, 0x0000000703c00000|100%| O|  |TAMS 0x0000000703a00000| PB 0x0000000703a00000| Untracked |  0
|   3|0x0000000703c00000, 0x0000000703e00000, 0x0000000703e00000|100%| O|  |TAMS 0x0000000703c00000| PB 0x0000000703c00000| Untracked |  0
|   4|0x0000000703e00000, 0x0000000704000000, 0x0000000704000000|100%| O|  |TAMS 0x0000000703e00000| PB 0x0000000703e00000| Untracked |  0
|   5|0x0000000704000000, 0x0000000704200000, 0x0000000704200000|100%| O|  |TAMS 0x0000000704000000| PB 0x0000000704000000| Untracked |  0
|   6|0x0000000704200000, 0x0000000704400000, 0x0000000704400000|100%| O|  |TAMS 0x0000000704200000| PB 0x0000000704200000| Untracked |  0
|   7|0x0000000704400000, 0x0000000704600000, 0x0000000704600000|100%| O|  |TAMS 0x0000000704400000| PB 0x0000000704400000| Untracked |  0
|   8|0x0000000704600000, 0x0000000704800000, 0x0000000704800000|100%| O|  |TAMS 0x0000000704600000| PB 0x0000000704600000| Untracked |  0
|   9|0x0000000704800000, 0x0000000704a00000, 0x0000000704a00000|100%| O|  |TAMS 0x0000000704800000| PB 0x0000000704800000| Untracked |  0
|  10|0x0000000704a00000, 0x0000000704c00000, 0x0000000704c00000|100%| O|  |TAMS 0x0000000704a00000| PB 0x0000000704a00000| Untracked |  0
|  11|0x0000000704c00000, 0x0000000704e00000, 0x0000000704e00000|100%| O|  |TAMS 0x0000000704c00000| PB 0x0000000704c00000| Untracked |  0
|  12|0x0000000704e00000, 0x0000000705000000, 0x0000000705000000|100%| O|  |TAMS 0x0000000704e00000| PB 0x0000000704e00000| Untracked |  0
|  13|0x0000000705000000, 0x0000000705200000, 0x0000000705200000|100%| O|  |TAMS 0x0000000705000000| PB 0x0000000705000000| Untracked |  0
|  14|0x0000000705200000, 0x0000000705400000, 0x0000000705400000|100%| O|  |TAMS 0x0000000705200000| PB 0x0000000705200000| Untracked |  0
|  15|0x0000000705400000, 0x0000000705600000, 0x0000000705600000|100%| O|  |TAMS 0x0000000705400000| PB 0x0000000705400000| Untracked |  0
|  16|0x0000000705600000, 0x0000000705800000, 0x0000000705800000|100%| O|  |TAMS 0x0000000705600000| PB 0x0000000705600000| Untracked |  0
|  17|0x0000000705800000, 0x0000000705a00000, 0x0000000705a00000|100%| O|  |TAMS 0x0000000705800000| PB 0x0000000705800000| Untracked |  0
|  18|0x0000000705a00000, 0x0000000705c00000, 0x0000000705c00000|100%| O|  |TAMS 0x0000000705a00000| PB 0x0000000705a00000| Untracked |  0
|  19|0x0000000705c00000, 0x0000000705c37df0, 0x0000000705e00000| 10%| O|  |TAMS 0x0000000705c00000| PB 0x0000000705c00000| Untracked |  0
|  20|0x0000000705e00000, 0x0000000705e00000, 0x0000000706000000|  0%| F|  |TAMS 0x0000000705e00000| PB 0x0000000705e00000| Untracked |  0
|  21|0x0000000706000000, 0x0000000706000000, 0x0000000706200000|  0%| F|  |TAMS 0x0000000706000000| PB 0x0000000706000000| Untracked |  0
|  22|0x0000000706200000, 0x0000000706200000, 0x0000000706400000|  0%| F|  |TAMS 0x0000000706200000| PB 0x0000000706200000| Untracked |  0
|  23|0x0000000706400000, 0x0000000706400000, 0x0000000706600000|  0%| F|  |TAMS 0x0000000706400000| PB 0x0000000706400000| Untracked |  0
|  24|0x0000000706600000, 0x0000000706600000, 0x0000000706800000|  0%| F|  |TAMS 0x0000000706600000| PB 0x0000000706600000| Untracked |  0
|  25|0x0000000706800000, 0x0000000706800000, 0x0000000706a00000|  0%| F|  |TAMS 0x0000000706800000| PB 0x0000000706800000| Untracked |  0
|  26|0x0000000706a00000, 0x0000000706a00000, 0x0000000706c00000|  0%| F|  |TAMS 0x0000000706a00000| PB 0x0000000706a00000| Untracked |  0
|  27|0x0000000706c00000, 0x0000000706c00000, 0x0000000706e00000|  0%| F|  |TAMS 0x0000000706c00000| PB 0x0000000706c00000| Untracked |  0
|  28|0x0000000706e00000, 0x0000000706e00000, 0x0000000707000000|  0%| F|  |TAMS 0x0000000706e00000| PB 0x0000000706e00000| Untracked |  0
|  29|0x0000000707000000, 0x0000000707000000, 0x0000000707200000|  0%| F|  |TAMS 0x0000000707000000| PB 0x0000000707000000| Untracked |  0
|  30|0x0000000707200000, 0x0000000707200000, 0x0000000707400000|  0%| F|  |TAMS 0x0000000707200000| PB 0x0000000707200000| Untracked |  0
|  31|0x0000000707400000, 0x0000000707400000, 0x0000000707600000|  0%| F|  |TAMS 0x0000000707400000| PB 0x0000000707400000| Untracked |  0
|  32|0x0000000707600000, 0x0000000707600000, 0x0000000707800000|  0%| F|  |TAMS 0x0000000707600000| PB 0x0000000707600000| Untracked |  0
|  33|0x0000000707800000, 0x0000000707a00000, 0x0000000707a00000|100%|HS|  |TAMS 0x0000000707800000| PB 0x0000000707800000| Complete |  0
|  34|0x0000000707a00000, 0x0000000707c00000, 0x0000000707c00000|100%| O|  |TAMS 0x0000000707a00000| PB 0x0000000707a00000| Untracked |  0
|  35|0x0000000707c00000, 0x0000000707e00000, 0x0000000707e00000|100%| O|  |TAMS 0x0000000707c00000| PB 0x0000000707c00000| Untracked |  0
|  36|0x0000000707e00000, 0x0000000708000000, 0x0000000708000000|100%| O|  |TAMS 0x0000000707e00000| PB 0x0000000707e00000| Untracked |  0
|  37|0x0000000708000000, 0x0000000708200000, 0x0000000708200000|100%| O|  |TAMS 0x0000000708000000| PB 0x0000000708000000| Untracked |  0
|  38|0x0000000708200000, 0x0000000708400000, 0x0000000708400000|100%| O|  |TAMS 0x0000000708200000| PB 0x0000000708200000| Untracked |  0
|  39|0x0000000708400000, 0x0000000708600000, 0x0000000708600000|100%| O|  |TAMS 0x0000000708400000| PB 0x0000000708400000| Untracked |  0
|  40|0x0000000708600000, 0x000000070873a700, 0x0000000708800000| 61%| O|Cm|TAMS 0x0000000708600000| PB 0x0000000708600000| Complete |  0
|  41|0x0000000708800000, 0x0000000708800000, 0x0000000708a00000|  0%| F|  |TAMS 0x0000000708800000| PB 0x0000000708800000| Untracked |  0
|  42|0x0000000708a00000, 0x0000000708a00000, 0x0000000708c00000|  0%| F|  |TAMS 0x0000000708a00000| PB 0x0000000708a00000| Untracked |  0
|  43|0x0000000708c00000, 0x0000000708c00000, 0x0000000708e00000|  0%| F|  |TAMS 0x0000000708c00000| PB 0x0000000708c00000| Untracked |  0
|  44|0x0000000708e00000, 0x0000000708e00000, 0x0000000709000000|  0%| F|  |TAMS 0x0000000708e00000| PB 0x0000000708e00000| Untracked |  0
|  45|0x0000000709000000, 0x0000000709000000, 0x0000000709200000|  0%| F|  |TAMS 0x0000000709000000| PB 0x0000000709000000| Untracked |  0
|  46|0x0000000709200000, 0x0000000709200000, 0x0000000709400000|  0%| F|  |TAMS 0x0000000709200000| PB 0x0000000709200000| Untracked |  0
|  47|0x0000000709400000, 0x0000000709400000, 0x0000000709600000|  0%| F|  |TAMS 0x0000000709400000| PB 0x0000000709400000| Untracked |  0
|  48|0x0000000709600000, 0x0000000709600000, 0x0000000709800000|  0%| F|  |TAMS 0x0000000709600000| PB 0x0000000709600000| Untracked |  0
|  49|0x0000000709800000, 0x0000000709800000, 0x0000000709a00000|  0%| F|  |TAMS 0x0000000709800000| PB 0x0000000709800000| Untracked |  0
|  50|0x0000000709a00000, 0x0000000709a00000, 0x0000000709c00000|  0%| F|  |TAMS 0x0000000709a00000| PB 0x0000000709a00000| Untracked |  0
|  51|0x0000000709c00000, 0x0000000709c00000, 0x0000000709e00000|  0%| F|  |TAMS 0x0000000709c00000| PB 0x0000000709c00000| Untracked |  0
|  52|0x0000000709e00000, 0x0000000709e00000, 0x000000070a000000|  0%| F|  |TAMS 0x0000000709e00000| PB 0x0000000709e00000| Untracked |  0
|  53|0x000000070a000000, 0x000000070a000000, 0x000000070a200000|  0%| F|  |TAMS 0x000000070a000000| PB 0x000000070a000000| Untracked |  0
|  54|0x000000070a200000, 0x000000070a200000, 0x000000070a400000|  0%| F|  |TAMS 0x000000070a200000| PB 0x000000070a200000| Untracked |  0
|  55|0x000000070a400000, 0x000000070a400000, 0x000000070a600000|  0%| F|  |TAMS 0x000000070a400000| PB 0x000000070a400000| Untracked |  0
|  56|0x000000070a600000, 0x000000070a600000, 0x000000070a800000|  0%| F|  |TAMS 0x000000070a600000| PB 0x000000070a600000| Untracked |  0
|  57|0x000000070a800000, 0x000000070a800000, 0x000000070aa00000|  0%| F|  |TAMS 0x000000070a800000| PB 0x000000070a800000| Untracked |  0
|  58|0x000000070aa00000, 0x000000070aa00000, 0x000000070ac00000|  0%| F|  |TAMS 0x000000070aa00000| PB 0x000000070aa00000| Untracked |  0
|  59|0x000000070ac00000, 0x000000070ac00000, 0x000000070ae00000|  0%| F|  |TAMS 0x000000070ac00000| PB 0x000000070ac00000| Untracked |  0
|  60|0x000000070ae00000, 0x000000070ae00000, 0x000000070b000000|  0%| F|  |TAMS 0x000000070ae00000| PB 0x000000070ae00000| Untracked |  0
|  61|0x000000070b000000, 0x000000070b000000, 0x000000070b200000|  0%| F|  |TAMS 0x000000070b000000| PB 0x000000070b000000| Untracked |  0
|  62|0x000000070b200000, 0x000000070b200000, 0x000000070b400000|  0%| F|  |TAMS 0x000000070b200000| PB 0x000000070b200000| Untracked |  0
|  63|0x000000070b400000, 0x000000070b4dab70, 0x000000070b600000| 42%| S|CS|TAMS 0x000000070b400000| PB 0x000000070b400000| Complete |  0
|  64|0x000000070b600000, 0x000000070b800000, 0x000000070b800000|100%| S|CS|TAMS 0x000000070b600000| PB 0x000000070b600000| Complete |  0
|  65|0x000000070b800000, 0x000000070ba00000, 0x000000070ba00000|100%| S|CS|TAMS 0x000000070b800000| PB 0x000000070b800000| Complete |  0
|  66|0x000000070ba00000, 0x000000070ba00000, 0x000000070bc00000|  0%| F|  |TAMS 0x000000070ba00000| PB 0x000000070ba00000| Untracked |  0
|  67|0x000000070bc00000, 0x000000070bc00000, 0x000000070be00000|  0%| F|  |TAMS 0x000000070bc00000| PB 0x000000070bc00000| Untracked |  0
|  68|0x000000070be00000, 0x000000070be00000, 0x000000070c000000|  0%| F|  |TAMS 0x000000070be00000| PB 0x000000070be00000| Untracked |  0
|  69|0x000000070c000000, 0x000000070c000000, 0x000000070c200000|  0%| F|  |TAMS 0x000000070c000000| PB 0x000000070c000000| Untracked |  0
|  70|0x000000070c200000, 0x000000070c200000, 0x000000070c400000|  0%| F|  |TAMS 0x000000070c200000| PB 0x000000070c200000| Untracked |  0
|  71|0x000000070c400000, 0x000000070c400000, 0x000000070c600000|  0%| F|  |TAMS 0x000000070c400000| PB 0x000000070c400000| Untracked |  0
|  72|0x000000070c600000, 0x000000070c600000, 0x000000070c800000|  0%| F|  |TAMS 0x000000070c600000| PB 0x000000070c600000| Untracked |  0
|  73|0x000000070c800000, 0x000000070c800000, 0x000000070ca00000|  0%| F|  |TAMS 0x000000070c800000| PB 0x000000070c800000| Untracked |  0
|  74|0x000000070ca00000, 0x000000070ca00000, 0x000000070cc00000|  0%| F|  |TAMS 0x000000070ca00000| PB 0x000000070ca00000| Untracked |  0
|  75|0x000000070cc00000, 0x000000070cc00000, 0x000000070ce00000|  0%| F|  |TAMS 0x000000070cc00000| PB 0x000000070cc00000| Untracked |  0
|  76|0x000000070ce00000, 0x000000070ce00000, 0x000000070d000000|  0%| F|  |TAMS 0x000000070ce00000| PB 0x000000070ce00000| Untracked |  0
|  77|0x000000070d000000, 0x000000070d000000, 0x000000070d200000|  0%| F|  |TAMS 0x000000070d000000| PB 0x000000070d000000| Untracked |  0
|  78|0x000000070d200000, 0x000000070d300000, 0x000000070d400000| 50%| E|  |TAMS 0x000000070d200000| PB 0x000000070d200000| Complete |  0
|  79|0x000000070d400000, 0x000000070d600000, 0x000000070d600000|100%| E|CS|TAMS 0x000000070d400000| PB 0x000000070d400000| Complete |  0
|  80|0x000000070d600000, 0x000000070d800000, 0x000000070d800000|100%| E|CS|TAMS 0x000000070d600000| PB 0x000000070d600000| Complete |  0
|  81|0x000000070d800000, 0x000000070da00000, 0x000000070da00000|100%| E|CS|TAMS 0x000000070d800000| PB 0x000000070d800000| Complete |  0
|  82|0x000000070da00000, 0x000000070dc00000, 0x000000070dc00000|100%| E|CS|TAMS 0x000000070da00000| PB 0x000000070da00000| Complete |  0
|  83|0x000000070dc00000, 0x000000070de00000, 0x000000070de00000|100%| E|CS|TAMS 0x000000070dc00000| PB 0x000000070dc00000| Complete |  0
|  84|0x000000070de00000, 0x000000070e000000, 0x000000070e000000|100%| E|CS|TAMS 0x000000070de00000| PB 0x000000070de00000| Complete |  0
|  85|0x000000070e000000, 0x000000070e200000, 0x000000070e200000|100%| E|CS|TAMS 0x000000070e000000| PB 0x000000070e000000| Complete |  0
|  86|0x000000070e200000, 0x000000070e400000, 0x000000070e400000|100%| E|CS|TAMS 0x000000070e200000| PB 0x000000070e200000| Complete |  0
|  87|0x000000070e400000, 0x000000070e600000, 0x000000070e600000|100%| E|CS|TAMS 0x000000070e400000| PB 0x000000070e400000| Complete |  0
|  88|0x000000070e600000, 0x000000070e800000, 0x000000070e800000|100%| E|CS|TAMS 0x000000070e600000| PB 0x000000070e600000| Complete |  0
|  89|0x000000070e800000, 0x000000070ea00000, 0x000000070ea00000|100%| E|CS|TAMS 0x000000070e800000| PB 0x000000070e800000| Complete |  0
|  90|0x000000070ea00000, 0x000000070ec00000, 0x000000070ec00000|100%| E|CS|TAMS 0x000000070ea00000| PB 0x000000070ea00000| Complete |  0
|  91|0x000000070ec00000, 0x000000070ee00000, 0x000000070ee00000|100%| E|CS|TAMS 0x000000070ec00000| PB 0x000000070ec00000| Complete |  0
|  92|0x000000070ee00000, 0x000000070f000000, 0x000000070f000000|100%| E|CS|TAMS 0x000000070ee00000| PB 0x000000070ee00000| Complete |  0
|  93|0x000000070f000000, 0x000000070f200000, 0x000000070f200000|100%| E|CS|TAMS 0x000000070f000000| PB 0x000000070f000000| Complete |  0
|  94|0x000000070f200000, 0x000000070f400000, 0x000000070f400000|100%| E|CS|TAMS 0x000000070f200000| PB 0x000000070f200000| Complete |  0
|  95|0x000000070f400000, 0x000000070f600000, 0x000000070f600000|100%| E|CS|TAMS 0x000000070f400000| PB 0x000000070f400000| Complete |  0
|  96|0x000000070f600000, 0x000000070f800000, 0x000000070f800000|100%| E|CS|TAMS 0x000000070f600000| PB 0x000000070f600000| Complete |  0
| 126|0x0000000713200000, 0x0000000713400000, 0x0000000713400000|100%| E|CS|TAMS 0x0000000713200000| PB 0x0000000713200000| Complete |  0
|2016|0x00000007ff600000, 0x00000007ff800000, 0x00000007ff800000|100%| O|  |TAMS 0x00000007ff600000| PB 0x00000007ff600000| Untracked |  0
|2017|0x00000007ff800000, 0x00000007ffa00000, 0x00000007ffa00000|100%| O|  |TAMS 0x00000007ff800000| PB 0x00000007ff800000| Untracked |  0
|2018|0x00000007ffa00000, 0x00000007ffc00000, 0x00000007ffc00000|100%| O|  |TAMS 0x00000007ffa00000| PB 0x00000007ffa00000| Untracked |  0
|2019|0x00000007ffc00000, 0x00000007ffe00000, 0x00000007ffe00000|100%| O|  |TAMS 0x00000007ffc00000| PB 0x00000007ffc00000| Untracked |  0
|2020|0x00000007ffe00000, 0x0000000800000000, 0x0000000800000000|100%| E|CS|TAMS 0x00000007ffe00000| PB 0x00000007ffe00000| Complete |  0

Card table byte_map: [0x0000018e7aa20000,0x0000018e7b210000] _byte_map_base: 0x0000018e77205000

Marking Bits: (CMBitMap*) 0x0000018e79c89ee0
 Bits: [0x0000018e7b210000, 0x0000018e7f138000)

Polling page: 0x0000018e77ad0000

Metaspace:

Usage:
  Non-class:     31.90 MB used.
      Class:      3.46 MB used.
       Both:     35.36 MB used.

Virtual space:
  Non-class space:       64.00 MB reserved,      32.25 MB ( 50%) committed,  1 nodes.
      Class space:        1.00 GB reserved,       3.69 MB ( <1%) committed,  1 nodes.
             Both:        1.06 GB reserved,      35.94 MB (  3%) committed. 

Chunk freelists:
   Non-Class:  15.67 MB
       Class:  12.12 MB
        Both:  27.80 MB

MaxMetaspaceSize: unlimited
CompressedClassSpaceSize: 1.00 GB
Initial GC threshold: 21.00 MB
Current GC threshold: 59.31 MB
CDS: on
 - commit_granule_bytes: 65536.
 - commit_granule_words: 8192.
 - virtual_space_node_default_size: 8388608.
 - enlarge_chunks_in_place: 1.
UseCompressedClassPointers 1, UseCompactObjectHeaders 0
Narrow klass pointer bits 32, Max shift 3
Narrow klass base: 0x0000018e1a000000, Narrow klass shift: 0
Encoding Range: [0x0000018e1a000000 - 0x0000018f1a000000), (4294967296 bytes)
Klass Range:    [0x0000018e1a000000 - 0x0000018e5b000000), (1090519040 bytes)
Klass ID Range:  [8 - 1090519033) (1090519025)


Internal statistics:

num_allocs_failed_limit: 6.
num_arena_births: 612.
num_arena_deaths: 0.
num_vsnodes_births: 2.
num_vsnodes_deaths: 0.
num_space_committed: 574.
num_space_uncommitted: 0.
num_chunks_returned_to_freelist: 6.
num_chunks_taken_from_freelist: 2051.
num_chunk_merges: 6.
num_chunk_splits: 1377.
num_chunks_enlarged: 972.
num_inconsistent_stats: 0.

CodeHeap 'non-profiled nmethods': size=120064Kb used=5224Kb max_used=5361Kb free=114840Kb
 bounds [0x0000018e102a0000, 0x0000018e107f0000, 0x0000018e177e0000]
CodeHeap 'profiled nmethods': size=120000Kb used=17618Kb max_used=18782Kb free=102381Kb
 bounds [0x0000018e087e0000, 0x0000018e09a40000, 0x0000018e0fd10000]
CodeHeap 'non-nmethods': size=5696Kb used=1583Kb max_used=1725Kb free=4113Kb
 bounds [0x0000018e0fd10000, 0x0000018e0ff80000, 0x0000018e102a0000]
CodeCache: size=245760Kb, used=24425Kb, max_used=25868Kb, free=221334Kb
 total_blobs=10076, nmethods=9474, adapters=506, full_count=0
Compilation: enabled, stopped_count=0, restarted_count=0

Compilation events (20 events):
Event: 7.911 Thread 0x0000018e7f56dab0 10358       3       org.mapstruct.ap.internal.gem.MappingControlGem$BuilderImpl::<init> (5 bytes)
Event: 7.911 Thread 0x0000018e7f56dab0 nmethod 10358 0x0000018e08ab9888 code [0x0000018e08ab99a0, 0x0000018e08ab9b60]
Event: 7.911 Thread 0x0000018e7f56dab0 10359       3       org.mapstruct.ap.internal.gem.MappingControlGem$BuilderImpl::<init> (5 bytes)
Event: 7.911 Thread 0x0000018e7f56dab0 nmethod 10359 0x0000018e08dcb788 code [0x0000018e08dcb8a0, 0x0000018e08dcba00]
Event: 7.911 Thread 0x0000018e7f56dab0 10361       3       org.mapstruct.ap.internal.gem.MappingControlGem$$Lambda/0x0000018e1b349c18::<init> (10 bytes)
Event: 7.911 Thread 0x0000018e7f56dab0 nmethod 10361 0x0000018e08ab9588 code [0x0000018e08ab96a0, 0x0000018e08ab9860]
Event: 7.911 Thread 0x0000018e7f56dab0 10362       1       org.mapstruct.ap.internal.model.beanmapping.PropertyEntry::getPresenceChecker (5 bytes)
Event: 7.911 Thread 0x0000018e7f56dab0 nmethod 10362 0x0000018e10401388 code [0x0000018e10401480, 0x0000018e10401548]
Event: 7.911 Thread 0x0000018e7f56dab0 10365       1       org.mapstruct.ap.internal.model.common.Type::getName (5 bytes)
Event: 7.911 Thread 0x0000018e7f56dab0 nmethod 10365 0x0000018e10401088 code [0x0000018e10401180, 0x0000018e10401248]
Event: 7.913 Thread 0x0000018e7f56dab0 10366       1       org.mapstruct.ap.internal.model.source.SelectionParameters::getResultType (5 bytes)
Event: 7.913 Thread 0x0000018e7f56dab0 nmethod 10366 0x0000018e10400d88 code [0x0000018e10400e80, 0x0000018e10400f48]
Event: 7.919 Thread 0x0000018e7f56dab0 10368       1       org.mapstruct.ap.internal.model.source.SelectionParameters::getSourceRHS (5 bytes)
Event: 7.919 Thread 0x0000018e7f56bf20 nmethod 10349 0x0000018e1032f208 code [0x0000018e1032f4e0, 0x0000018e103312e0]
Event: 7.919 Thread 0x0000018e7f56dab0 nmethod 10368 0x0000018e10400a88 code [0x0000018e10400b80, 0x0000018e10400c48]
Event: 7.920 Thread 0x0000018e7f56bf20 10364       4       com.sun.tools.javac.code.Type::isInterface (22 bytes)
Event: 7.920 Thread 0x0000018e7f56dab0 10369       1       org.mapstruct.ap.internal.gem.MapperGem::builder (5 bytes)
Event: 7.920 Thread 0x0000018e7f56dab0 nmethod 10369 0x0000018e10400588 code [0x0000018e10400680, 0x0000018e10400748]
Event: 7.920 Thread 0x0000018e7f56dab0 10370       1       org.mapstruct.ap.internal.model.source.DefaultOptions::getBuilder (2 bytes)
Event: 7.920 Thread 0x0000018e7f56dab0 nmethod 10370 0x0000018e103fe688 code [0x0000018e103fe7a0, 0x0000018e103fe870]

GC Heap History (20 events):
Event: 2.983 GC heap before
{Heap before GC invocations=2 (full 0):
 garbage-first heap   total reserved 4139008K, committed 262144K, used 172116K [0x0000000703600000, 0x0000000800000000)
  region size 2048K, 51 young (104448K), 8 survivors (16384K)
 Metaspace       used 21230K, committed 21504K, reserved 1114112K
  class space    used 2035K, committed 2176K, reserved 1048576K
}
Event: 2.999 GC heap after
{Heap after GC invocations=3 (full 0):
 garbage-first heap   total reserved 4139008K, committed 262144K, used 26804K [0x0000000703600000, 0x0000000800000000)
  region size 2048K, 4 young (8192K), 4 survivors (8192K)
 Metaspace       used 21230K, committed 21504K, reserved 1114112K
  class space    used 2035K, committed 2176K, reserved 1048576K
}
Event: 4.018 GC heap before
{Heap before GC invocations=4 (full 0):
 garbage-first heap   total reserved 4139008K, committed 96256K, used 94388K [0x0000000703600000, 0x0000000800000000)
  region size 2048K, 37 young (75776K), 4 survivors (8192K)
 Metaspace       used 26282K, committed 26624K, reserved 1114112K
  class space    used 2547K, committed 2688K, reserved 1048576K
}
Event: 4.041 GC heap after
{Heap after GC invocations=5 (full 0):
 garbage-first heap   total reserved 4139008K, committed 122880K, used 42922K [0x0000000703600000, 0x0000000800000000)
  region size 2048K, 9 young (18432K), 9 survivors (18432K)
 Metaspace       used 26282K, committed 26624K, reserved 1114112K
  class space    used 2547K, committed 2688K, reserved 1048576K
}
Event: 4.605 GC heap before
{Heap before GC invocations=5 (full 0):
 garbage-first heap   total reserved 4139008K, committed 122880K, used 87978K [0x0000000703600000, 0x0000000800000000)
  region size 2048K, 31 young (63488K), 9 survivors (18432K)
 Metaspace       used 26656K, committed 27008K, reserved 1114112K
  class space    used 2550K, committed 2688K, reserved 1048576K
}
Event: 4.644 GC heap after
{Heap after GC invocations=6 (full 0):
 garbage-first heap   total reserved 4139008K, committed 122880K, used 50197K [0x0000000703600000, 0x0000000800000000)
  region size 2048K, 3 young (6144K), 3 survivors (6144K)
 Metaspace       used 26656K, committed 27008K, reserved 1114112K
  class space    used 2550K, committed 2688K, reserved 1048576K
}
Event: 5.256 GC heap before
{Heap before GC invocations=6 (full 0):
 garbage-first heap   total reserved 4139008K, committed 122880K, used 95253K [0x0000000703600000, 0x0000000800000000)
  region size 2048K, 25 young (51200K), 3 survivors (6144K)
 Metaspace       used 28666K, committed 29056K, reserved 1114112K
  class space    used 2730K, committed 2880K, reserved 1048576K
}
Event: 5.269 GC heap after
{Heap after GC invocations=7 (full 0):
 garbage-first heap   total reserved 4139008K, committed 122880K, used 52146K [0x0000000703600000, 0x0000000800000000)
  region size 2048K, 2 young (4096K), 2 survivors (4096K)
 Metaspace       used 28666K, committed 29056K, reserved 1114112K
  class space    used 2730K, committed 2880K, reserved 1048576K
}
Event: 5.757 GC heap before
{Heap before GC invocations=7 (full 0):
 garbage-first heap   total reserved 4139008K, committed 122880K, used 95154K [0x0000000703600000, 0x0000000800000000)
  region size 2048K, 24 young (49152K), 2 survivors (4096K)
 Metaspace       used 29744K, committed 30272K, reserved 1114112K
  class space    used 2870K, committed 3136K, reserved 1048576K
}
Event: 5.764 GC heap after
{Heap after GC invocations=8 (full 0):
 garbage-first heap   total reserved 4139008K, committed 122880K, used 53481K [0x0000000703600000, 0x0000000800000000)
  region size 2048K, 2 young (4096K), 2 survivors (4096K)
 Metaspace       used 29744K, committed 30272K, reserved 1114112K
  class space    used 2870K, committed 3136K, reserved 1048576K
}
Event: 6.136 GC heap before
{Heap before GC invocations=8 (full 0):
 garbage-first heap   total reserved 4139008K, committed 122880K, used 100585K [0x0000000703600000, 0x0000000800000000)
  region size 2048K, 25 young (51200K), 2 survivors (4096K)
 Metaspace       used 30021K, committed 30592K, reserved 1114112K
  class space    used 2888K, committed 3136K, reserved 1048576K
}
Event: 6.152 GC heap after
{Heap after GC invocations=9 (full 0):
 garbage-first heap   total reserved 4139008K, committed 155648K, used 55307K [0x0000000703600000, 0x0000000800000000)
  region size 2048K, 3 young (6144K), 3 survivors (6144K)
 Metaspace       used 30021K, committed 30592K, reserved 1114112K
  class space    used 2888K, committed 3136K, reserved 1048576K
}
Event: 6.592 GC heap before
{Heap before GC invocations=9 (full 0):
 garbage-first heap   total reserved 4139008K, committed 155648K, used 126987K [0x0000000703600000, 0x0000000800000000)
  region size 2048K, 38 young (77824K), 3 survivors (6144K)
 Metaspace       used 30132K, committed 30720K, reserved 1114112K
  class space    used 2897K, committed 3136K, reserved 1048576K
}
Event: 6.607 GC heap after
{Heap after GC invocations=10 (full 0):
 garbage-first heap   total reserved 4139008K, committed 155648K, used 59862K [0x0000000703600000, 0x0000000800000000)
  region size 2048K, 4 young (8192K), 4 survivors (8192K)
 Metaspace       used 30132K, committed 30720K, reserved 1114112K
  class space    used 2897K, committed 3136K, reserved 1048576K
}
Event: 6.869 GC heap before
{Heap before GC invocations=10 (full 0):
 garbage-first heap   total reserved 4139008K, committed 155648K, used 131542K [0x0000000703600000, 0x0000000800000000)
  region size 2048K, 39 young (79872K), 4 survivors (8192K)
 Metaspace       used 30215K, committed 30848K, reserved 1114112K
  class space    used 2901K, committed 3200K, reserved 1048576K
}
Event: 6.883 GC heap after
{Heap after GC invocations=11 (full 0):
 garbage-first heap   total reserved 4139008K, committed 155648K, used 63063K [0x0000000703600000, 0x0000000800000000)
  region size 2048K, 4 young (8192K), 4 survivors (8192K)
 Metaspace       used 30215K, committed 30848K, reserved 1114112K
  class space    used 2901K, committed 3200K, reserved 1048576K
}
Event: 7.439 GC heap before
{Heap before GC invocations=11 (full 0):
 garbage-first heap   total reserved 4139008K, committed 155648K, used 132695K [0x0000000703600000, 0x0000000800000000)
  region size 2048K, 38 young (77824K), 4 survivors (8192K)
 Metaspace       used 35487K, committed 36096K, reserved 1114112K
  class space    used 3512K, committed 3776K, reserved 1048576K
}
Event: 7.451 GC heap after
{Heap after GC invocations=12 (full 0):
 garbage-first heap   total reserved 4139008K, committed 155648K, used 66432K [0x0000000703600000, 0x0000000800000000)
  region size 2048K, 4 young (8192K), 4 survivors (8192K)
 Metaspace       used 35487K, committed 36096K, reserved 1114112K
  class space    used 3512K, committed 3776K, reserved 1048576K
}
Event: 7.534 GC heap before
{Heap before GC invocations=12 (full 0):
 garbage-first heap   total reserved 4139008K, committed 155648K, used 76672K [0x0000000703600000, 0x0000000800000000)
  region size 2048K, 10 young (20480K), 4 survivors (8192K)
 Metaspace       used 35757K, committed 36288K, reserved 1114112K
  class space    used 3528K, committed 3776K, reserved 1048576K
}
Event: 7.540 GC heap after
{Heap after GC invocations=13 (full 0):
 garbage-first heap   total reserved 4139008K, committed 210944K, used 67892K [0x0000000703600000, 0x0000000800000000)
  region size 2048K, 3 young (6144K), 3 survivors (6144K)
 Metaspace       used 35757K, committed 36288K, reserved 1114112K
  class space    used 3528K, committed 3776K, reserved 1048576K
}

Dll operation events (8 events):
Event: 0.005 Loaded shared library C:\Program Files\Java\jdk-24\bin\java.dll
Event: 0.029 Loaded shared library C:\Program Files\Java\jdk-24\bin\jsvml.dll
Event: 0.037 Loaded shared library C:\Program Files\Java\jdk-24\bin\net.dll
Event: 0.038 Loaded shared library C:\Program Files\Java\jdk-24\bin\nio.dll
Event: 0.041 Loaded shared library C:\Program Files\Java\jdk-24\bin\zip.dll
Event: 0.130 Loaded shared library C:\Program Files\Java\jdk-24\bin\jimage.dll
Event: 0.130 Loaded shared library C:\Users\hungf\.m2\wrapper\dists\apache-maven-3.9.12\59fe215c0ad6947fea90184bf7add084544567b927287592651fda3782e0e798\lib\jansi-native\Windows\x86_64\jansi.dll
Event: 0.138 Loaded shared library C:\Program Files\Java\jdk-24\bin\verify.dll

Deoptimization events (20 events):
Event: 7.618 Thread 0x0000018e77913300 Uncommon trap: trap_request=0xffffffcc fr.pc=0x0000018e102fc62c relative=0x000000000000250c
Event: 7.618 Thread 0x0000018e77913300 Uncommon trap: reason=intrinsic_or_type_checked_inlining action=make_not_entrant pc=0x0000018e102fc62c method=java.util.ArrayList$SubList.toArray([Ljava/lang/Object;)[Ljava/lang/Object; @ 58 c2
Event: 7.618 Thread 0x0000018e77913300 DEOPT PACKING pc=0x0000018e102fc62c sp=0x0000000fa10fce20
Event: 7.618 Thread 0x0000018e77913300 DEOPT UNPACKING pc=0x0000018e0fe36d02 sp=0x0000000fa10fcd88 mode 2
Event: 7.774 Thread 0x0000018e77913300 Uncommon trap: trap_request=0xffffffc6 fr.pc=0x0000018e107d00fc relative=0x000000000000053c
Event: 7.774 Thread 0x0000018e77913300 Uncommon trap: reason=bimorphic_or_optimized_type_check action=maybe_recompile pc=0x0000018e107d00fc method=java.util.regex.Pattern$CharPropertyGreedy.match(Ljava/util/regex/Matcher;ILjava/lang/CharSequence;)Z @ 64 c2
Event: 7.774 Thread 0x0000018e77913300 DEOPT PACKING pc=0x0000018e107d00fc sp=0x0000000fa10fd260
Event: 7.774 Thread 0x0000018e77913300 DEOPT UNPACKING pc=0x0000018e0fe36d02 sp=0x0000000fa10fd1f0 mode 2
Event: 7.797 Thread 0x0000018e77913300 Uncommon trap: trap_request=0xffffff6e fr.pc=0x0000018e102d4e54 relative=0x0000000000000214
Event: 7.797 Thread 0x0000018e77913300 Uncommon trap: reason=loop_limit_check action=maybe_recompile pc=0x0000018e102d4e54 method=org.mapstruct.ap.shaded.freemarker.core.Environment.getLocalVariable(Ljava/lang/String;)Lorg/mapstruct/ap/shaded/freemarker/template/TemplateModel; @ 18 c2
Event: 7.797 Thread 0x0000018e77913300 DEOPT PACKING pc=0x0000018e102d4e54 sp=0x0000000fa10fc7f0
Event: 7.797 Thread 0x0000018e77913300 DEOPT UNPACKING pc=0x0000018e0fe36d02 sp=0x0000000fa10fc778 mode 2
Event: 7.812 Thread 0x0000018e77913300 Uncommon trap: trap_request=0xffffffc6 fr.pc=0x0000018e107d00fc relative=0x000000000000053c
Event: 7.812 Thread 0x0000018e77913300 Uncommon trap: reason=bimorphic_or_optimized_type_check action=maybe_recompile pc=0x0000018e107d00fc method=java.util.regex.Pattern$CharPropertyGreedy.match(Ljava/util/regex/Matcher;ILjava/lang/CharSequence;)Z @ 64 c2
Event: 7.812 Thread 0x0000018e77913300 DEOPT PACKING pc=0x0000018e107d00fc sp=0x0000000fa10fd260
Event: 7.812 Thread 0x0000018e77913300 DEOPT UNPACKING pc=0x0000018e0fe36d02 sp=0x0000000fa10fd1f0 mode 2
Event: 7.889 Thread 0x0000018e77913300 Uncommon trap: trap_request=0xffffffc6 fr.pc=0x0000018e107d00fc relative=0x000000000000053c
Event: 7.889 Thread 0x0000018e77913300 Uncommon trap: reason=bimorphic_or_optimized_type_check action=maybe_recompile pc=0x0000018e107d00fc method=java.util.regex.Pattern$CharPropertyGreedy.match(Ljava/util/regex/Matcher;ILjava/lang/CharSequence;)Z @ 64 c2
Event: 7.889 Thread 0x0000018e77913300 DEOPT PACKING pc=0x0000018e107d00fc sp=0x0000000fa10fd260
Event: 7.889 Thread 0x0000018e77913300 DEOPT UNPACKING pc=0x0000018e0fe36d02 sp=0x0000000fa10fd1f0 mode 2

Classes loaded (20 events):
Event: 7.727 Loading class java/util/Collections$SingletonListCustomizer
Event: 7.727 Loading class java/util/Collections$SingletonListCustomizer done
Event: 7.727 Loading class java/util/Collections$SingletonListCustomizer
Event: 7.727 Loading class java/util/Collections$SingletonListCustomizer done
Event: 7.730 Loading class java/util/Collections$1BeanInfo
Event: 7.730 Loading class java/util/Collections$1BeanInfo done
Event: 7.730 Loading class java/util/Collections$1BeanInfo
Event: 7.730 Loading class java/util/Collections$1BeanInfo done
Event: 7.730 Loading class java/util/Collections$1BeanInfo
Event: 7.730 Loading class java/util/Collections$1BeanInfo done
Event: 7.730 Loading class java/util/Collections$1BeanInfo
Event: 7.730 Loading class java/util/Collections$1BeanInfo done
Event: 7.730 Loading class java/util/Collections$1Customizer
Event: 7.730 Loading class java/util/Collections$1Customizer done
Event: 7.730 Loading class java/util/Collections$1Customizer
Event: 7.730 Loading class java/util/Collections$1Customizer done
Event: 7.730 Loading class java/util/Collections$1Customizer
Event: 7.730 Loading class java/util/Collections$1Customizer done
Event: 7.730 Loading class java/util/Collections$1Customizer
Event: 7.730 Loading class java/util/Collections$1Customizer done

Classes unloaded (0 events):
No events

Classes redefined (0 events):
No events

Internal exceptions (20 events):
Event: 7.689 Thread 0x0000018e77913300 Exception <a 'sun/nio/fs/WindowsException'{0x000000070ed06de0}> (0x000000070ed06de0) 
thrown [s\open\src\hotspot\share\prims\jni.cpp, line 518]
Event: 7.690 Thread 0x0000018e77913300 Exception <a 'sun/nio/fs/WindowsException'{0x000000070ed07ff0}> (0x000000070ed07ff0) 
thrown [s\open\src\hotspot\share\prims\jni.cpp, line 518]
Event: 7.690 Thread 0x0000018e77913300 Exception <a 'sun/nio/fs/WindowsException'{0x000000070ed092f8}> (0x000000070ed092f8) 
thrown [s\open\src\hotspot\share\prims\jni.cpp, line 518]
Event: 7.690 Thread 0x0000018e77913300 Exception <a 'sun/nio/fs/WindowsException'{0x000000070ed09f28}> (0x000000070ed09f28) 
thrown [s\open\src\hotspot\share\prims\jni.cpp, line 518]
Event: 7.712 Thread 0x0000018e77913300 Exception <a 'sun/nio/fs/WindowsException'{0x000000070ebb5e20}> (0x000000070ebb5e20) 
thrown [s\open\src\hotspot\share\prims\jni.cpp, line 518]
Event: 7.718 Thread 0x0000018e77913300 Exception <a 'java/lang/ClassNotFoundException'{0x000000070ebcce08}: org/mapstruct/ap/internal/model/AnnotationMapperReferenceBeanInfo> (0x000000070ebcce08) 
thrown [s\open\src\hotspot\share\classfile\systemDictionary.cpp, line 327]
Event: 7.719 Thread 0x0000018e77913300 Exception <a 'java/lang/ClassNotFoundException'{0x000000070ebd2c70}: org/mapstruct/ap/internal/model/MapperReferenceBeanInfo> (0x000000070ebd2c70) 
thrown [s\open\src\hotspot\share\classfile\systemDictionary.cpp, line 327]
Event: 7.719 Thread 0x0000018e77913300 Exception <a 'java/lang/ClassNotFoundException'{0x000000070ebd8d08}: org/mapstruct/ap/internal/model/FieldBeanInfo> (0x000000070ebd8d08) 
thrown [s\open\src\hotspot\share\classfile\systemDictionary.cpp, line 327]
Event: 7.719 Thread 0x0000018e77913300 Exception <a 'java/lang/ClassNotFoundException'{0x000000070ebdeab8}: org/mapstruct/ap/internal/model/FieldCustomizer> (0x000000070ebdeab8) 
thrown [s\open\src\hotspot\share\classfile\systemDictionary.cpp, line 327]
Event: 7.721 Thread 0x0000018e77913300 Exception <a 'java/lang/ClassNotFoundException'{0x000000070ebee578}: org/mapstruct/ap/internal/model/MapperReferenceCustomizer> (0x000000070ebee578) 
thrown [s\open\src\hotspot\share\classfile\systemDictionary.cpp, line 327]
Event: 7.721 Thread 0x0000018e77913300 Exception <a 'java/lang/ClassNotFoundException'{0x000000070ebf7c80}: org/mapstruct/ap/internal/model/AnnotationMapperReferenceCustomizer> (0x000000070ebf7c80) 
thrown [s\open\src\hotspot\share\classfile\systemDictionary.cpp, line 327]
Event: 7.727 Thread 0x0000018e77913300 Exception <a 'java/lang/ClassNotFoundException'{0x000000070e829240}: java/util/Collections$SingletonListBeanInfo> (0x000000070e829240) 
thrown [s\open\src\hotspot\share\classfile\systemDictionary.cpp, line 327]
Event: 7.727 Thread 0x0000018e77913300 Exception <a 'java/lang/ClassNotFoundException'{0x000000070e82f070}: java/util/Collections$SingletonListCustomizer> (0x000000070e82f070) 
thrown [s\open\src\hotspot\share\classfile\systemDictionary.cpp, line 327]
Event: 7.730 Thread 0x0000018e77913300 Exception <a 'java/lang/ClassNotFoundException'{0x000000070e8624d8}: java/util/Collections$1BeanInfo> (0x000000070e8624d8) 
thrown [s\open\src\hotspot\share\classfile\systemDictionary.cpp, line 327]
Event: 7.730 Thread 0x0000018e77913300 Exception <a 'java/lang/ClassNotFoundException'{0x000000070e867fc0}: java/util/Collections$1Customizer> (0x000000070e867fc0) 
thrown [s\open\src\hotspot\share\classfile\systemDictionary.cpp, line 327]
Event: 7.739 Thread 0x0000018e77913300 Exception <a 'java/lang/ClassNotFoundException'{0x000000070e89ac10}: org/mapstruct/ap/internal/model/DefaultMapperReferenceBeanInfo> (0x000000070e89ac10) 
thrown [s\open\src\hotspot\share\classfile\systemDictionary.cpp, line 327]
Event: 7.739 Thread 0x0000018e77913300 Exception <a 'java/lang/ClassNotFoundException'{0x000000070e8a6880}: org/mapstruct/ap/internal/model/DefaultMapperReferenceCustomizer> (0x000000070e8a6880) 
thrown [s\open\src\hotspot\share\classfile\systemDictionary.cpp, line 327]
Event: 7.762 Thread 0x0000018e77913300 Exception <a 'sun/nio/fs/WindowsException'{0x000000070e7b9898}> (0x000000070e7b9898) 
thrown [s\open\src\hotspot\share\prims\jni.cpp, line 518]
Event: 7.792 Thread 0x0000018e77913300 Exception <a 'sun/nio/fs/WindowsException'{0x000000070e082e68}> (0x000000070e082e68) 
thrown [s\open\src\hotspot\share\prims\jni.cpp, line 518]
Event: 7.858 Thread 0x0000018e77913300 Exception <a 'sun/nio/fs/WindowsException'{0x000000070daa1100}> (0x000000070daa1100) 
thrown [s\open\src\hotspot\share\prims\jni.cpp, line 518]

VM Operations (20 events):
Event: 7.002 Executing VM operation: HandshakeAllThreads (Deoptimize)
Event: 7.002 Executing VM operation: HandshakeAllThreads (Deoptimize) done
Event: 7.008 Executing VM operation: HandshakeAllThreads (Deoptimize)
Event: 7.008 Executing VM operation: HandshakeAllThreads (Deoptimize) done
Event: 7.020 Executing VM operation: HandshakeAllThreads (Deoptimize)
Event: 7.020 Executing VM operation: HandshakeAllThreads (Deoptimize) done
Event: 7.368 Executing VM operation: HandshakeAllThreads (Deoptimize)
Event: 7.368 Executing VM operation: HandshakeAllThreads (Deoptimize) done
Event: 7.422 Executing VM operation: HandshakeAllThreads (Deoptimize)
Event: 7.422 Executing VM operation: HandshakeAllThreads (Deoptimize) done
Event: 7.423 Executing VM operation: HandshakeAllThreads (Deoptimize)
Event: 7.423 Executing VM operation: HandshakeAllThreads (Deoptimize) done
Event: 7.438 Executing VM operation: G1CollectForAllocation (G1 Evacuation Pause)
Event: 7.451 Executing VM operation: G1CollectForAllocation (G1 Evacuation Pause) done
Event: 7.533 Executing VM operation: CollectForMetadataAllocation (Metadata GC Threshold)
Event: 7.540 Executing VM operation: CollectForMetadataAllocation (Metadata GC Threshold) done
Event: 7.573 Executing VM operation: G1PauseRemark
Event: 7.580 Executing VM operation: G1PauseRemark done
Event: 7.591 Executing VM operation: G1PauseCleanup
Event: 7.591 Executing VM operation: G1PauseCleanup done

Memory protections (0 events):
No events

Nmethod flushes (20 events):
Event: 7.579 Thread 0x0000018e7f53f7c0 flushing  nmethod 0x0000018e0902c408
Event: 7.579 Thread 0x0000018e7f53f7c0 flushing  nmethod 0x0000018e0902d488
Event: 7.579 Thread 0x0000018e7f53f7c0 flushing  nmethod 0x0000018e0904c788
Event: 7.579 Thread 0x0000018e7f53f7c0 flushing  nmethod 0x0000018e0904ca88
Event: 7.579 Thread 0x0000018e7f53f7c0 flushing  nmethod 0x0000018e0904e108
Event: 7.579 Thread 0x0000018e7f53f7c0 flushing  nmethod 0x0000018e09075e88
Event: 7.579 Thread 0x0000018e7f53f7c0 flushing  nmethod 0x0000018e090af888
Event: 7.579 Thread 0x0000018e7f53f7c0 flushing  nmethod 0x0000018e090b7d88
Event: 7.579 Thread 0x0000018e7f53f7c0 flushing  nmethod 0x0000018e090b8108
Event: 7.579 Thread 0x0000018e7f53f7c0 flushing  nmethod 0x0000018e09112988
Event: 7.579 Thread 0x0000018e7f53f7c0 flushing  nmethod 0x0000018e09113e88
Event: 7.579 Thread 0x0000018e7f53f7c0 flushing  nmethod 0x0000018e09115a08
Event: 7.579 Thread 0x0000018e7f53f7c0 flushing  nmethod 0x0000018e09115e88
Event: 7.579 Thread 0x0000018e7f53f7c0 flushing  nmethod 0x0000018e0911b408
Event: 7.579 Thread 0x0000018e7f53f7c0 flushing  nmethod 0x0000018e0911c688
Event: 7.579 Thread 0x0000018e7f53f7c0 flushing  nmethod 0x0000018e09132408
Event: 7.579 Thread 0x0000018e7f53f7c0 flushing  nmethod 0x0000018e09132908
Event: 7.579 Thread 0x0000018e7f53f7c0 flushing  nmethod 0x0000018e09132e88
Event: 7.579 Thread 0x0000018e7f53f7c0 flushing  nmethod 0x0000018e09134d08
Event: 7.579 Thread 0x0000018e7f53f7c0 flushing  nmethod 0x0000018e0915ec08

Events (16 events):
Event: 0.018 Thread 0x0000018e77913300 Thread added: 0x0000018e77913300
Event: 0.027 Thread 0x0000018e77913300 Thread added: 0x0000018e7f551130
Event: 0.027 Thread 0x0000018e77913300 Thread added: 0x0000018e7f552ae0
Event: 0.027 Thread 0x0000018e77913300 Thread added: 0x0000018e7f5560b0
Event: 0.027 Thread 0x0000018e77913300 Thread added: 0x0000018e7f558f80
Event: 0.027 Thread 0x0000018e77913300 Thread added: 0x0000018e7f556e00
Event: 0.027 Thread 0x0000018e77913300 Thread added: 0x0000018e19810090
Event: 0.027 Thread 0x0000018e77913300 Thread added: 0x0000018e7f56bf20
Event: 0.027 Thread 0x0000018e77913300 Thread added: 0x0000018e7f56dab0
Event: 0.034 Thread 0x0000018e77913300 Thread added: 0x0000018e19977430
Event: 0.035 Thread 0x0000018e77913300 Thread added: 0x0000018e1997afa0
Event: 0.079 Thread 0x0000018e7f56bf20 Thread added: 0x0000018e19a22bf0
Event: 0.128 Thread 0x0000018e77913300 Thread added: 0x0000018e5f0b85f0
Event: 0.139 Thread 0x0000018e5f0b85f0 Thread exited: 0x0000018e5f0b85f0
Event: 0.430 Thread 0x0000018e7f56dab0 Thread added: 0x0000018e5f8c6f80
Event: 1.236 Thread 0x0000018e77913300 Thread added: 0x0000018e5f9579b0


Dynamic libraries:
0x00007ff791c60000 - 0x00007ff791c70000 	C:\Program Files\Java\jdk-24\bin\java.exe
0x00007ff900410000 - 0x00007ff900627000 	C:\Windows\SYSTEM32\ntdll.dll
0x00007ff8ff2a0000 - 0x00007ff8ff364000 	C:\Windows\System32\KERNEL32.DLL
0x00007ff8fd790000 - 0x00007ff8fdb47000 	C:\Windows\System32\KERNELBASE.dll
0x00007ff8fded0000 - 0x00007ff8fdfe1000 	C:\Windows\System32\ucrtbase.dll
0x00007ff8ec930000 - 0x00007ff8ec946000 	C:\Program Files\Java\jdk-24\bin\jli.dll
0x00007ff8ea4a0000 - 0x00007ff8ea4bb000 	C:\Program Files\Java\jdk-24\bin\VCRUNTIME140.dll
0x00007ff8ff040000 - 0x00007ff8ff1ef000 	C:\Windows\System32\USER32.dll
0x00007ff8ed970000 - 0x00007ff8edc03000 	C:\Windows\WinSxS\amd64_microsoft.windows.common-controls_6595b64144ccf1df_6.0.22621.3672_none_2713b9d173822955\COMCTL32.dll
0x00007ff8fdff0000 - 0x00007ff8fe016000 	C:\Windows\System32\win32u.dll
0x00007ff8ff370000 - 0x00007ff8ff417000 	C:\Windows\System32\msvcrt.dll
0x00007ff8fedc0000 - 0x00007ff8fede9000 	C:\Windows\System32\GDI32.dll
0x00007ff8fe020000 - 0x00007ff8fe138000 	C:\Windows\System32\gdi32full.dll
0x00007ff8fde30000 - 0x00007ff8fdeca000 	C:\Windows\System32\msvcp_win.dll
0x00007ff8ff5a0000 - 0x00007ff8ff5d1000 	C:\Windows\System32\IMM32.DLL
0x00007ff8ec920000 - 0x00007ff8ec92c000 	C:\Program Files\Java\jdk-24\bin\vcruntime140_1.dll
0x00007ff8cef60000 - 0x00007ff8cefee000 	C:\Program Files\Java\jdk-24\bin\msvcp140.dll
0x00007ff868fa0000 - 0x00007ff869d42000 	C:\Program Files\Java\jdk-24\bin\server\jvm.dll
0x00007ff8fed00000 - 0x00007ff8fedb2000 	C:\Windows\System32\ADVAPI32.dll
0x00007ff900110000 - 0x00007ff9001b8000 	C:\Windows\System32\sechost.dll
0x00007ff8fde00000 - 0x00007ff8fde28000 	C:\Windows\System32\bcrypt.dll
0x00007ff8ff5e0000 - 0x00007ff8ff6f4000 	C:\Windows\System32\RPCRT4.dll
0x00007ff8ff700000 - 0x00007ff8ff771000 	C:\Windows\System32\WS2_32.dll
0x00007ff8fc590000 - 0x00007ff8fc5dd000 	C:\Windows\SYSTEM32\POWRPROF.dll
0x00007ff8f22d0000 - 0x00007ff8f2304000 	C:\Windows\SYSTEM32\WINMM.dll
0x00007ff8f5720000 - 0x00007ff8f572a000 	C:\Windows\SYSTEM32\VERSION.dll
0x00007ff8fc570000 - 0x00007ff8fc583000 	C:\Windows\SYSTEM32\UMPDC.dll
0x00007ff8fc820000 - 0x00007ff8fc838000 	C:\Windows\SYSTEM32\kernel.appcore.dll
0x00007ff8ec880000 - 0x00007ff8ec88a000 	C:\Program Files\Java\jdk-24\bin\jimage.dll
0x00007ff8facb0000 - 0x00007ff8faee2000 	C:\Windows\SYSTEM32\DBGHELP.DLL
0x00007ff8ffce0000 - 0x00007ff90006e000 	C:\Windows\System32\combase.dll
0x00007ff8ffc00000 - 0x00007ff8ffcd7000 	C:\Windows\System32\OLEAUT32.dll
0x00007ff8d2030000 - 0x00007ff8d2062000 	C:\Windows\SYSTEM32\dbgcore.DLL
0x00007ff8fdcc0000 - 0x00007ff8fdd3b000 	C:\Windows\System32\bcryptPrimitives.dll
0x00007ff8d96a0000 - 0x00007ff8d96be000 	C:\Program Files\Java\jdk-24\bin\java.dll
0x00007ff900220000 - 0x00007ff9003c5000 	C:\Windows\System32\ole32.dll
0x00007ff8fe150000 - 0x00007ff8fe9b9000 	C:\Windows\System32\SHELL32.dll
0x00007ff8fb650000 - 0x00007ff8fbf4f000 	C:\Windows\SYSTEM32\windows.storage.dll
0x00007ff8fb510000 - 0x00007ff8fb64f000 	C:\Windows\SYSTEM32\wintypes.dll
0x00007ff8fef40000 - 0x00007ff8ff039000 	C:\Windows\System32\SHCORE.dll
0x00007ff8fee00000 - 0x00007ff8fee5e000 	C:\Windows\System32\shlwapi.dll
0x00007ff8fd650000 - 0x00007ff8fd677000 	C:\Windows\SYSTEM32\profapi.dll
0x00007ff8a14a0000 - 0x00007ff8a1577000 	C:\Program Files\Java\jdk-24\bin\jsvml.dll
0x00007ff8ec830000 - 0x00007ff8ec840000 	C:\Program Files\Java\jdk-24\bin\net.dll
0x00007ff8fcc80000 - 0x00007ff8fcce9000 	C:\Windows\system32\mswsock.dll
0x00007ff8d86b0000 - 0x00007ff8d86c6000 	C:\Program Files\Java\jdk-24\bin\nio.dll
0x00007ff8d8690000 - 0x00007ff8d86a7000 	C:\Program Files\Java\jdk-24\bin\zip.dll
0x00007ff8d85f0000 - 0x00007ff8d8614000 	C:\Users\hungf\.m2\wrapper\dists\apache-maven-3.9.12\59fe215c0ad6947fea90184bf7add084544567b927287592651fda3782e0e798\lib\jansi-native\Windows\x86_64\jansi.dll
0x00007ff8eaf70000 - 0x00007ff8eaf80000 	C:\Program Files\Java\jdk-24\bin\verify.dll

JVMTI agents: none

dbghelp: loaded successfully - version: 4.0.5 - missing functions: none
symbol engine: initialized successfully - sym options: 0x614 - pdb path: .;C:\Program Files\Java\jdk-24\bin;C:\Windows\SYSTEM32;C:\Windows\WinSxS\amd64_microsoft.windows.common-controls_6595b64144ccf1df_6.0.22621.3672_none_2713b9d173822955;C:\Program Files\Java\jdk-24\bin\server;C:\Users\hungf\.m2\wrapper\dists\apache-maven-3.9.12\59fe215c0ad6947fea90184bf7add084544567b927287592651fda3782e0e798\lib\jansi-native\Windows\x86_64

VM Arguments:
jvm_args: --enable-native-access=ALL-UNNAMED -Dclassworlds.conf=C:\Users\hungf\.m2\wrapper\dists\apache-maven-3.9.12\59fe215c0ad6947fea90184bf7add084544567b927287592651fda3782e0e798\bin\m2.conf -Dmaven.home=C:\Users\hungf\.m2\wrapper\dists\apache-maven-3.9.12\59fe215c0ad6947fea90184bf7add084544567b927287592651fda3782e0e798 -Dlibrary.jansi.path=C:\Users\hungf\.m2\wrapper\dists\apache-maven-3.9.12\59fe215c0ad6947fea90184bf7add084544567b927287592651fda3782e0e798\lib\jansi-native -Dmaven.multiModuleProjectDirectory=D:\Semester 7\SBA\BE\UniCode 
java_command: org.codehaus.plexus.classworlds.launcher.Launcher compile -DskipTests
java_class_path (initial): C:\Users\hungf\.m2\wrapper\dists\apache-maven-3.9.12\59fe215c0ad6947fea90184bf7add084544567b927287592651fda3782e0e798\boot\plexus-classworlds-2.9.0.jar
Launcher Type: SUN_STANDARD

[Global flags]
     intx CICompilerCount                          = 4                                         {product} {ergonomic}
     uint ConcGCThreads                            = 3                                         {product} {ergonomic}
     uint G1ConcRefinementThreads                  = 10                                        {product} {ergonomic}
   size_t G1HeapRegionSize                         = 2097152                                   {product} {ergonomic}
   size_t InitialHeapSize                          = 266338304                                 {product} {ergonomic}
   size_t MarkStackSize                            = 4194304                                   {product} {ergonomic}
   size_t MarkStackSizeMax                         = 536870912                                 {product} {ergonomic}
   size_t MaxHeapSize                              = 4238344192                                {product} {ergonomic}
   size_t MaxNewSize                               = 2541748224                                {product} {ergonomic}
   size_t MinHeapDeltaBytes                        = 2097152                                   {product} {ergonomic}
   size_t MinHeapSize                              = 8388608                                   {product} {ergonomic}
    uintx NonNMethodCodeHeapSize                   = 5832704                                {pd product} {ergonomic}
    uintx NonProfiledCodeHeapSize                  = 122945536                              {pd product} {ergonomic}
    uintx ProfiledCodeHeapSize                     = 122880000                              {pd product} {ergonomic}
    uintx ReservedCodeCacheSize                    = 251658240                              {pd product} {ergonomic}
     bool SegmentedCodeCache                       = true                                      {product} {ergonomic}
   size_t SoftMaxHeapSize                          = 4238344192                             {manageable} {ergonomic}
     bool UseCompressedOops                        = true                           {product lp64_product} {ergonomic}
     bool UseG1GC                                  = true                                      {product} {ergonomic}
     bool UseLargePagesIndividualAllocation        = false                                  {pd product} {ergonomic}

Logging:
Log output configuration:
 #0: stdout all=warning uptime,level,tags foldmultilines=false
 #1: stderr all=off uptime,level,tags foldmultilines=false

Environment Variables:
JAVA_HOME=C:\Program Files\Java\jdk-24
PATH=C:\Program Files\Common Files\Oracle\Java\javapath;C:\Windows\system32;C:\Windows;C:\Windows\System32\Wbem;C:\Windows\System32\WindowsPowerShell\v1.0\;C:\Windows\System32\OpenSSH\;C:\Program Files (x86)\Microsoft SQL Server\160\Tools\Binn\;C:\Program Files\Microsoft SQL Server\160\Tools\Binn\;C:\Program Files\Microsoft SQL Server\Client SDK\ODBC\170\Tools\Binn\;C:\Program Files\Microsoft SQL Server\160\DTS\Binn\;C:\Program Files (x86)\Microsoft SQL Server\160\DTS\Binn\;C:\Program Files\Cloudflare\Cloudflare WARP\;C:\Program Files\Java\jdk-24\BIN;C:\Program Files\apache-maven-3.9.9\BIN;C:\Program Files\nodejs\;C:\Program Files\dotnet\;C:\Program Files\Microsoft SQL Server\150\Tools\Binn\;C:\Program Files\Docker\Docker\resources\bin;C:\Program Files\Git\cmd;C:\Program Files\NVIDIA Corporation\NVIDIA App\NvDLISR;C:\Program Files (x86)\NVIDIA Corporation\PhysX\Common;C:\Users\hungf\AppData\Local\Microsoft\WindowsApps;D:\Microsoft VS Code\bin;C:\Users\hungf\AppData\Roaming\npm;C:\Users\hungf\.dotnet\tools;D:\cursor\resources\app\bin;D:\SWD\Antigravity\bin
USERNAME=hungf
TERM=dumb
OS=Windows_NT
PROCESSOR_IDENTIFIER=Intel64 Family 6 Model 141 Stepping 1, GenuineIntel
TMP=C:\Users\hungf\AppData\Local\Temp
TEMP=C:\Users\hungf\AppData\Local\Temp




Periodic native trim disabled

---------------  S Y S T E M  ---------------

OS:
 Windows 11 , 64 bit Build 22621 (10.0.22621.3958)
OS uptime: 0 days 0:48 hours
Hyper-V role detected

CPU: total 12 (initial active 12) (6 cores per cpu, 2 threads per core) family 6 model 141 stepping 1 microcode 0x3c, cx8, cmov, fxsr, ht, mmx, 3dnowpref, sse, sse2, sse3, ssse3, sse4.1, sse4.2, popcnt, lzcnt, tsc, tscinvbit, avx, avx2, aes, erms, clmul, bmi1, bmi2, adx, avx512f, avx512dq, avx512cd, avx512bw, avx512vl, sha, fma, vzeroupper, avx512_vpopcntdq, avx512_vpclmulqdq, avx512_vaes, avx512_vnni, clflush, clflushopt, clwb, avx512_vbmi2, avx512_vbmi, hv, rdtscp, rdpid, fsrm, gfni, avx512_bitalg, f16c, cet_ibt, cet_ss, avx512_ifma
Processor Information for the first 12 processors :
  Max Mhz: 2688, Current Mhz: 2688, Mhz Limit: 2688

Memory: 4k page, system-wide physical 16163M (974M free)
TotalPageFile size 27525M (AvailPageFile size 9M)
current process WorkingSet (physical memory assigned to process): 406M, peak: 406M
current process commit charge ("private bytes"): 468M, peak: 480M

vm_info: Java HotSpot(TM) 64-Bit Server VM (24.0.1+9-30) for windows-amd64 JRE (24.0.1+9-30), built on 2025-03-05T07:23:45Z with MS VC++ 17.6 (VS2022)

END.
