#
# There is insufficient memory for the Java Runtime Environment to continue.
# Native memory allocation (malloc) failed to allocate 1676496 bytes. Error detail: Chunk::new
# Possible reasons:
#   The system is out of physical RAM or swap space
#   This process is running with CompressedOops enabled, and the Java Heap may be blocking the growth of the native heap
# Possible solutions:
#   Reduce memory load on the system
#   Increase physical memory or swap space
#   Check if swap backing store is full
#   Decrease Java heap size (-Xmx/-Xms)
#   Decrease number of Java threads
#   Decrease Java thread stack sizes (-Xss)
#   Set larger code cache with -XX:ReservedCodeCacheSize=
#   JVM is running with Zero Based Compressed Oops mode in which the Java heap is
#     placed in the first 32GB address space. The Java Heap base address is the
#     maximum limit for the native heap growth. Please use -XX:HeapBaseMinAddress
#     to set the Java Heap base and to place the Java Heap above 32GB virtual address.
# This output file may be truncated or incomplete.
#
#  Out of Memory Error (arena.cpp:162), pid=25924, tid=28644
#
# JRE version: Java(TM) SE Runtime Environment (24.0.1+9) (build 24.0.1+9-30)
# Java VM: Java HotSpot(TM) 64-Bit Server VM (24.0.1+9-30, mixed mode, sharing, tiered, compressed oops, compressed class ptrs, g1 gc, windows-amd64)
# No core dump will be written. Minidumps are not enabled by default on client versions of Windows
#

---------------  S U M M A R Y ------------

Command Line: --enable-native-access=ALL-UNNAMED -Dclassworlds.conf=C:\Users\hungf\.m2\wrapper\dists\apache-maven-3.9.12\59fe215c0ad6947fea90184bf7add084544567b927287592651fda3782e0e798\bin\m2.conf -Dmaven.home=C:\Users\hungf\.m2\wrapper\dists\apache-maven-3.9.12\59fe215c0ad6947fea90184bf7add084544567b927287592651fda3782e0e798 -Dlibrary.jansi.path=C:\Users\hungf\.m2\wrapper\dists\apache-maven-3.9.12\59fe215c0ad6947fea90184bf7add084544567b927287592651fda3782e0e798\lib\jansi-native -Dmaven.multiModuleProjectDirectory=D:\Semester 7\SBA\BE\UniCode org.codehaus.plexus.classworlds.launcher.Launcher compile -DskipTests

Host: 11th Gen Intel(R) Core(TM) i5-11400H @ 2.70GHz, 12 cores, 15G,  Windows 11 , 64 bit Build 22621 (10.0.22621.3958)
Time: Mon Mar 16 00:11:34 2026 SE Asia Standard Time elapsed time: 3.137330 seconds (0d 0h 0m 3s)

---------------  T H R E A D  ---------------

Current thread (0x0000015f3ec230c0):  JavaThread "C2 CompilerThread1" daemon [_thread_in_native, id=28644, stack(0x0000000101800000,0x0000000101900000) (1024K)]


Current CompileTask:
C2:3137 4299       4       java.util.concurrent.ConcurrentHashMap::putAll (75 bytes)

Stack: [0x0000000101800000,0x0000000101900000]
Native frames: (J=compiled Java code, j=interpreted, Vv=VM code, C=native code)
V  [jvm.dll+0x730739]  (no source info available)
V  [jvm.dll+0x8d9b23]  (no source info available)
V  [jvm.dll+0x8dc00d]  (no source info available)
V  [jvm.dll+0x8dc683]  (no source info available)
V  [jvm.dll+0x2aa086]  (no source info available)
V  [jvm.dll+0xcedef]  (no source info available)
V  [jvm.dll+0xcf04f]  (no source info available)
V  [jvm.dll+0x154d83]  (no source info available)
V  [jvm.dll+0x735f5f]  (no source info available)
V  [jvm.dll+0x26fa1c]  (no source info available)
V  [jvm.dll+0x26ea3f]  (no source info available)
V  [jvm.dll+0x1e9d60]  (no source info available)
V  [jvm.dll+0x27e1fb]  (no source info available)
V  [jvm.dll+0x27c49a]  (no source info available)
V  [jvm.dll+0x42f456]  (no source info available)
V  [jvm.dll+0x87d76b]  (no source info available)
V  [jvm.dll+0x72ee55]  (no source info available)
C  [ucrtbase.dll+0x29333]  (no source info available)
C  [KERNEL32.DLL+0x1257d]  (no source info available)
C  [ntdll.dll+0x5af08]  (no source info available)

Lock stack of current Java thread (top to bottom):


---------------  P R O C E S S  ---------------

Threads class SMR info:
_java_thread_list=0x0000015f85132750, length=14, elements={
0x0000015f1cf533b0, 0x0000015f3ec03540, 0x0000015f3ec04ef0, 0x0000015f3ec08c10,
0x0000015f3ec09cb0, 0x0000015f3ec0b0f0, 0x0000015f3ec0da60, 0x0000015f3ec1c660,
0x0000015f3ec22930, 0x0000015f841562f0, 0x0000015f84159a60, 0x0000015f3ec230c0,
0x0000015f3ec23850, 0x0000015f8513b820
}

Java Threads: ( => current thread )
  0x0000015f1cf533b0 JavaThread "main"                              [_thread_in_Java, id=11044, stack(0x0000000100600000,0x0000000100700000) (1024K)]
  0x0000015f3ec03540 JavaThread "Reference Handler"          daemon [_thread_blocked, id=24612, stack(0x0000000100e00000,0x0000000100f00000) (1024K)]
  0x0000015f3ec04ef0 JavaThread "Finalizer"                  daemon [_thread_blocked, id=22396, stack(0x0000000100f00000,0x0000000101000000) (1024K)]
  0x0000015f3ec08c10 JavaThread "Signal Dispatcher"          daemon [_thread_blocked, id=28600, stack(0x0000000101000000,0x0000000101100000) (1024K)]
  0x0000015f3ec09cb0 JavaThread "Attach Listener"            daemon [_thread_blocked, id=25184, stack(0x0000000101100000,0x0000000101200000) (1024K)]
  0x0000015f3ec0b0f0 JavaThread "Service Thread"             daemon [_thread_blocked, id=28428, stack(0x0000000101200000,0x0000000101300000) (1024K)]
  0x0000015f3ec0da60 JavaThread "Monitor Deflation Thread"   daemon [_thread_blocked, id=28064, stack(0x0000000101300000,0x0000000101400000) (1024K)]
  0x0000015f3ec1c660 JavaThread "C2 CompilerThread0"         daemon [_thread_in_native, id=27692, stack(0x0000000101400000,0x0000000101500000) (1024K)]
  0x0000015f3ec22930 JavaThread "C1 CompilerThread0"         daemon [_thread_blocked, id=27812, stack(0x0000000101500000,0x0000000101600000) (1024K)]
  0x0000015f841562f0 JavaThread "Notification Thread"        daemon [_thread_blocked, id=25796, stack(0x0000000101600000,0x0000000101700000) (1024K)]
  0x0000015f84159a60 JavaThread "Common-Cleaner"             daemon [_thread_blocked, id=28640, stack(0x0000000101700000,0x0000000101800000) (1024K)]
=>0x0000015f3ec230c0 JavaThread "C2 CompilerThread1"         daemon [_thread_in_native, id=28644, stack(0x0000000101800000,0x0000000101900000) (1024K)]
  0x0000015f3ec23850 JavaThread "C2 CompilerThread2"         daemon [_thread_in_native, id=24512, stack(0x0000000101900000,0x0000000101a00000) (1024K)]
  0x0000015f8513b820 JavaThread "Thread-1"                   daemon [_thread_blocked, id=18496, stack(0x0000000101f00000,0x0000000102000000) (1024K)]
Total: 14

Other Threads:
  0x0000015f3ebf1bc0 VMThread "VM Thread"                           [id=20308, stack(0x0000000100d00000,0x0000000100e00000) (1024K)]
  0x0000015f3ebe7a90 WatcherThread "VM Periodic Task Thread"        [id=28032, stack(0x0000000100c00000,0x0000000100d00000) (1024K)]
  0x0000015f1f2797d0 WorkerThread "GC Thread#0"                     [id=28216, stack(0x0000000100700000,0x0000000100800000) (1024K)]
  0x0000015f850723c0 WorkerThread "GC Thread#1"                     [id=19120, stack(0x0000000101a00000,0x0000000101b00000) (1024K)]
  0x0000015f852e8f90 WorkerThread "GC Thread#2"                     [id=24536, stack(0x0000000101b00000,0x0000000101c00000) (1024K)]
  0x0000015f84e2d420 WorkerThread "GC Thread#3"                     [id=7748, stack(0x0000000101c00000,0x0000000101d00000) (1024K)]
  0x0000015f84e2e7e0 WorkerThread "GC Thread#4"                     [id=20296, stack(0x0000000101d00000,0x0000000101e00000) (1024K)]
  0x0000015f84e2eb90 WorkerThread "GC Thread#5"                     [id=26916, stack(0x0000000101e00000,0x0000000101f00000) (1024K)]
  0x0000015f1f28e550 ConcurrentGCThread "G1 Main Marker"            [id=15208, stack(0x0000000100800000,0x0000000100900000) (1024K)]
  0x0000015f1f28f060 WorkerThread "G1 Conc#0"                       [id=11084, stack(0x0000000100900000,0x0000000100a00000) (1024K)]
  0x0000015f3eaa9e50 ConcurrentGCThread "G1 Refine#0"               [id=336, stack(0x0000000100a00000,0x0000000100b00000) (1024K)]
  0x0000015f3eaaa680 ConcurrentGCThread "G1 Service"                [id=28520, stack(0x0000000100b00000,0x0000000100c00000) (1024K)]
Total: 12

Threads with active compile tasks:
C2 CompilerThread0  3187 4030   !   4       org.codehaus.plexus.interpolation.StringSearchInterpolator::interpolate (692 bytes)
C2 CompilerThread1  3187 4299       4       java.util.concurrent.ConcurrentHashMap::putAll (75 bytes)
C2 CompilerThread2  3187 4318       4       com.google.inject.internal.InternalContext::close (38 bytes)
Total: 3

VM state: not at safepoint (normal execution)

VM Mutex/Monitor currently owned by a thread: None

Heap address: 0x0000000703600000, size: 4042 MB, Compressed Oops mode: Zero based, Oop shift amount: 3

CDS archive(s) mapped at: [0x0000015f3f000000-0x0000015f3fd40000-0x0000015f3fd40000), size 13893632, SharedBaseAddress: 0x0000015f3f000000, ArchiveRelocationMode: 1.
Compressed class space mapped at: 0x0000015f40000000-0x0000015f80000000, reserved size: 1073741824
UseCompressedClassPointers 1, UseCompactObjectHeaders 0
Narrow klass pointer bits 32, Max shift 3
Narrow klass base: 0x0000015f3f000000, Narrow klass shift: 0
Encoding Range: [0x0000015f3f000000 - 0x000001603f000000), (4294967296 bytes)
Klass Range:    [0x0000015f3f000000 - 0x0000015f80000000), (1090519040 bytes)
Klass ID Range:  [8 - 1090519033) (1090519025)

GC Precious Log:
 CardTable entry size: 512
 Card Set container configuration: InlinePtr #cards 4 size 8 Array Of Cards #cards 16 size 48 Howl #buckets 8 coarsen threshold 3686 Howl Bitmap #cards 512 size 80 coarsen threshold 460 Card regions per heap region 1 cards per card region 4096
 CPUs: 12 total, 12 available
 Memory: 16163M
 Large Page Support: Disabled
 NUMA Support: Disabled
 Compressed Oops: Enabled (Zero based)
 Heap Region Size: 2M
 Heap Min Capacity: 8M
 Heap Initial Capacity: 254M
 Heap Max Capacity: 4042M
 Pre-touch: Disabled
 Parallel Workers: 10
 Concurrent Workers: 3
 Concurrent Refinement Workers: 10
 Periodic GC: Disabled

Heap:
 garbage-first heap   total reserved 4139008K, committed 262144K, used 87583K [0x0000000703600000, 0x0000000800000000)
  region size 2048K, 44 young (90112K), 3 survivors (6144K)
 Metaspace       used 15703K, committed 16000K, reserved 1114112K
  class space    used 1517K, committed 1664K, reserved 1048576K

Heap Regions: E=young(eden), S=young(survivor), O=old, HS=humongous(starts), HC=humongous(continues), CS=collection set, F=free, TAMS=top-at-mark-start, PB=parsable bottom
|   0|0x0000000703600000, 0x0000000703600000, 0x0000000703800000|  0%| F|  |TAMS 0x0000000703600000| PB 0x0000000703600000| Untracked |  0
|   1|0x0000000703800000, 0x0000000703800000, 0x0000000703a00000|  0%| F|  |TAMS 0x0000000703800000| PB 0x0000000703800000| Untracked |  0
|   2|0x0000000703a00000, 0x0000000703a00000, 0x0000000703c00000|  0%| F|  |TAMS 0x0000000703a00000| PB 0x0000000703a00000| Untracked |  0
|   3|0x0000000703c00000, 0x0000000703c00000, 0x0000000703e00000|  0%| F|  |TAMS 0x0000000703c00000| PB 0x0000000703c00000| Untracked |  0
|   4|0x0000000703e00000, 0x0000000703e00000, 0x0000000704000000|  0%| F|  |TAMS 0x0000000703e00000| PB 0x0000000703e00000| Untracked |  0
|   5|0x0000000704000000, 0x0000000704000000, 0x0000000704200000|  0%| F|  |TAMS 0x0000000704000000| PB 0x0000000704000000| Untracked |  0
|   6|0x0000000704200000, 0x0000000704200000, 0x0000000704400000|  0%| F|  |TAMS 0x0000000704200000| PB 0x0000000704200000| Untracked |  0
|   7|0x0000000704400000, 0x0000000704400000, 0x0000000704600000|  0%| F|  |TAMS 0x0000000704400000| PB 0x0000000704400000| Untracked |  0
|   8|0x0000000704600000, 0x0000000704600000, 0x0000000704800000|  0%| F|  |TAMS 0x0000000704600000| PB 0x0000000704600000| Untracked |  0
|   9|0x0000000704800000, 0x0000000704800000, 0x0000000704a00000|  0%| F|  |TAMS 0x0000000704800000| PB 0x0000000704800000| Untracked |  0
|  10|0x0000000704a00000, 0x0000000704a00000, 0x0000000704c00000|  0%| F|  |TAMS 0x0000000704a00000| PB 0x0000000704a00000| Untracked |  0
|  11|0x0000000704c00000, 0x0000000704c00000, 0x0000000704e00000|  0%| F|  |TAMS 0x0000000704c00000| PB 0x0000000704c00000| Untracked |  0
|  12|0x0000000704e00000, 0x0000000704e00000, 0x0000000705000000|  0%| F|  |TAMS 0x0000000704e00000| PB 0x0000000704e00000| Untracked |  0
|  13|0x0000000705000000, 0x0000000705000000, 0x0000000705200000|  0%| F|  |TAMS 0x0000000705000000| PB 0x0000000705000000| Untracked |  0
|  14|0x0000000705200000, 0x0000000705200000, 0x0000000705400000|  0%| F|  |TAMS 0x0000000705200000| PB 0x0000000705200000| Untracked |  0
|  15|0x0000000705400000, 0x0000000705400000, 0x0000000705600000|  0%| F|  |TAMS 0x0000000705400000| PB 0x0000000705400000| Untracked |  0
|  16|0x0000000705600000, 0x0000000705600000, 0x0000000705800000|  0%| F|  |TAMS 0x0000000705600000| PB 0x0000000705600000| Untracked |  0
|  17|0x0000000705800000, 0x0000000705800000, 0x0000000705a00000|  0%| F|  |TAMS 0x0000000705800000| PB 0x0000000705800000| Untracked |  0
|  18|0x0000000705a00000, 0x0000000705a00000, 0x0000000705c00000|  0%| F|  |TAMS 0x0000000705a00000| PB 0x0000000705a00000| Untracked |  0
|  19|0x0000000705c00000, 0x0000000705c00000, 0x0000000705e00000|  0%| F|  |TAMS 0x0000000705c00000| PB 0x0000000705c00000| Untracked |  0
|  20|0x0000000705e00000, 0x0000000705e00000, 0x0000000706000000|  0%| F|  |TAMS 0x0000000705e00000| PB 0x0000000705e00000| Untracked |  0
|  21|0x0000000706000000, 0x0000000706000000, 0x0000000706200000|  0%| F|  |TAMS 0x0000000706000000| PB 0x0000000706000000| Untracked |  0
|  22|0x0000000706200000, 0x0000000706200000, 0x0000000706400000|  0%| F|  |TAMS 0x0000000706200000| PB 0x0000000706200000| Untracked |  0
|  23|0x0000000706400000, 0x0000000706400000, 0x0000000706600000|  0%| F|  |TAMS 0x0000000706400000| PB 0x0000000706400000| Untracked |  0
|  24|0x0000000706600000, 0x0000000706600000, 0x0000000706800000|  0%| F|  |TAMS 0x0000000706600000| PB 0x0000000706600000| Untracked |  0
|  25|0x0000000706800000, 0x0000000706800000, 0x0000000706a00000|  0%| F|  |TAMS 0x0000000706800000| PB 0x0000000706800000| Untracked |  0
|  26|0x0000000706a00000, 0x0000000706a00000, 0x0000000706c00000|  0%| F|  |TAMS 0x0000000706a00000| PB 0x0000000706a00000| Untracked |  0
|  27|0x0000000706c00000, 0x0000000706c00000, 0x0000000706e00000|  0%| F|  |TAMS 0x0000000706c00000| PB 0x0000000706c00000| Untracked |  0
|  28|0x0000000706e00000, 0x0000000706e00000, 0x0000000707000000|  0%| F|  |TAMS 0x0000000706e00000| PB 0x0000000706e00000| Untracked |  0
|  29|0x0000000707000000, 0x0000000707000000, 0x0000000707200000|  0%| F|  |TAMS 0x0000000707000000| PB 0x0000000707000000| Untracked |  0
|  30|0x0000000707200000, 0x0000000707200000, 0x0000000707400000|  0%| F|  |TAMS 0x0000000707200000| PB 0x0000000707200000| Untracked |  0
|  31|0x0000000707400000, 0x0000000707400000, 0x0000000707600000|  0%| F|  |TAMS 0x0000000707400000| PB 0x0000000707400000| Untracked |  0
|  32|0x0000000707600000, 0x0000000707600000, 0x0000000707800000|  0%| F|  |TAMS 0x0000000707600000| PB 0x0000000707600000| Untracked |  0
|  33|0x0000000707800000, 0x0000000707800000, 0x0000000707a00000|  0%| F|  |TAMS 0x0000000707800000| PB 0x0000000707800000| Untracked |  0
|  34|0x0000000707a00000, 0x0000000707a00000, 0x0000000707c00000|  0%| F|  |TAMS 0x0000000707a00000| PB 0x0000000707a00000| Untracked |  0
|  35|0x0000000707c00000, 0x0000000707c00000, 0x0000000707e00000|  0%| F|  |TAMS 0x0000000707c00000| PB 0x0000000707c00000| Untracked |  0
|  36|0x0000000707e00000, 0x0000000707e00000, 0x0000000708000000|  0%| F|  |TAMS 0x0000000707e00000| PB 0x0000000707e00000| Untracked |  0
|  37|0x0000000708000000, 0x0000000708000000, 0x0000000708200000|  0%| F|  |TAMS 0x0000000708000000| PB 0x0000000708000000| Untracked |  0
|  38|0x0000000708200000, 0x0000000708200000, 0x0000000708400000|  0%| F|  |TAMS 0x0000000708200000| PB 0x0000000708200000| Untracked |  0
|  39|0x0000000708400000, 0x0000000708400000, 0x0000000708600000|  0%| F|  |TAMS 0x0000000708400000| PB 0x0000000708400000| Untracked |  0
|  40|0x0000000708600000, 0x0000000708600000, 0x0000000708800000|  0%| F|  |TAMS 0x0000000708600000| PB 0x0000000708600000| Untracked |  0
|  41|0x0000000708800000, 0x0000000708800000, 0x0000000708a00000|  0%| F|  |TAMS 0x0000000708800000| PB 0x0000000708800000| Untracked |  0
|  42|0x0000000708a00000, 0x0000000708a00000, 0x0000000708c00000|  0%| F|  |TAMS 0x0000000708a00000| PB 0x0000000708a00000| Untracked |  0
|  43|0x0000000708c00000, 0x0000000708c00000, 0x0000000708e00000|  0%| F|  |TAMS 0x0000000708c00000| PB 0x0000000708c00000| Untracked |  0
|  44|0x0000000708e00000, 0x0000000708e00000, 0x0000000709000000|  0%| F|  |TAMS 0x0000000708e00000| PB 0x0000000708e00000| Untracked |  0
|  45|0x0000000709000000, 0x0000000709000000, 0x0000000709200000|  0%| F|  |TAMS 0x0000000709000000| PB 0x0000000709000000| Untracked |  0
|  46|0x0000000709200000, 0x0000000709200000, 0x0000000709400000|  0%| F|  |TAMS 0x0000000709200000| PB 0x0000000709200000| Untracked |  0
|  47|0x0000000709400000, 0x0000000709400000, 0x0000000709600000|  0%| F|  |TAMS 0x0000000709400000| PB 0x0000000709400000| Untracked |  0
|  48|0x0000000709600000, 0x0000000709600000, 0x0000000709800000|  0%| F|  |TAMS 0x0000000709600000| PB 0x0000000709600000| Untracked |  0
|  49|0x0000000709800000, 0x0000000709800000, 0x0000000709a00000|  0%| F|  |TAMS 0x0000000709800000| PB 0x0000000709800000| Untracked |  0
|  50|0x0000000709a00000, 0x0000000709a00000, 0x0000000709c00000|  0%| F|  |TAMS 0x0000000709a00000| PB 0x0000000709a00000| Untracked |  0
|  51|0x0000000709c00000, 0x0000000709c00000, 0x0000000709e00000|  0%| F|  |TAMS 0x0000000709c00000| PB 0x0000000709c00000| Untracked |  0
|  52|0x0000000709e00000, 0x0000000709e00000, 0x000000070a000000|  0%| F|  |TAMS 0x0000000709e00000| PB 0x0000000709e00000| Untracked |  0
|  53|0x000000070a000000, 0x000000070a000000, 0x000000070a200000|  0%| F|  |TAMS 0x000000070a000000| PB 0x000000070a000000| Untracked |  0
|  54|0x000000070a200000, 0x000000070a200000, 0x000000070a400000|  0%| F|  |TAMS 0x000000070a200000| PB 0x000000070a200000| Untracked |  0
|  55|0x000000070a400000, 0x000000070a400000, 0x000000070a600000|  0%| F|  |TAMS 0x000000070a400000| PB 0x000000070a400000| Untracked |  0
|  56|0x000000070a600000, 0x000000070a600000, 0x000000070a800000|  0%| F|  |TAMS 0x000000070a600000| PB 0x000000070a600000| Untracked |  0
|  57|0x000000070a800000, 0x000000070a800000, 0x000000070aa00000|  0%| F|  |TAMS 0x000000070a800000| PB 0x000000070a800000| Untracked |  0
|  58|0x000000070aa00000, 0x000000070aa00000, 0x000000070ac00000|  0%| F|  |TAMS 0x000000070aa00000| PB 0x000000070aa00000| Untracked |  0
|  59|0x000000070ac00000, 0x000000070ac00000, 0x000000070ae00000|  0%| F|  |TAMS 0x000000070ac00000| PB 0x000000070ac00000| Untracked |  0
|  60|0x000000070ae00000, 0x000000070ae00000, 0x000000070b000000|  0%| F|  |TAMS 0x000000070ae00000| PB 0x000000070ae00000| Untracked |  0
|  61|0x000000070b000000, 0x000000070b000000, 0x000000070b200000|  0%| F|  |TAMS 0x000000070b000000| PB 0x000000070b000000| Untracked |  0
|  62|0x000000070b200000, 0x000000070b200000, 0x000000070b400000|  0%| F|  |TAMS 0x000000070b200000| PB 0x000000070b200000| Untracked |  0
|  63|0x000000070b400000, 0x000000070b400000, 0x000000070b600000|  0%| F|  |TAMS 0x000000070b400000| PB 0x000000070b400000| Untracked |  0
|  64|0x000000070b600000, 0x000000070b600000, 0x000000070b800000|  0%| F|  |TAMS 0x000000070b600000| PB 0x000000070b600000| Untracked |  0
|  65|0x000000070b800000, 0x000000070b800000, 0x000000070ba00000|  0%| F|  |TAMS 0x000000070b800000| PB 0x000000070b800000| Untracked |  0
|  66|0x000000070ba00000, 0x000000070ba00000, 0x000000070bc00000|  0%| F|  |TAMS 0x000000070ba00000| PB 0x000000070ba00000| Untracked |  0
|  67|0x000000070bc00000, 0x000000070bc00000, 0x000000070be00000|  0%| F|  |TAMS 0x000000070bc00000| PB 0x000000070bc00000| Untracked |  0
|  68|0x000000070be00000, 0x000000070be00000, 0x000000070c000000|  0%| F|  |TAMS 0x000000070be00000| PB 0x000000070be00000| Untracked |  0
|  69|0x000000070c000000, 0x000000070c000000, 0x000000070c200000|  0%| F|  |TAMS 0x000000070c000000| PB 0x000000070c000000| Untracked |  0
|  70|0x000000070c200000, 0x000000070c200000, 0x000000070c400000|  0%| F|  |TAMS 0x000000070c200000| PB 0x000000070c200000| Untracked |  0
|  71|0x000000070c400000, 0x000000070c400000, 0x000000070c600000|  0%| F|  |TAMS 0x000000070c400000| PB 0x000000070c400000| Untracked |  0
|  72|0x000000070c600000, 0x000000070c600000, 0x000000070c800000|  0%| F|  |TAMS 0x000000070c600000| PB 0x000000070c600000| Untracked |  0
|  73|0x000000070c800000, 0x000000070c800000, 0x000000070ca00000|  0%| F|  |TAMS 0x000000070c800000| PB 0x000000070c800000| Untracked |  0
|  74|0x000000070ca00000, 0x000000070ca00000, 0x000000070cc00000|  0%| F|  |TAMS 0x000000070ca00000| PB 0x000000070ca00000| Untracked |  0
|  75|0x000000070cc00000, 0x000000070cc00000, 0x000000070ce00000|  0%| F|  |TAMS 0x000000070cc00000| PB 0x000000070cc00000| Untracked |  0
|  76|0x000000070ce00000, 0x000000070ce00000, 0x000000070d000000|  0%| F|  |TAMS 0x000000070ce00000| PB 0x000000070ce00000| Untracked |  0
|  77|0x000000070d000000, 0x000000070d000000, 0x000000070d200000|  0%| F|  |TAMS 0x000000070d000000| PB 0x000000070d000000| Untracked |  0
|  78|0x000000070d200000, 0x000000070d200000, 0x000000070d400000|  0%| F|  |TAMS 0x000000070d200000| PB 0x000000070d200000| Untracked |  0
|  79|0x000000070d400000, 0x000000070d400000, 0x000000070d600000|  0%| F|  |TAMS 0x000000070d400000| PB 0x000000070d400000| Untracked |  0
|  80|0x000000070d600000, 0x000000070d600000, 0x000000070d800000|  0%| F|  |TAMS 0x000000070d600000| PB 0x000000070d600000| Untracked |  0
|  81|0x000000070d800000, 0x000000070d800000, 0x000000070da00000|  0%| F|  |TAMS 0x000000070d800000| PB 0x000000070d800000| Untracked |  0
|  82|0x000000070da00000, 0x000000070da00000, 0x000000070dc00000|  0%| F|  |TAMS 0x000000070da00000| PB 0x000000070da00000| Untracked |  0
|  83|0x000000070dc00000, 0x000000070de00000, 0x000000070de00000|100%| E|  |TAMS 0x000000070dc00000| PB 0x000000070dc00000| Complete |  0
|  84|0x000000070de00000, 0x000000070e000000, 0x000000070e000000|100%| E|CS|TAMS 0x000000070de00000| PB 0x000000070de00000| Complete |  0
|  85|0x000000070e000000, 0x000000070e200000, 0x000000070e200000|100%| E|CS|TAMS 0x000000070e000000| PB 0x000000070e000000| Complete |  0
|  86|0x000000070e200000, 0x000000070e400000, 0x000000070e400000|100%| E|CS|TAMS 0x000000070e200000| PB 0x000000070e200000| Complete |  0
|  87|0x000000070e400000, 0x000000070e600000, 0x000000070e600000|100%| E|CS|TAMS 0x000000070e400000| PB 0x000000070e400000| Complete |  0
|  88|0x000000070e600000, 0x000000070e800000, 0x000000070e800000|100%| E|CS|TAMS 0x000000070e600000| PB 0x000000070e600000| Complete |  0
|  89|0x000000070e800000, 0x000000070ea00000, 0x000000070ea00000|100%| E|CS|TAMS 0x000000070e800000| PB 0x000000070e800000| Complete |  0
|  90|0x000000070ea00000, 0x000000070ec00000, 0x000000070ec00000|100%| E|CS|TAMS 0x000000070ea00000| PB 0x000000070ea00000| Complete |  0
|  91|0x000000070ec00000, 0x000000070ee00000, 0x000000070ee00000|100%| E|CS|TAMS 0x000000070ec00000| PB 0x000000070ec00000| Complete |  0
|  92|0x000000070ee00000, 0x000000070f000000, 0x000000070f000000|100%| E|CS|TAMS 0x000000070ee00000| PB 0x000000070ee00000| Complete |  0
|  93|0x000000070f000000, 0x000000070f200000, 0x000000070f200000|100%| E|CS|TAMS 0x000000070f000000| PB 0x000000070f000000| Complete |  0
|  94|0x000000070f200000, 0x000000070f400000, 0x000000070f400000|100%| E|CS|TAMS 0x000000070f200000| PB 0x000000070f200000| Complete |  0
|  95|0x000000070f400000, 0x000000070f600000, 0x000000070f600000|100%| E|CS|TAMS 0x000000070f400000| PB 0x000000070f400000| Complete |  0
|  96|0x000000070f600000, 0x000000070f800000, 0x000000070f800000|100%| E|CS|TAMS 0x000000070f600000| PB 0x000000070f600000| Complete |  0
|  97|0x000000070f800000, 0x000000070fa00000, 0x000000070fa00000|100%| E|CS|TAMS 0x000000070f800000| PB 0x000000070f800000| Complete |  0
|  98|0x000000070fa00000, 0x000000070fc00000, 0x000000070fc00000|100%| E|CS|TAMS 0x000000070fa00000| PB 0x000000070fa00000| Complete |  0
|  99|0x000000070fc00000, 0x000000070fe00000, 0x000000070fe00000|100%| E|CS|TAMS 0x000000070fc00000| PB 0x000000070fc00000| Complete |  0
| 100|0x000000070fe00000, 0x000000070fe6aa80, 0x0000000710000000| 20%| S|CS|TAMS 0x000000070fe00000| PB 0x000000070fe00000| Complete |  0
| 101|0x0000000710000000, 0x0000000710200000, 0x0000000710200000|100%| S|CS|TAMS 0x0000000710000000| PB 0x0000000710000000| Complete |  0
| 102|0x0000000710200000, 0x0000000710400000, 0x0000000710400000|100%| S|CS|TAMS 0x0000000710200000| PB 0x0000000710200000| Complete |  0
| 103|0x0000000710400000, 0x0000000710600000, 0x0000000710600000|100%| E|CS|TAMS 0x0000000710400000| PB 0x0000000710400000| Complete |  0
| 104|0x0000000710600000, 0x0000000710800000, 0x0000000710800000|100%| E|CS|TAMS 0x0000000710600000| PB 0x0000000710600000| Complete |  0
| 105|0x0000000710800000, 0x0000000710a00000, 0x0000000710a00000|100%| E|CS|TAMS 0x0000000710800000| PB 0x0000000710800000| Complete |  0
| 106|0x0000000710a00000, 0x0000000710c00000, 0x0000000710c00000|100%| E|CS|TAMS 0x0000000710a00000| PB 0x0000000710a00000| Complete |  0
| 107|0x0000000710c00000, 0x0000000710e00000, 0x0000000710e00000|100%| E|CS|TAMS 0x0000000710c00000| PB 0x0000000710c00000| Complete |  0
| 108|0x0000000710e00000, 0x0000000711000000, 0x0000000711000000|100%| E|CS|TAMS 0x0000000710e00000| PB 0x0000000710e00000| Complete |  0
| 109|0x0000000711000000, 0x0000000711200000, 0x0000000711200000|100%| E|CS|TAMS 0x0000000711000000| PB 0x0000000711000000| Complete |  0
| 110|0x0000000711200000, 0x0000000711400000, 0x0000000711400000|100%| E|CS|TAMS 0x0000000711200000| PB 0x0000000711200000| Complete |  0
| 111|0x0000000711400000, 0x0000000711600000, 0x0000000711600000|100%| E|CS|TAMS 0x0000000711400000| PB 0x0000000711400000| Complete |  0
| 112|0x0000000711600000, 0x0000000711800000, 0x0000000711800000|100%| E|CS|TAMS 0x0000000711600000| PB 0x0000000711600000| Complete |  0
| 113|0x0000000711800000, 0x0000000711a00000, 0x0000000711a00000|100%| E|CS|TAMS 0x0000000711800000| PB 0x0000000711800000| Complete |  0
| 114|0x0000000711a00000, 0x0000000711c00000, 0x0000000711c00000|100%| E|CS|TAMS 0x0000000711a00000| PB 0x0000000711a00000| Complete |  0
| 115|0x0000000711c00000, 0x0000000711e00000, 0x0000000711e00000|100%| E|CS|TAMS 0x0000000711c00000| PB 0x0000000711c00000| Complete |  0
| 116|0x0000000711e00000, 0x0000000712000000, 0x0000000712000000|100%| E|CS|TAMS 0x0000000711e00000| PB 0x0000000711e00000| Complete |  0
| 117|0x0000000712000000, 0x0000000712200000, 0x0000000712200000|100%| E|CS|TAMS 0x0000000712000000| PB 0x0000000712000000| Complete |  0
| 118|0x0000000712200000, 0x0000000712400000, 0x0000000712400000|100%| E|CS|TAMS 0x0000000712200000| PB 0x0000000712200000| Complete |  0
| 119|0x0000000712400000, 0x0000000712600000, 0x0000000712600000|100%| E|CS|TAMS 0x0000000712400000| PB 0x0000000712400000| Complete |  0
| 120|0x0000000712600000, 0x0000000712800000, 0x0000000712800000|100%| E|CS|TAMS 0x0000000712600000| PB 0x0000000712600000| Complete |  0
| 121|0x0000000712800000, 0x0000000712a00000, 0x0000000712a00000|100%| E|CS|TAMS 0x0000000712800000| PB 0x0000000712800000| Complete |  0
| 122|0x0000000712a00000, 0x0000000712c00000, 0x0000000712c00000|100%| E|CS|TAMS 0x0000000712a00000| PB 0x0000000712a00000| Complete |  0
| 123|0x0000000712c00000, 0x0000000712e00000, 0x0000000712e00000|100%| E|CS|TAMS 0x0000000712c00000| PB 0x0000000712c00000| Complete |  0
| 124|0x0000000712e00000, 0x0000000713000000, 0x0000000713000000|100%| E|CS|TAMS 0x0000000712e00000| PB 0x0000000712e00000| Complete |  0
| 125|0x0000000713000000, 0x0000000713200000, 0x0000000713200000|100%| E|CS|TAMS 0x0000000713000000| PB 0x0000000713000000| Complete |  0
| 126|0x0000000713200000, 0x0000000713400000, 0x0000000713400000|100%| E|CS|TAMS 0x0000000713200000| PB 0x0000000713200000| Complete |  0
|2020|0x00000007ffe00000, 0x00000007fff1d1c0, 0x0000000800000000| 55%| O|  |TAMS 0x00000007ffe00000| PB 0x00000007ffe00000| Untracked |  0

Card table byte_map: [0x0000015f377f0000,0x0000015f37fe0000] _byte_map_base: 0x0000015f33fd5000

Marking Bits: (CMBitMap*) 0x0000015f1f279ee0
 Bits: [0x0000015f37fe0000, 0x0000015f3bf08000)

Polling page: 0x0000015f1e9e0000

Metaspace:

Usage:
  Non-class:     13.85 MB used.
      Class:      1.48 MB used.
       Both:     15.34 MB used.

Virtual space:
  Non-class space:       64.00 MB reserved,      14.00 MB ( 22%) committed,  1 nodes.
      Class space:        1.00 GB reserved,       1.62 MB ( <1%) committed,  1 nodes.
             Both:        1.06 GB reserved,      15.62 MB (  1%) committed. 

Chunk freelists:
   Non-Class:  1.83 MB
       Class:  14.42 MB
        Both:  16.24 MB

MaxMetaspaceSize: unlimited
CompressedClassSpaceSize: 1.00 GB
Initial GC threshold: 21.00 MB
Current GC threshold: 21.00 MB
CDS: on
 - commit_granule_bytes: 65536.
 - commit_granule_words: 8192.
 - virtual_space_node_default_size: 8388608.
 - enlarge_chunks_in_place: 1.
UseCompressedClassPointers 1, UseCompactObjectHeaders 0
Narrow klass pointer bits 32, Max shift 3
Narrow klass base: 0x0000015f3f000000, Narrow klass shift: 0
Encoding Range: [0x0000015f3f000000 - 0x000001603f000000), (4294967296 bytes)
Klass Range:    [0x0000015f3f000000 - 0x0000015f80000000), (1090519040 bytes)
Klass ID Range:  [8 - 1090519033) (1090519025)


Internal statistics:

num_allocs_failed_limit: 0.
num_arena_births: 132.
num_arena_deaths: 0.
num_vsnodes_births: 2.
num_vsnodes_deaths: 0.
num_space_committed: 250.
num_space_uncommitted: 0.
num_chunks_returned_to_freelist: 0.
num_chunks_taken_from_freelist: 670.
num_chunk_merges: 0.
num_chunk_splits: 452.
num_chunks_enlarged: 365.
num_inconsistent_stats: 0.

CodeHeap 'non-profiled nmethods': size=120064Kb used=1673Kb max_used=1673Kb free=118390Kb
 bounds [0x0000015f2f570000, 0x0000015f2f7e0000, 0x0000015f36ab0000]
CodeHeap 'profiled nmethods': size=120000Kb used=7331Kb max_used=7331Kb free=112668Kb
 bounds [0x0000015f27ab0000, 0x0000015f281e0000, 0x0000015f2efe0000]
CodeHeap 'non-nmethods': size=5696Kb used=1454Kb max_used=1513Kb free=4241Kb
 bounds [0x0000015f2efe0000, 0x0000015f2f250000, 0x0000015f2f570000]
CodeCache: size=245760Kb, used=10458Kb, max_used=10517Kb, free=235299Kb
 total_blobs=4813, nmethods=4316, adapters=400, full_count=0
Compilation: enabled, stopped_count=0, restarted_count=0

Compilation events (20 events):
Event: 3.104 Thread 0x0000015f3ec23850 nmethod 4293 0x0000015f2f70b988 code [0x0000015f2f70bb40, 0x0000015f2f70c6d8]
Event: 3.104 Thread 0x0000015f3ec23850 4294       4       org.codehaus.plexus.interpolation.reflection.ClassMap::makeMethodKey (75 bytes)
Event: 3.105 Thread 0x0000015f3ec23850 nmethod 4294 0x0000015f2f70c788 code [0x0000015f2f70c880, 0x0000015f2f70c928]
Event: 3.105 Thread 0x0000015f3ec23850 4295       4       java.util.stream.AbstractPipeline::<init> (55 bytes)
Event: 3.105 Thread 0x0000015f3ec23850 nmethod 4295 0x0000015f2f70ca88 code [0x0000015f2f70cb80, 0x0000015f2f70ced8]
Event: 3.106 Thread 0x0000015f3ec230c0 nmethod 4284 0x0000015f2f70cf08 code [0x0000015f2f70d220, 0x0000015f2f70f000]
Event: 3.107 Thread 0x0000015f3ec23850 4296       4       org.apache.maven.model.Plugin::getDependencies (23 bytes)
Event: 3.108 Thread 0x0000015f3ec22930 4297       3       sun.nio.fs.WindowsFileSystem::getPath (106 bytes)
Event: 3.108 Thread 0x0000015f3ec23850 nmethod 4296 0x0000015f2f70f108 code [0x0000015f2f70f220, 0x0000015f2f70f420]
Event: 3.109 Thread 0x0000015f3ec22930 nmethod 4297 0x0000015f281ce588 code [0x0000015f281ce780, 0x0000015f281cf518]
Event: 3.109 Thread 0x0000015f3ec22930 4298       3       sun.nio.fs.WindowsPath::parse (26 bytes)
Event: 3.109 Thread 0x0000015f3ec22930 nmethod 4298 0x0000015f281cf588 code [0x0000015f281cf6e0, 0x0000015f281cfba0]
Event: 3.109 Thread 0x0000015f3ec230c0 4299       4       java.util.concurrent.ConcurrentHashMap::putAll (75 bytes)
Event: 3.113 Thread 0x0000015f3ec22930 4300       1       org.apache.maven.model.building.DefaultModelBuildingRequest::getWorkspaceModelResolver (5 bytes)
Event: 3.113 Thread 0x0000015f3ec22930 nmethod 4300 0x0000015f2f70f488 code [0x0000015f2f70f580, 0x0000015f2f70f648]
Event: 3.121 Thread 0x0000015f3ec22930 4301       3       java.nio.file.Files::provider (10 bytes)
Event: 3.122 Thread 0x0000015f3ec22930 nmethod 4301 0x0000015f281cfc08 code [0x0000015f281cfd20, 0x0000015f281cff10]
Event: 3.123 Thread 0x0000015f3ec22930 4302       3       org.apache.maven.model.io.xpp3.MavenXpp3Reader::parseContributor (482 bytes)
Event: 3.127 Thread 0x0000015f3ec22930 nmethod 4302 0x0000015f281cff88 code [0x0000015f281d0620, 0x0000015f281d4520]
Event: 3.136 Thread 0x0000015f3ec22930 4303       1       org.apache.maven.model.Model::setOrganization (6 bytes)

GC Heap History (2 events):
Event: 1.445 GC heap before
{Heap before GC invocations=0 (full 0):
 garbage-first heap   total reserved 4139008K, committed 262144K, used 48244K [0x0000000703600000, 0x0000000800000000)
  region size 2048K, 24 young (49152K), 0 survivors (0K)
 Metaspace       used 9423K, committed 9664K, reserved 1114112K
  class space    used 849K, committed 960K, reserved 1048576K
}
Event: 1.450 GC heap after
{Heap after GC invocations=1 (full 0):
 garbage-first heap   total reserved 4139008K, committed 262144K, used 5663K [0x0000000703600000, 0x0000000800000000)
  region size 2048K, 3 young (6144K), 3 survivors (6144K)
 Metaspace       used 9423K, committed 9664K, reserved 1114112K
  class space    used 849K, committed 960K, reserved 1048576K
}

Dll operation events (8 events):
Event: 0.008 Loaded shared library C:\Program Files\Java\jdk-24\bin\java.dll
Event: 0.038 Loaded shared library C:\Program Files\Java\jdk-24\bin\jsvml.dll
Event: 0.050 Loaded shared library C:\Program Files\Java\jdk-24\bin\net.dll
Event: 0.053 Loaded shared library C:\Program Files\Java\jdk-24\bin\nio.dll
Event: 0.057 Loaded shared library C:\Program Files\Java\jdk-24\bin\zip.dll
Event: 0.255 Loaded shared library C:\Program Files\Java\jdk-24\bin\jimage.dll
Event: 0.257 Loaded shared library C:\Users\hungf\.m2\wrapper\dists\apache-maven-3.9.12\59fe215c0ad6947fea90184bf7add084544567b927287592651fda3782e0e798\lib\jansi-native\Windows\x86_64\jansi.dll
Event: 0.268 Loaded shared library C:\Program Files\Java\jdk-24\bin\verify.dll

Deoptimization events (20 events):
Event: 2.815 Thread 0x0000015f1cf533b0 DEOPT PACKING pc=0x0000015f2f6ee9fc sp=0x00000001006fc7e0
Event: 2.815 Thread 0x0000015f1cf533b0 DEOPT UNPACKING pc=0x0000015f2f106d02 sp=0x00000001006fc770 mode 2
Event: 2.830 Thread 0x0000015f1cf533b0 Uncommon trap: trap_request=0xffffff4d fr.pc=0x0000015f2f6e0738 relative=0x00000000000003f8
Event: 2.830 Thread 0x0000015f1cf533b0 Uncommon trap: reason=unstable_if action=reinterpret pc=0x0000015f2f6e0738 method=org.apache.maven.model.ConfigurationContainer.getLocation(Ljava/lang/Object;)Lorg/apache/maven/model/InputLocation; @ 18 c2
Event: 2.830 Thread 0x0000015f1cf533b0 DEOPT PACKING pc=0x0000015f2f6e0738 sp=0x00000001006fc670
Event: 2.830 Thread 0x0000015f1cf533b0 DEOPT UNPACKING pc=0x0000015f2f106d02 sp=0x00000001006fc610 mode 2
Event: 2.848 Thread 0x0000015f1cf533b0 Uncommon trap: trap_request=0xffffff4d fr.pc=0x0000015f2f684fe4 relative=0x0000000000000124
Event: 2.848 Thread 0x0000015f1cf533b0 Uncommon trap: reason=unstable_if action=reinterpret pc=0x0000015f2f684fe4 method=java.util.HashMap.getNode(Ljava/lang/Object;)Ljava/util/HashMap$Node; @ 66 c2
Event: 2.848 Thread 0x0000015f1cf533b0 DEOPT PACKING pc=0x0000015f2f684fe4 sp=0x00000001006fd2c0
Event: 2.848 Thread 0x0000015f1cf533b0 DEOPT UNPACKING pc=0x0000015f2f106d02 sp=0x00000001006fd1d0 mode 2
Event: 2.886 Thread 0x0000015f1cf533b0 Uncommon trap: trap_request=0xffffff4d fr.pc=0x0000015f2f6d5528 relative=0x00000000000028a8
Event: 2.886 Thread 0x0000015f1cf533b0 Uncommon trap: reason=unstable_if action=reinterpret pc=0x0000015f2f6d5528 method=org.codehaus.plexus.util.xml.pull.MXParser.parseAttribute()C @ 786 c2
Event: 2.886 Thread 0x0000015f1cf533b0 DEOPT PACKING pc=0x0000015f2f6d5528 sp=0x00000001006fc200
Event: 2.886 Thread 0x0000015f1cf533b0 DEOPT UNPACKING pc=0x0000015f2f106d02 sp=0x00000001006fc188 mode 2
Event: 2.953 Thread 0x0000015f1cf533b0 DEOPT PACKING pc=0x0000015f28105ff5 sp=0x00000001006fcc40
Event: 2.953 Thread 0x0000015f1cf533b0 DEOPT UNPACKING pc=0x0000015f2f036642 sp=0x00000001006fc178 mode 0
Event: 2.958 Thread 0x0000015f1cf533b0 Uncommon trap: trap_request=0xffffff4d fr.pc=0x0000015f2f668f88 relative=0x0000000000002408
Event: 2.959 Thread 0x0000015f1cf533b0 Uncommon trap: reason=unstable_if action=reinterpret pc=0x0000015f2f668f88 method=org.codehaus.plexus.util.xml.pull.MXParser.isS(C)Z @ 21 c2
Event: 2.959 Thread 0x0000015f1cf533b0 DEOPT PACKING pc=0x0000015f2f668f88 sp=0x00000001006fc960
Event: 2.959 Thread 0x0000015f1cf533b0 DEOPT UNPACKING pc=0x0000015f2f106d02 sp=0x00000001006fc898 mode 2

Classes loaded (20 events):
Event: 2.173 Loading class java/util/Spliterator$OfPrimitive
Event: 2.173 Loading class java/util/Spliterator$OfPrimitive done
Event: 2.173 Loading class java/util/Spliterator$OfInt done
Event: 2.173 Loading class java/util/Spliterators$EmptySpliterator$OfInt done
Event: 2.173 Loading class java/util/stream/IntPipeline$Head
Event: 2.173 Loading class java/util/stream/IntPipeline
Event: 2.173 Loading class java/util/stream/IntPipeline done
Event: 2.173 Loading class java/util/stream/IntPipeline$Head done
Event: 2.179 Loading class java/util/StringTokenizer
Event: 2.179 Loading class java/util/StringTokenizer done
Event: 2.188 Loading class sun/invoke/util/ValueConversions$1
Event: 2.189 Loading class sun/invoke/util/ValueConversions$1 done
Event: 2.189 Loading class java/lang/invoke/BoundMethodHandle$Species_LI
Event: 2.189 Loading class java/lang/invoke/BoundMethodHandle$Species_LI done
Event: 2.238 Loading class java/util/stream/Streams$RangeIntSpliterator
Event: 2.238 Loading class java/util/stream/Streams$RangeIntSpliterator done
Event: 3.131 Loading class sun/nio/fs/WindowsDirectoryStream
Event: 3.131 Loading class java/nio/file/DirectoryStream
Event: 3.132 Loading class java/nio/file/DirectoryStream done
Event: 3.132 Loading class sun/nio/fs/WindowsDirectoryStream done

Classes unloaded (0 events):
No events

Classes redefined (0 events):
No events

Internal exceptions (20 events):
Event: 0.715 Thread 0x0000015f1cf533b0 Exception <a 'java/lang/NoSuchMethodError'{0x0000000712075128}: 'java.lang.Object java.lang.invoke.DirectMethodHandle$Holder.newInvokeSpecial(java.lang.Object, java.lang.Object, java.lang.Object, java.lang.Object, java.lang.Object)'> (0x0000000712075128) 
thrown [s\open\src\hotspot\share\interpreter\linkResolver.cpp, line 805]
Event: 0.754 Thread 0x0000015f1cf533b0 Exception <a 'java/lang/NoSuchMethodError'{0x00000007121969b8}: 'int java.lang.invoke.DirectMethodHandle$Holder.invokeStaticInit(java.lang.Object, java.lang.Object)'> (0x00000007121969b8) 
thrown [s\open\src\hotspot\share\interpreter\linkResolver.cpp, line 805]
Event: 0.763 Thread 0x0000015f1cf533b0 Exception <a 'java/lang/NoClassDefFoundError'{0x00000007121d1d40}: javax/enterprise/inject/Typed> (0x00000007121d1d40) 
thrown [s\open\src\hotspot\share\classfile\systemDictionary.cpp, line 316]
Event: 1.600 Thread 0x0000015f1cf533b0 Exception <a 'java/lang/NoSuchMethodError'{0x0000000712f701b8}: 'void java.lang.invoke.DirectMethodHandle$Holder.invokeStaticInit(java.lang.Object, java.lang.Object, java.lang.Object)'> (0x0000000712f701b8) 
thrown [s\open\src\hotspot\share\interpreter\linkResolver.cpp, line 805]
Event: 1.625 Thread 0x0000015f1cf533b0 Implicit null exception at 0x0000015f2f5eaa3d to 0x0000015f2f5eabd0
Event: 1.629 Thread 0x0000015f1cf533b0 Exception <a 'java/lang/NoSuchMethodError'{0x0000000712c08228}: 'java.lang.Object java.lang.invoke.Invokers$Holder.invokeExact_MT(java.lang.Object, int, java.lang.Object)'> (0x0000000712c08228) 
thrown [s\open\src\hotspot\share\interpreter\linkResolver.cpp, line 805]
Event: 1.851 Thread 0x0000015f1cf533b0 Exception <a 'java/lang/NoSuchMethodError'{0x0000000712429910}: 'void java.lang.invoke.Invokers$Holder.invokeExact_MT(java.lang.Object, java.lang.Object, java.lang.Object, java.lang.Object)'> (0x0000000712429910) 
thrown [s\open\src\hotspot\share\interpreter\linkResolver.cpp, line 805]
Event: 1.864 Thread 0x0000015f1cf533b0 Exception <a 'java/lang/NoClassDefFoundError'{0x00000007124be4a8}: com/google/inject/servlet/ServletModuleTargetVisitor> (0x00000007124be4a8) 
thrown [s\open\src\hotspot\share\classfile\systemDictionary.cpp, line 316]
Event: 2.010 Thread 0x0000015f1cf533b0 Exception <a 'java/lang/NoSuchMethodError'{0x000000071234ab30}: 'java.lang.Object java.lang.invoke.DirectMethodHandle$Holder.invokeStaticInit(java.lang.Object, int, int, int, int)'> (0x000000071234ab30) 
thrown [s\open\src\hotspot\share\interpreter\linkResolver.cpp, line 805]
Event: 2.091 Thread 0x0000015f1cf533b0 Implicit null exception at 0x0000015f2f636a94 to 0x0000015f2f6370bc
Event: 2.091 Thread 0x0000015f1cf533b0 Implicit null exception at 0x0000015f2f5b5290 to 0x0000015f2f5b58b4
Event: 2.129 Thread 0x0000015f1cf533b0 Exception <a 'java/lang/NoSuchMethodError'{0x0000000711cbbbc8}: 'void java.lang.invoke.DirectMethodHandle$Holder.invokeSpecial(java.lang.Object, java.lang.Object, java.lang.Object, java.lang.Object, java.lang.Object, java.lang.Object)'> (0x0000000711cbbbc8) 
thrown [s\open\src\hotspot\share\interpreter\linkResolver.cpp, line 805]
Event: 2.143 Thread 0x0000015f1cf533b0 Exception <a 'java/lang/NoSuchMethodError'{0x0000000711db5da0}: 'java.lang.Object java.lang.invoke.DirectMethodHandle$Holder.invokeVirtual(java.lang.Object, java.lang.Object, java.lang.Object)'> (0x0000000711db5da0) 
thrown [s\open\src\hotspot\share\interpreter\linkResolver.cpp, line 805]
Event: 2.188 Thread 0x0000015f1cf533b0 Exception <a 'java/lang/NoSuchMethodError'{0x0000000711b39030}: 'void java.lang.invoke.DirectMethodHandle$Holder.invokeVirtual(java.lang.Object, java.lang.Object, int)'> (0x0000000711b39030) 
thrown [s\open\src\hotspot\share\interpreter\linkResolver.cpp, line 805]
Event: 2.189 Thread 0x0000015f1cf533b0 Exception <a 'java/lang/NoSuchMethodError'{0x0000000711b50e28}: 'java.lang.Object java.lang.invoke.DirectMethodHandle$Holder.invokeStatic(java.lang.Object, java.lang.Object, java.lang.Object, java.lang.Object, int)'> (0x0000000711b50e28) 
thrown [s\open\src\hotspot\share\interpreter\linkResolver.cpp, line 805]
Event: 2.190 Thread 0x0000015f1cf533b0 Exception <a 'java/lang/NoSuchMethodError'{0x0000000711b62490}: 'void java.lang.invoke.DirectMethodHandle$Holder.invokeSpecial(java.lang.Object, java.lang.Object, java.lang.Object, int)'> (0x0000000711b62490) 
thrown [s\open\src\hotspot\share\interpreter\linkResolver.cpp, line 805]
Event: 2.191 Thread 0x0000015f1cf533b0 Exception <a 'java/lang/NoSuchMethodError'{0x0000000711b6a7f0}: 'void java.lang.invoke.DelegatingMethodHandle$Holder.reinvoke_L(java.lang.Object, java.lang.Object, int)'> (0x0000000711b6a7f0) 
thrown [s\open\src\hotspot\share\interpreter\linkResolver.cpp, line 805]
Event: 2.539 Thread 0x0000015f1cf533b0 Exception <a 'java/lang/NoSuchMethodError'{0x000000070fa53150}: 'void java.lang.invoke.DirectMethodHandle$Holder.invokeStatic(java.lang.Object, java.lang.Object, java.lang.Object, java.lang.Object)'> (0x000000070fa53150) 
thrown [s\open\src\hotspot\share\interpreter\linkResolver.cpp, line 805]
Event: 3.131 Thread 0x0000015f1cf533b0 Exception <a 'sun/nio/fs/WindowsException'{0x000000070df63d60}> (0x000000070df63d60) 
thrown [s\open\src\hotspot\share\prims\jni.cpp, line 518]
Event: 3.132 Thread 0x0000015f1cf533b0 Exception <a 'sun/nio/fs/WindowsException'{0x000000070df641a8}> (0x000000070df641a8) 
thrown [s\open\src\hotspot\share\prims\jni.cpp, line 518]

VM Operations (20 events):
Event: 1.662 Executing VM operation: HandshakeAllThreads (Deoptimize)
Event: 1.662 Executing VM operation: HandshakeAllThreads (Deoptimize) done
Event: 1.663 Executing VM operation: HandshakeAllThreads (Deoptimize)
Event: 1.663 Executing VM operation: HandshakeAllThreads (Deoptimize) done
Event: 1.702 Executing VM operation: HandshakeAllThreads (Deoptimize)
Event: 1.702 Executing VM operation: HandshakeAllThreads (Deoptimize) done
Event: 1.845 Executing VM operation: HandshakeAllThreads (Deoptimize)
Event: 1.845 Executing VM operation: HandshakeAllThreads (Deoptimize) done
Event: 1.949 Executing VM operation: HandshakeAllThreads (Deoptimize)
Event: 1.949 Executing VM operation: HandshakeAllThreads (Deoptimize) done
Event: 1.975 Executing VM operation: HandshakeAllThreads (Deoptimize)
Event: 1.975 Executing VM operation: HandshakeAllThreads (Deoptimize) done
Event: 2.027 Executing VM operation: HandshakeAllThreads (Deoptimize)
Event: 2.027 Executing VM operation: HandshakeAllThreads (Deoptimize) done
Event: 2.043 Executing VM operation: HandshakeAllThreads (Deoptimize)
Event: 2.043 Executing VM operation: HandshakeAllThreads (Deoptimize) done
Event: 2.067 Executing VM operation: HandshakeAllThreads (Deoptimize)
Event: 2.068 Executing VM operation: HandshakeAllThreads (Deoptimize) done
Event: 2.068 Executing VM operation: HandshakeAllThreads (Deoptimize)
Event: 2.068 Executing VM operation: HandshakeAllThreads (Deoptimize) done

Memory protections (0 events):
No events

Nmethod flushes (0 events):
No events

Events (16 events):
Event: 0.025 Thread 0x0000015f1cf533b0 Thread added: 0x0000015f1cf533b0
Event: 0.036 Thread 0x0000015f1cf533b0 Thread added: 0x0000015f3ec03540
Event: 0.036 Thread 0x0000015f1cf533b0 Thread added: 0x0000015f3ec04ef0
Event: 0.036 Thread 0x0000015f1cf533b0 Thread added: 0x0000015f3ec08c10
Event: 0.036 Thread 0x0000015f1cf533b0 Thread added: 0x0000015f3ec09cb0
Event: 0.036 Thread 0x0000015f1cf533b0 Thread added: 0x0000015f3ec0b0f0
Event: 0.036 Thread 0x0000015f1cf533b0 Thread added: 0x0000015f3ec0da60
Event: 0.036 Thread 0x0000015f1cf533b0 Thread added: 0x0000015f3ec1c660
Event: 0.036 Thread 0x0000015f1cf533b0 Thread added: 0x0000015f3ec22930
Event: 0.045 Thread 0x0000015f1cf533b0 Thread added: 0x0000015f841562f0
Event: 0.048 Thread 0x0000015f1cf533b0 Thread added: 0x0000015f84159a60
Event: 0.102 Thread 0x0000015f3ec22930 Thread added: 0x0000015f3ec230c0
Event: 0.254 Thread 0x0000015f1cf533b0 Thread added: 0x0000015f843b6a90
Event: 0.269 Thread 0x0000015f843b6a90 Thread exited: 0x0000015f843b6a90
Event: 0.805 Thread 0x0000015f3ec22930 Thread added: 0x0000015f3ec23850
Event: 2.041 Thread 0x0000015f1cf533b0 Thread added: 0x0000015f8513b820


Dynamic libraries:
0x00007ff791c60000 - 0x00007ff791c70000 	C:\Program Files\Java\jdk-24\bin\java.exe
0x00007ff900410000 - 0x00007ff900627000 	C:\Windows\SYSTEM32\ntdll.dll
0x00007ff8ff2a0000 - 0x00007ff8ff364000 	C:\Windows\System32\KERNEL32.DLL
0x00007ff8fd790000 - 0x00007ff8fdb47000 	C:\Windows\System32\KERNELBASE.dll
0x00007ff8fded0000 - 0x00007ff8fdfe1000 	C:\Windows\System32\ucrtbase.dll
0x00007ff8ea4a0000 - 0x00007ff8ea4b6000 	C:\Program Files\Java\jdk-24\bin\jli.dll
0x00007ff8d8d60000 - 0x00007ff8d8d7b000 	C:\Program Files\Java\jdk-24\bin\VCRUNTIME140.dll
0x00007ff8ff040000 - 0x00007ff8ff1ef000 	C:\Windows\System32\USER32.dll
0x00007ff8ed970000 - 0x00007ff8edc03000 	C:\Windows\WinSxS\amd64_microsoft.windows.common-controls_6595b64144ccf1df_6.0.22621.3672_none_2713b9d173822955\COMCTL32.dll
0x00007ff8fdff0000 - 0x00007ff8fe016000 	C:\Windows\System32\win32u.dll
0x00007ff8ff370000 - 0x00007ff8ff417000 	C:\Windows\System32\msvcrt.dll
0x00007ff8fedc0000 - 0x00007ff8fede9000 	C:\Windows\System32\GDI32.dll
0x00007ff8fe020000 - 0x00007ff8fe138000 	C:\Windows\System32\gdi32full.dll
0x00007ff8fde30000 - 0x00007ff8fdeca000 	C:\Windows\System32\msvcp_win.dll
0x00007ff8ff5a0000 - 0x00007ff8ff5d1000 	C:\Windows\System32\IMM32.DLL
0x00007ff8f31f0000 - 0x00007ff8f31fc000 	C:\Program Files\Java\jdk-24\bin\vcruntime140_1.dll
0x00007ff8d85e0000 - 0x00007ff8d866e000 	C:\Program Files\Java\jdk-24\bin\msvcp140.dll
0x00007ff805ba0000 - 0x00007ff806942000 	C:\Program Files\Java\jdk-24\bin\server\jvm.dll
0x00007ff8fed00000 - 0x00007ff8fedb2000 	C:\Windows\System32\ADVAPI32.dll
0x00007ff900110000 - 0x00007ff9001b8000 	C:\Windows\System32\sechost.dll
0x00007ff8fde00000 - 0x00007ff8fde28000 	C:\Windows\System32\bcrypt.dll
0x00007ff8ff5e0000 - 0x00007ff8ff6f4000 	C:\Windows\System32\RPCRT4.dll
0x00007ff8ff700000 - 0x00007ff8ff771000 	C:\Windows\System32\WS2_32.dll
0x00007ff8fc590000 - 0x00007ff8fc5dd000 	C:\Windows\SYSTEM32\POWRPROF.dll
0x00007ff8f22d0000 - 0x00007ff8f2304000 	C:\Windows\SYSTEM32\WINMM.dll
0x00007ff8f5720000 - 0x00007ff8f572a000 	C:\Windows\SYSTEM32\VERSION.dll
0x00007ff8fc570000 - 0x00007ff8fc583000 	C:\Windows\SYSTEM32\UMPDC.dll
0x00007ff8fc820000 - 0x00007ff8fc838000 	C:\Windows\SYSTEM32\kernel.appcore.dll
0x00007ff8ec910000 - 0x00007ff8ec91a000 	C:\Program Files\Java\jdk-24\bin\jimage.dll
0x00007ff8facb0000 - 0x00007ff8faee2000 	C:\Windows\SYSTEM32\DBGHELP.DLL
0x00007ff8ffce0000 - 0x00007ff90006e000 	C:\Windows\System32\combase.dll
0x00007ff8ffc00000 - 0x00007ff8ffcd7000 	C:\Windows\System32\OLEAUT32.dll
0x00007ff8d2030000 - 0x00007ff8d2062000 	C:\Windows\SYSTEM32\dbgcore.DLL
0x00007ff8fdcc0000 - 0x00007ff8fdd3b000 	C:\Windows\System32\bcryptPrimitives.dll
0x00007ff8d8530000 - 0x00007ff8d854e000 	C:\Program Files\Java\jdk-24\bin\java.dll
0x00007ff900220000 - 0x00007ff9003c5000 	C:\Windows\System32\ole32.dll
0x00007ff8fe150000 - 0x00007ff8fe9b9000 	C:\Windows\System32\SHELL32.dll
0x00007ff8fb650000 - 0x00007ff8fbf4f000 	C:\Windows\SYSTEM32\windows.storage.dll
0x00007ff8fb510000 - 0x00007ff8fb64f000 	C:\Windows\SYSTEM32\wintypes.dll
0x00007ff8fef40000 - 0x00007ff8ff039000 	C:\Windows\System32\SHCORE.dll
0x00007ff8fee00000 - 0x00007ff8fee5e000 	C:\Windows\System32\shlwapi.dll
0x00007ff8fd650000 - 0x00007ff8fd677000 	C:\Windows\SYSTEM32\profapi.dll
0x00007ff8c8920000 - 0x00007ff8c89f7000 	C:\Program Files\Java\jdk-24\bin\jsvml.dll
0x00007ff8ec880000 - 0x00007ff8ec890000 	C:\Program Files\Java\jdk-24\bin\net.dll
0x00007ff8fcc80000 - 0x00007ff8fcce9000 	C:\Windows\system32\mswsock.dll
0x00007ff8d8510000 - 0x00007ff8d8526000 	C:\Program Files\Java\jdk-24\bin\nio.dll
0x00007ff8d84f0000 - 0x00007ff8d8507000 	C:\Program Files\Java\jdk-24\bin\zip.dll
0x00007ff8cd360000 - 0x00007ff8cd384000 	C:\Users\hungf\.m2\wrapper\dists\apache-maven-3.9.12\59fe215c0ad6947fea90184bf7add084544567b927287592651fda3782e0e798\lib\jansi-native\Windows\x86_64\jansi.dll
0x00007ff8ec830000 - 0x00007ff8ec840000 	C:\Program Files\Java\jdk-24\bin\verify.dll

JVMTI agents: none

dbghelp: loaded successfully - version: 4.0.5 - missing functions: none
symbol engine: initialized successfully - sym options: 0x614 - pdb path: .;C:\Program Files\Java\jdk-24\bin;C:\Windows\SYSTEM32;C:\Windows\WinSxS\amd64_microsoft.windows.common-controls_6595b64144ccf1df_6.0.22621.3672_none_2713b9d173822955;C:\Program Files\Java\jdk-24\bin\server;C:\Users\hungf\.m2\wrapper\dists\apache-maven-3.9.12\59fe215c0ad6947fea90184bf7add084544567b927287592651fda3782e0e798\lib\jansi-native\Windows\x86_64

VM Arguments:
jvm_args: --enable-native-access=ALL-UNNAMED -Dclassworlds.conf=C:\Users\hungf\.m2\wrapper\dists\apache-maven-3.9.12\59fe215c0ad6947fea90184bf7add084544567b927287592651fda3782e0e798\bin\m2.conf -Dmaven.home=C:\Users\hungf\.m2\wrapper\dists\apache-maven-3.9.12\59fe215c0ad6947fea90184bf7add084544567b927287592651fda3782e0e798 -Dlibrary.jansi.path=C:\Users\hungf\.m2\wrapper\dists\apache-maven-3.9.12\59fe215c0ad6947fea90184bf7add084544567b927287592651fda3782e0e798\lib\jansi-native -Dmaven.multiModuleProjectDirectory=D:\Semester 7\SBA\BE\UniCode 
java_command: org.codehaus.plexus.classworlds.launcher.Launcher compile -DskipTests
java_class_path (initial): C:\Users\hungf\.m2\wrapper\dists\apache-maven-3.9.12\59fe215c0ad6947fea90184bf7add084544567b927287592651fda3782e0e798\boot\plexus-classworlds-2.9.0.jar
Launcher Type: SUN_STANDARD

[Global flags]
     intx CICompilerCount                          = 4                                         {product} {ergonomic}
     uint ConcGCThreads                            = 3                                         {product} {ergonomic}
     uint G1ConcRefinementThreads                  = 10                                        {product} {ergonomic}
   size_t G1HeapRegionSize                         = 2097152                                   {product} {ergonomic}
   size_t InitialHeapSize                          = 266338304                                 {product} {ergonomic}
   size_t MarkStackSize                            = 4194304                                   {product} {ergonomic}
   size_t MarkStackSizeMax                         = 536870912                                 {product} {ergonomic}
   size_t MaxHeapSize                              = 4238344192                                {product} {ergonomic}
   size_t MaxNewSize                               = 2541748224                                {product} {ergonomic}
   size_t MinHeapDeltaBytes                        = 2097152                                   {product} {ergonomic}
   size_t MinHeapSize                              = 8388608                                   {product} {ergonomic}
    uintx NonNMethodCodeHeapSize                   = 5832704                                {pd product} {ergonomic}
    uintx NonProfiledCodeHeapSize                  = 122945536                              {pd product} {ergonomic}
    uintx ProfiledCodeHeapSize                     = 122880000                              {pd product} {ergonomic}
    uintx ReservedCodeCacheSize                    = 251658240                              {pd product} {ergonomic}
     bool SegmentedCodeCache                       = true                                      {product} {ergonomic}
   size_t SoftMaxHeapSize                          = 4238344192                             {manageable} {ergonomic}
     bool UseCompressedOops                        = true                           {product lp64_product} {ergonomic}
     bool UseG1GC                                  = true                                      {product} {ergonomic}
     bool UseLargePagesIndividualAllocation        = false                                  {pd product} {ergonomic}

Logging:
Log output configuration:
 #0: stdout all=warning uptime,level,tags foldmultilines=false
 #1: stderr all=off uptime,level,tags foldmultilines=false

Environment Variables:
JAVA_HOME=C:\Program Files\Java\jdk-24
PATH=C:\Program Files\Common Files\Oracle\Java\javapath;C:\Windows\system32;C:\Windows;C:\Windows\System32\Wbem;C:\Windows\System32\WindowsPowerShell\v1.0\;C:\Windows\System32\OpenSSH\;C:\Program Files (x86)\Microsoft SQL Server\160\Tools\Binn\;C:\Program Files\Microsoft SQL Server\160\Tools\Binn\;C:\Program Files\Microsoft SQL Server\Client SDK\ODBC\170\Tools\Binn\;C:\Program Files\Microsoft SQL Server\160\DTS\Binn\;C:\Program Files (x86)\Microsoft SQL Server\160\DTS\Binn\;C:\Program Files\Cloudflare\Cloudflare WARP\;C:\Program Files\Java\jdk-24\BIN;C:\Program Files\apache-maven-3.9.9\BIN;C:\Program Files\nodejs\;C:\Program Files\dotnet\;C:\Program Files\Microsoft SQL Server\150\Tools\Binn\;C:\Program Files\Docker\Docker\resources\bin;C:\Program Files\Git\cmd;C:\Program Files\NVIDIA Corporation\NVIDIA App\NvDLISR;C:\Program Files (x86)\NVIDIA Corporation\PhysX\Common;C:\Users\hungf\AppData\Local\Microsoft\WindowsApps;D:\Microsoft VS Code\bin;C:\Users\hungf\AppData\Roaming\npm;C:\Users\hungf\.dotnet\tools;D:\cursor\resources\app\bin;D:\SWD\Antigravity\bin
USERNAME=hungf
TERM=dumb
OS=Windows_NT
PROCESSOR_IDENTIFIER=Intel64 Family 6 Model 141 Stepping 1, GenuineIntel
TMP=C:\Users\hungf\AppData\Local\Temp
TEMP=C:\Users\hungf\AppData\Local\Temp




Periodic native trim disabled

---------------  S Y S T E M  ---------------

OS:
 Windows 11 , 64 bit Build 22621 (10.0.22621.3958)
OS uptime: 0 days 0:37 hours
Hyper-V role detected

CPU: total 12 (initial active 12) (6 cores per cpu, 2 threads per core) family 6 model 141 stepping 1 microcode 0x3c, cx8, cmov, fxsr, ht, mmx, 3dnowpref, sse, sse2, sse3, ssse3, sse4.1, sse4.2, popcnt, lzcnt, tsc, tscinvbit, avx, avx2, aes, erms, clmul, bmi1, bmi2, adx, avx512f, avx512dq, avx512cd, avx512bw, avx512vl, sha, fma, vzeroupper, avx512_vpopcntdq, avx512_vpclmulqdq, avx512_vaes, avx512_vnni, clflush, clflushopt, clwb, avx512_vbmi2, avx512_vbmi, hv, rdtscp, rdpid, fsrm, gfni, avx512_bitalg, f16c, cet_ibt, cet_ss, avx512_ifma
Processor Information for the first 12 processors :
  Max Mhz: 2688, Current Mhz: 2688, Mhz Limit: 2688

Memory: 4k page, system-wide physical 16163M (1551M free)
TotalPageFile size 27525M (AvailPageFile size 3M)
current process WorkingSet (physical memory assigned to process): 188M, peak: 188M
current process commit charge ("private bytes"): 403M, peak: 406M

vm_info: Java HotSpot(TM) 64-Bit Server VM (24.0.1+9-30) for windows-amd64 JRE (24.0.1+9-30), built on 2025-03-05T07:23:45Z with MS VC++ 17.6 (VS2022)

END.
