#
# There is insufficient memory for the Java Runtime Environment to continue.
# Native memory allocation (malloc) failed to allocate 9853392 bytes. Error detail: Chunk::new
# Possible reasons:
#   The system is out of physical RAM or swap space
#   This process is running with CompressedOops enabled, and the Java Heap may be blocking the growth of the native heap
# Possible solutions:
#   Reduce memory load on the system
#   Increase physical memory or swap space
#   Check if swap backing store is full
#   Decrease Java heap size (-Xmx/-Xms)
#   Decrease number of Java threads
#   Decrease Java thread stack sizes (-Xss)
#   Set larger code cache with -XX:ReservedCodeCacheSize=
#   JVM is running with Zero Based Compressed Oops mode in which the Java heap is
#     placed in the first 32GB address space. The Java Heap base address is the
#     maximum limit for the native heap growth. Please use -XX:HeapBaseMinAddress
#     to set the Java Heap base and to place the Java Heap above 32GB virtual address.
# This output file may be truncated or incomplete.
#
#  Out of Memory Error (arena.cpp:162), pid=27016, tid=26440
#
# JRE version: Java(TM) SE Runtime Environment (24.0.1+9) (build 24.0.1+9-30)
# Java VM: Java HotSpot(TM) 64-Bit Server VM (24.0.1+9-30, mixed mode, sharing, tiered, compressed oops, compressed class ptrs, g1 gc, windows-amd64)
# No core dump will be written. Minidumps are not enabled by default on client versions of Windows
#

---------------  S U M M A R Y ------------

Command Line: --enable-native-access=ALL-UNNAMED -Dclassworlds.conf=C:\Users\hungf\.m2\wrapper\dists\apache-maven-3.9.12\59fe215c0ad6947fea90184bf7add084544567b927287592651fda3782e0e798\bin\m2.conf -Dmaven.home=C:\Users\hungf\.m2\wrapper\dists\apache-maven-3.9.12\59fe215c0ad6947fea90184bf7add084544567b927287592651fda3782e0e798 -Dlibrary.jansi.path=C:\Users\hungf\.m2\wrapper\dists\apache-maven-3.9.12\59fe215c0ad6947fea90184bf7add084544567b927287592651fda3782e0e798\lib\jansi-native -Dmaven.multiModuleProjectDirectory=D:\Semester 7\SBA\BE\UniCode org.codehaus.plexus.classworlds.launcher.Launcher compile -DskipTests

Host: 11th Gen Intel(R) Core(TM) i5-11400H @ 2.70GHz, 12 cores, 15G,  Windows 11 , 64 bit Build 22621 (10.0.22621.3958)
Time: Mon Mar 16 00:21:32 2026 SE Asia Standard Time elapsed time: 8.742098 seconds (0d 0h 0m 8s)

---------------  T H R E A D  ---------------

Current thread (0x0000013f541ef020):  JavaThread "C2 CompilerThread1" daemon [_thread_in_native, id=26440, stack(0x0000003b91e00000,0x0000003b91f00000) (1024K)]


Current CompileTask:
C2:8742 11119       4       lombok.javac.JavacAST::buildType (203 bytes)

Stack: [0x0000003b91e00000,0x0000003b91f00000]
Native frames: (J=compiled Java code, j=interpreted, Vv=VM code, C=native code)
V  [jvm.dll+0x730739]  (no source info available)
V  [jvm.dll+0x8d9b23]  (no source info available)
V  [jvm.dll+0x8dc00d]  (no source info available)
V  [jvm.dll+0x8dc683]  (no source info available)
V  [jvm.dll+0x2aa086]  (no source info available)
V  [jvm.dll+0xcedef]  (no source info available)
V  [jvm.dll+0xcf04f]  (no source info available)
V  [jvm.dll+0x154d83]  (no source info available)
V  [jvm.dll+0x735f5f]  (no source info available)
V  [jvm.dll+0x26fa1c]  (no source info available)
V  [jvm.dll+0x26ea3f]  (no source info available)
V  [jvm.dll+0x1e9d60]  (no source info available)
V  [jvm.dll+0x27e1fb]  (no source info available)
V  [jvm.dll+0x27c49a]  (no source info available)
V  [jvm.dll+0x42f456]  (no source info available)
V  [jvm.dll+0x87d76b]  (no source info available)
V  [jvm.dll+0x72ee55]  (no source info available)
C  [ucrtbase.dll+0x29333]  (no source info available)
C  [KERNEL32.DLL+0x1257d]  (no source info available)
C  [ntdll.dll+0x5af08]  (no source info available)

Lock stack of current Java thread (top to bottom):


---------------  P R O C E S S  ---------------

Threads class SMR info:
_java_thread_list=0x0000013f5514f600, length=14, elements={
0x0000013f6bae4af0, 0x0000013f7e855540, 0x0000013f7e856ef0, 0x0000013f7e85a470,
0x0000013f7e85d6a0, 0x0000013f7e85ddf0, 0x0000013f7e85e540, 0x0000013f7e862200,
0x0000013f7e870e30, 0x0000013f7e85b210, 0x0000013f7e85cf50, 0x0000013f541ef020,
0x0000013f54f2c3b0, 0x0000013f7e85c800
}

Java Threads: ( => current thread )
  0x0000013f6bae4af0 JavaThread "main"                              [_thread_in_Java, id=10700, stack(0x0000003b90c00000,0x0000003b90d00000) (1024K)]
  0x0000013f7e855540 JavaThread "Reference Handler"          daemon [_thread_blocked, id=7748, stack(0x0000003b91400000,0x0000003b91500000) (1024K)]
  0x0000013f7e856ef0 JavaThread "Finalizer"                  daemon [_thread_blocked, id=23632, stack(0x0000003b91500000,0x0000003b91600000) (1024K)]
  0x0000013f7e85a470 JavaThread "Signal Dispatcher"          daemon [_thread_blocked, id=25632, stack(0x0000003b91600000,0x0000003b91700000) (1024K)]
  0x0000013f7e85d6a0 JavaThread "Attach Listener"            daemon [_thread_blocked, id=21324, stack(0x0000003b91700000,0x0000003b91800000) (1024K)]
  0x0000013f7e85ddf0 JavaThread "Service Thread"             daemon [_thread_blocked, id=24104, stack(0x0000003b91800000,0x0000003b91900000) (1024K)]
  0x0000013f7e85e540 JavaThread "Monitor Deflation Thread"   daemon [_thread_blocked, id=26868, stack(0x0000003b91900000,0x0000003b91a00000) (1024K)]
  0x0000013f7e862200 JavaThread "C2 CompilerThread0"         daemon [_thread_in_native, id=2304, stack(0x0000003b91a00000,0x0000003b91b00000) (1024K)]
  0x0000013f7e870e30 JavaThread "C1 CompilerThread0"         daemon [_thread_blocked, id=11060, stack(0x0000003b91b00000,0x0000003b91c00000) (1024K)]
  0x0000013f7e85b210 JavaThread "Notification Thread"        daemon [_thread_blocked, id=9916, stack(0x0000003b91c00000,0x0000003b91d00000) (1024K)]
  0x0000013f7e85cf50 JavaThread "Common-Cleaner"             daemon [_thread_blocked, id=25520, stack(0x0000003b91d00000,0x0000003b91e00000) (1024K)]
=>0x0000013f541ef020 JavaThread "C2 CompilerThread1"         daemon [_thread_in_native, id=26440, stack(0x0000003b91e00000,0x0000003b91f00000) (1024K)]
  0x0000013f54f2c3b0 JavaThread "C2 CompilerThread2"         daemon [_thread_in_native, id=25356, stack(0x0000003b91f00000,0x0000003b92000000) (1024K)]
  0x0000013f7e85c800 JavaThread "Thread-1"                   daemon [_thread_blocked, id=9984, stack(0x0000003b92500000,0x0000003b92600000) (1024K)]
Total: 14

Other Threads:
  0x0000013f7e843b30 VMThread "VM Thread"                           [id=28112, stack(0x0000003b91300000,0x0000003b91400000) (1024K)]
  0x0000013f7e8389f0 WatcherThread "VM Periodic Task Thread"        [id=17384, stack(0x0000003b91200000,0x0000003b91300000) (1024K)]
  0x0000013f6df496b0 WorkerThread "GC Thread#0"                     [id=24300, stack(0x0000003b90d00000,0x0000003b90e00000) (1024K)]
  0x0000013f54dadf60 WorkerThread "GC Thread#1"                     [id=28464, stack(0x0000003b92000000,0x0000003b92100000) (1024K)]
  0x0000013f54dae310 WorkerThread "GC Thread#2"                     [id=11844, stack(0x0000003b92100000,0x0000003b92200000) (1024K)]
  0x0000013f54dae6c0 WorkerThread "GC Thread#3"                     [id=27216, stack(0x0000003b92200000,0x0000003b92300000) (1024K)]
  0x0000013f54daee80 WorkerThread "GC Thread#4"                     [id=26644, stack(0x0000003b92300000,0x0000003b92400000) (1024K)]
  0x0000013f54dafe60 WorkerThread "GC Thread#5"                     [id=21784, stack(0x0000003b92400000,0x0000003b92500000) (1024K)]
  0x0000013f552b46b0 WorkerThread "GC Thread#6"                     [id=28272, stack(0x0000003b92600000,0x0000003b92700000) (1024K)]
  0x0000013f552b3440 WorkerThread "GC Thread#7"                     [id=28568, stack(0x0000003b92700000,0x0000003b92800000) (1024K)]
  0x0000013f55f4b280 WorkerThread "GC Thread#8"                     [id=28156, stack(0x0000003b92800000,0x0000003b92900000) (1024K)]
  0x0000013f55f4ab20 WorkerThread "GC Thread#9"                     [id=28064, stack(0x0000003b92900000,0x0000003b92a00000) (1024K)]
  0x0000013f6df5e430 ConcurrentGCThread "G1 Main Marker"            [id=24016, stack(0x0000003b90e00000,0x0000003b90f00000) (1024K)]
  0x0000013f6df5ef40 WorkerThread "G1 Conc#0"                       [id=17416, stack(0x0000003b90f00000,0x0000003b91000000) (1024K)]
  0x0000013f55f49c60 WorkerThread "G1 Conc#1"                       [id=27816, stack(0x0000003b92a00000,0x0000003b92b00000) (1024K)]
  0x0000013f55f4b630 WorkerThread "G1 Conc#2"                       [id=328, stack(0x0000003b92b00000,0x0000003b92c00000) (1024K)]
  0x0000013f7e6f45f0 ConcurrentGCThread "G1 Refine#0"               [id=24184, stack(0x0000003b91000000,0x0000003b91100000) (1024K)]
  0x0000013f7e6f4e20 ConcurrentGCThread "G1 Service"                [id=1456, stack(0x0000003b91100000,0x0000003b91200000) (1024K)]
Total: 18

Threads with active compile tasks:
C2 CompilerThread0  8785 11137 %     4       lombok.javac.apt.LombokProcessor::process @ 350 (517 bytes)
C2 CompilerThread1  8785 11119       4       lombok.javac.JavacAST::buildType (203 bytes)
C2 CompilerThread2  8785 11118       4       lombok.javac.JavacAST::buildCompilationUnit (74 bytes)
Total: 3

VM state: not at safepoint (normal execution)

VM Mutex/Monitor currently owned by a thread: None

Heap address: 0x0000000703600000, size: 4042 MB, Compressed Oops mode: Zero based, Oop shift amount: 3

CDS archive(s) mapped at: [0x0000013f0f000000-0x0000013f0fd40000-0x0000013f0fd40000), size 13893632, SharedBaseAddress: 0x0000013f0f000000, ArchiveRelocationMode: 1.
Compressed class space mapped at: 0x0000013f10000000-0x0000013f50000000, reserved size: 1073741824
UseCompressedClassPointers 1, UseCompactObjectHeaders 0
Narrow klass pointer bits 32, Max shift 3
Narrow klass base: 0x0000013f0f000000, Narrow klass shift: 0
Encoding Range: [0x0000013f0f000000 - 0x000001400f000000), (4294967296 bytes)
Klass Range:    [0x0000013f0f000000 - 0x0000013f50000000), (1090519040 bytes)
Klass ID Range:  [8 - 1090519033) (1090519025)

GC Precious Log:
 CardTable entry size: 512
 Card Set container configuration: InlinePtr #cards 4 size 8 Array Of Cards #cards 16 size 48 Howl #buckets 8 coarsen threshold 3686 Howl Bitmap #cards 512 size 80 coarsen threshold 460 Card regions per heap region 1 cards per card region 4096
 CPUs: 12 total, 12 available
 Memory: 16163M
 Large Page Support: Disabled
 NUMA Support: Disabled
 Compressed Oops: Enabled (Zero based)
 Heap Region Size: 2M
 Heap Min Capacity: 8M
 Heap Initial Capacity: 254M
 Heap Max Capacity: 4042M
 Pre-touch: Disabled
 Parallel Workers: 10
 Concurrent Workers: 3
 Concurrent Refinement Workers: 10
 Periodic GC: Disabled

Heap:
 garbage-first heap   total reserved 4139008K, committed 239616K, used 127347K [0x0000000703600000, 0x0000000800000000)
  region size 2048K, 33 young (67584K), 3 survivors (6144K)
 Metaspace       used 36713K, committed 37312K, reserved 1114112K
  class space    used 3585K, committed 3840K, reserved 1048576K

Heap Regions: E=young(eden), S=young(survivor), O=old, HS=humongous(starts), HC=humongous(continues), CS=collection set, F=free, TAMS=top-at-mark-start, PB=parsable bottom
|   0|0x0000000703600000, 0x0000000703800000, 0x0000000703800000|100%| O|  |TAMS 0x0000000703600000| PB 0x0000000703600000| Untracked |  0
|   1|0x0000000703800000, 0x0000000703a00000, 0x0000000703a00000|100%| O|  |TAMS 0x0000000703800000| PB 0x0000000703800000| Untracked |  0
|   2|0x0000000703a00000, 0x0000000703c00000, 0x0000000703c00000|100%| O|  |TAMS 0x0000000703a00000| PB 0x0000000703a00000| Untracked |  0
|   3|0x0000000703c00000, 0x0000000703e00000, 0x0000000703e00000|100%| O|  |TAMS 0x0000000703c00000| PB 0x0000000703c00000| Untracked |  0
|   4|0x0000000703e00000, 0x0000000704000000, 0x0000000704000000|100%| O|  |TAMS 0x0000000703e00000| PB 0x0000000703e00000| Untracked |  0
|   5|0x0000000704000000, 0x0000000704200000, 0x0000000704200000|100%| O|  |TAMS 0x0000000704000000| PB 0x0000000704000000| Untracked |  0
|   6|0x0000000704200000, 0x0000000704400000, 0x0000000704400000|100%| O|  |TAMS 0x0000000704200000| PB 0x0000000704200000| Untracked |  0
|   7|0x0000000704400000, 0x0000000704600000, 0x0000000704600000|100%| O|  |TAMS 0x0000000704400000| PB 0x0000000704400000| Untracked |  0
|   8|0x0000000704600000, 0x0000000704800000, 0x0000000704800000|100%| O|  |TAMS 0x0000000704600000| PB 0x0000000704600000| Untracked |  0
|   9|0x0000000704800000, 0x0000000704a00000, 0x0000000704a00000|100%| O|  |TAMS 0x0000000704800000| PB 0x0000000704800000| Untracked |  0
|  10|0x0000000704a00000, 0x0000000704c00000, 0x0000000704c00000|100%| O|  |TAMS 0x0000000704a00000| PB 0x0000000704a00000| Untracked |  0
|  11|0x0000000704c00000, 0x0000000704e00000, 0x0000000704e00000|100%| O|  |TAMS 0x0000000704c00000| PB 0x0000000704c00000| Untracked |  0
|  12|0x0000000704e00000, 0x0000000705000000, 0x0000000705000000|100%| O|  |TAMS 0x0000000704e00000| PB 0x0000000704e00000| Untracked |  0
|  13|0x0000000705000000, 0x0000000705200000, 0x0000000705200000|100%| O|  |TAMS 0x0000000705000000| PB 0x0000000705000000| Untracked |  0
|  14|0x0000000705200000, 0x0000000705400000, 0x0000000705400000|100%| O|  |TAMS 0x0000000705200000| PB 0x0000000705200000| Untracked |  0
|  15|0x0000000705400000, 0x0000000705600000, 0x0000000705600000|100%| O|  |TAMS 0x0000000705400000| PB 0x0000000705400000| Untracked |  0
|  16|0x0000000705600000, 0x0000000705800000, 0x0000000705800000|100%| O|  |TAMS 0x0000000705600000| PB 0x0000000705600000| Untracked |  0
|  17|0x0000000705800000, 0x0000000705a00000, 0x0000000705a00000|100%| O|  |TAMS 0x0000000705800000| PB 0x0000000705800000| Untracked |  0
|  18|0x0000000705a00000, 0x0000000705c00000, 0x0000000705c00000|100%| O|  |TAMS 0x0000000705a00000| PB 0x0000000705a00000| Untracked |  0
|  19|0x0000000705c00000, 0x0000000705c84318, 0x0000000705e00000| 25%| O|  |TAMS 0x0000000705c00000| PB 0x0000000705c00000| Untracked |  0
|  20|0x0000000705e00000, 0x0000000705e00000, 0x0000000706000000|  0%| F|  |TAMS 0x0000000705e00000| PB 0x0000000705e00000| Untracked |  0
|  21|0x0000000706000000, 0x0000000706000000, 0x0000000706200000|  0%| F|  |TAMS 0x0000000706000000| PB 0x0000000706000000| Untracked |  0
|  22|0x0000000706200000, 0x0000000706200000, 0x0000000706400000|  0%| F|  |TAMS 0x0000000706200000| PB 0x0000000706200000| Untracked |  0
|  23|0x0000000706400000, 0x0000000706400000, 0x0000000706600000|  0%| F|  |TAMS 0x0000000706400000| PB 0x0000000706400000| Untracked |  0
|  24|0x0000000706600000, 0x0000000706600000, 0x0000000706800000|  0%| F|  |TAMS 0x0000000706600000| PB 0x0000000706600000| Untracked |  0
|  25|0x0000000706800000, 0x0000000706800000, 0x0000000706a00000|  0%| F|  |TAMS 0x0000000706800000| PB 0x0000000706800000| Untracked |  0
|  26|0x0000000706a00000, 0x0000000706a00000, 0x0000000706c00000|  0%| F|  |TAMS 0x0000000706a00000| PB 0x0000000706a00000| Untracked |  0
|  27|0x0000000706c00000, 0x0000000706c00000, 0x0000000706e00000|  0%| F|  |TAMS 0x0000000706c00000| PB 0x0000000706c00000| Untracked |  0
|  28|0x0000000706e00000, 0x0000000706e00000, 0x0000000707000000|  0%| F|  |TAMS 0x0000000706e00000| PB 0x0000000706e00000| Untracked |  0
|  29|0x0000000707000000, 0x0000000707000000, 0x0000000707200000|  0%| F|  |TAMS 0x0000000707000000| PB 0x0000000707000000| Untracked |  0
|  30|0x0000000707200000, 0x0000000707200000, 0x0000000707400000|  0%| F|  |TAMS 0x0000000707200000| PB 0x0000000707200000| Untracked |  0
|  31|0x0000000707400000, 0x0000000707400000, 0x0000000707600000|  0%| F|  |TAMS 0x0000000707400000| PB 0x0000000707400000| Untracked |  0
|  32|0x0000000707600000, 0x0000000707600000, 0x0000000707800000|  0%| F|  |TAMS 0x0000000707600000| PB 0x0000000707600000| Untracked |  0
|  33|0x0000000707800000, 0x0000000707a00000, 0x0000000707a00000|100%|HS|  |TAMS 0x0000000707800000| PB 0x0000000707800000| Complete |  0
|  34|0x0000000707a00000, 0x0000000707c00000, 0x0000000707c00000|100%| O|  |TAMS 0x0000000707a00000| PB 0x0000000707a00000| Untracked |  0
|  35|0x0000000707c00000, 0x0000000707e00000, 0x0000000707e00000|100%| O|  |TAMS 0x0000000707c00000| PB 0x0000000707c00000| Untracked |  0
|  36|0x0000000707e00000, 0x0000000708000000, 0x0000000708000000|100%| O|  |TAMS 0x0000000707e00000| PB 0x0000000707e00000| Untracked |  0
|  37|0x0000000708000000, 0x0000000708200000, 0x0000000708200000|100%| O|  |TAMS 0x0000000708000000| PB 0x0000000708000000| Untracked |  0
|  38|0x0000000708200000, 0x0000000708400000, 0x0000000708400000|100%| O|  |TAMS 0x0000000708200000| PB 0x0000000708200000| Untracked |  0
|  39|0x0000000708400000, 0x0000000708600000, 0x0000000708600000|100%| O|  |TAMS 0x0000000708400000| PB 0x0000000708400000| Untracked |  0
|  40|0x0000000708600000, 0x0000000708600000, 0x0000000708800000|  0%| F|  |TAMS 0x0000000708600000| PB 0x0000000708600000| Untracked |  0
|  41|0x0000000708800000, 0x0000000708800000, 0x0000000708a00000|  0%| F|  |TAMS 0x0000000708800000| PB 0x0000000708800000| Untracked |  0
|  42|0x0000000708a00000, 0x0000000708a00000, 0x0000000708c00000|  0%| F|  |TAMS 0x0000000708a00000| PB 0x0000000708a00000| Untracked |  0
|  43|0x0000000708c00000, 0x0000000708c00000, 0x0000000708e00000|  0%| F|  |TAMS 0x0000000708c00000| PB 0x0000000708c00000| Untracked |  0
|  44|0x0000000708e00000, 0x0000000708fd8bb8, 0x0000000709000000| 92%| S|CS|TAMS 0x0000000708e00000| PB 0x0000000708e00000| Complete |  0
|  45|0x0000000709000000, 0x0000000709200000, 0x0000000709200000|100%| S|CS|TAMS 0x0000000709000000| PB 0x0000000709000000| Complete |  0
|  46|0x0000000709200000, 0x0000000709400000, 0x0000000709400000|100%| S|CS|TAMS 0x0000000709200000| PB 0x0000000709200000| Complete |  0
|  47|0x0000000709400000, 0x0000000709400000, 0x0000000709600000|  0%| F|  |TAMS 0x0000000709400000| PB 0x0000000709400000| Untracked |  0
|  48|0x0000000709600000, 0x0000000709600000, 0x0000000709800000|  0%| F|  |TAMS 0x0000000709600000| PB 0x0000000709600000| Untracked |  0
|  49|0x0000000709800000, 0x0000000709800000, 0x0000000709a00000|  0%| F|  |TAMS 0x0000000709800000| PB 0x0000000709800000| Untracked |  0
|  50|0x0000000709a00000, 0x0000000709a00000, 0x0000000709c00000|  0%| F|  |TAMS 0x0000000709a00000| PB 0x0000000709a00000| Untracked |  0
|  51|0x0000000709c00000, 0x0000000709c00000, 0x0000000709e00000|  0%| F|  |TAMS 0x0000000709c00000| PB 0x0000000709c00000| Untracked |  0
|  52|0x0000000709e00000, 0x0000000709e00000, 0x000000070a000000|  0%| F|  |TAMS 0x0000000709e00000| PB 0x0000000709e00000| Untracked |  0
|  53|0x000000070a000000, 0x000000070a000000, 0x000000070a200000|  0%| F|  |TAMS 0x000000070a000000| PB 0x000000070a000000| Untracked |  0
|  54|0x000000070a200000, 0x000000070a200000, 0x000000070a400000|  0%| F|  |TAMS 0x000000070a200000| PB 0x000000070a200000| Untracked |  0
|  55|0x000000070a400000, 0x000000070a400000, 0x000000070a600000|  0%| F|  |TAMS 0x000000070a400000| PB 0x000000070a400000| Untracked |  0
|  56|0x000000070a600000, 0x000000070a600000, 0x000000070a800000|  0%| F|  |TAMS 0x000000070a600000| PB 0x000000070a600000| Untracked |  0
|  57|0x000000070a800000, 0x000000070a800000, 0x000000070aa00000|  0%| F|  |TAMS 0x000000070a800000| PB 0x000000070a800000| Untracked |  0
|  58|0x000000070aa00000, 0x000000070aa00000, 0x000000070ac00000|  0%| F|  |TAMS 0x000000070aa00000| PB 0x000000070aa00000| Untracked |  0
|  59|0x000000070ac00000, 0x000000070ac00000, 0x000000070ae00000|  0%| F|  |TAMS 0x000000070ac00000| PB 0x000000070ac00000| Untracked |  0
|  60|0x000000070ae00000, 0x000000070ae00000, 0x000000070b000000|  0%| F|  |TAMS 0x000000070ae00000| PB 0x000000070ae00000| Untracked |  0
|  61|0x000000070b000000, 0x000000070b000000, 0x000000070b200000|  0%| F|  |TAMS 0x000000070b000000| PB 0x000000070b000000| Untracked |  0
|  62|0x000000070b200000, 0x000000070b200000, 0x000000070b400000|  0%| F|  |TAMS 0x000000070b200000| PB 0x000000070b200000| Untracked |  0
|  63|0x000000070b400000, 0x000000070b400000, 0x000000070b600000|  0%| F|  |TAMS 0x000000070b400000| PB 0x000000070b400000| Untracked |  0
|  64|0x000000070b600000, 0x000000070b600000, 0x000000070b800000|  0%| F|  |TAMS 0x000000070b600000| PB 0x000000070b600000| Untracked |  0
|  65|0x000000070b800000, 0x000000070b800000, 0x000000070ba00000|  0%| F|  |TAMS 0x000000070b800000| PB 0x000000070b800000| Untracked |  0
|  66|0x000000070ba00000, 0x000000070ba00000, 0x000000070bc00000|  0%| F|  |TAMS 0x000000070ba00000| PB 0x000000070ba00000| Untracked |  0
|  67|0x000000070bc00000, 0x000000070bc00000, 0x000000070be00000|  0%| F|  |TAMS 0x000000070bc00000| PB 0x000000070bc00000| Untracked |  0
|  68|0x000000070be00000, 0x000000070be00000, 0x000000070c000000|  0%| F|  |TAMS 0x000000070be00000| PB 0x000000070be00000| Untracked |  0
|  69|0x000000070c000000, 0x000000070c000000, 0x000000070c200000|  0%| F|  |TAMS 0x000000070c000000| PB 0x000000070c000000| Untracked |  0
|  70|0x000000070c200000, 0x000000070c200000, 0x000000070c400000|  0%| F|  |TAMS 0x000000070c200000| PB 0x000000070c200000| Untracked |  0
|  71|0x000000070c400000, 0x000000070c400000, 0x000000070c600000|  0%| F|  |TAMS 0x000000070c400000| PB 0x000000070c400000| Untracked |  0
|  72|0x000000070c600000, 0x000000070c600000, 0x000000070c800000|  0%| F|  |TAMS 0x000000070c600000| PB 0x000000070c600000| Untracked |  0
|  73|0x000000070c800000, 0x000000070c800000, 0x000000070ca00000|  0%| F|  |TAMS 0x000000070c800000| PB 0x000000070c800000| Untracked |  0
|  74|0x000000070ca00000, 0x000000070ca00000, 0x000000070cc00000|  0%| F|  |TAMS 0x000000070ca00000| PB 0x000000070ca00000| Untracked |  0
|  75|0x000000070cc00000, 0x000000070cc00000, 0x000000070ce00000|  0%| F|  |TAMS 0x000000070cc00000| PB 0x000000070cc00000| Untracked |  0
|  76|0x000000070ce00000, 0x000000070ce00000, 0x000000070d000000|  0%| F|  |TAMS 0x000000070ce00000| PB 0x000000070ce00000| Untracked |  0
|  77|0x000000070d000000, 0x000000070d000000, 0x000000070d200000|  0%| F|  |TAMS 0x000000070d000000| PB 0x000000070d000000| Untracked |  0
|  78|0x000000070d200000, 0x000000070d200000, 0x000000070d400000|  0%| F|  |TAMS 0x000000070d200000| PB 0x000000070d200000| Untracked |  0
|  79|0x000000070d400000, 0x000000070d400000, 0x000000070d600000|  0%| F|  |TAMS 0x000000070d400000| PB 0x000000070d400000| Untracked |  0
|  80|0x000000070d600000, 0x000000070d600000, 0x000000070d800000|  0%| F|  |TAMS 0x000000070d600000| PB 0x000000070d600000| Untracked |  0
|  81|0x000000070d800000, 0x000000070d800000, 0x000000070da00000|  0%| F|  |TAMS 0x000000070d800000| PB 0x000000070d800000| Untracked |  0
|  82|0x000000070da00000, 0x000000070db00000, 0x000000070dc00000| 50%| E|  |TAMS 0x000000070da00000| PB 0x000000070da00000| Complete |  0
|  83|0x000000070dc00000, 0x000000070de00000, 0x000000070de00000|100%| E|CS|TAMS 0x000000070dc00000| PB 0x000000070dc00000| Complete |  0
|  84|0x000000070de00000, 0x000000070e000000, 0x000000070e000000|100%| E|CS|TAMS 0x000000070de00000| PB 0x000000070de00000| Complete |  0
|  85|0x000000070e000000, 0x000000070e200000, 0x000000070e200000|100%| E|CS|TAMS 0x000000070e000000| PB 0x000000070e000000| Complete |  0
|  86|0x000000070e200000, 0x000000070e400000, 0x000000070e400000|100%| E|CS|TAMS 0x000000070e200000| PB 0x000000070e200000| Complete |  0
|  87|0x000000070e400000, 0x000000070e600000, 0x000000070e600000|100%| E|CS|TAMS 0x000000070e400000| PB 0x000000070e400000| Complete |  0
|  88|0x000000070e600000, 0x000000070e800000, 0x000000070e800000|100%| E|CS|TAMS 0x000000070e600000| PB 0x000000070e600000| Complete |  0
|  89|0x000000070e800000, 0x000000070ea00000, 0x000000070ea00000|100%| E|CS|TAMS 0x000000070e800000| PB 0x000000070e800000| Complete |  0
|  90|0x000000070ea00000, 0x000000070ec00000, 0x000000070ec00000|100%| E|CS|TAMS 0x000000070ea00000| PB 0x000000070ea00000| Complete |  0
|  91|0x000000070ec00000, 0x000000070ee00000, 0x000000070ee00000|100%| E|CS|TAMS 0x000000070ec00000| PB 0x000000070ec00000| Complete |  0
|  92|0x000000070ee00000, 0x000000070f000000, 0x000000070f000000|100%| E|CS|TAMS 0x000000070ee00000| PB 0x000000070ee00000| Complete |  0
|  93|0x000000070f000000, 0x000000070f200000, 0x000000070f200000|100%| E|CS|TAMS 0x000000070f000000| PB 0x000000070f000000| Complete |  0
|  94|0x000000070f200000, 0x000000070f400000, 0x000000070f400000|100%| E|CS|TAMS 0x000000070f200000| PB 0x000000070f200000| Complete |  0
|  95|0x000000070f400000, 0x000000070f600000, 0x000000070f600000|100%| E|CS|TAMS 0x000000070f400000| PB 0x000000070f400000| Complete |  0
|  96|0x000000070f600000, 0x000000070f800000, 0x000000070f800000|100%| E|CS|TAMS 0x000000070f600000| PB 0x000000070f600000| Complete |  0
|  97|0x000000070f800000, 0x000000070fa00000, 0x000000070fa00000|100%| E|CS|TAMS 0x000000070f800000| PB 0x000000070f800000| Complete |  0
|  98|0x000000070fa00000, 0x000000070fc00000, 0x000000070fc00000|100%| E|CS|TAMS 0x000000070fa00000| PB 0x000000070fa00000| Complete |  0
|  99|0x000000070fc00000, 0x000000070fe00000, 0x000000070fe00000|100%| E|CS|TAMS 0x000000070fc00000| PB 0x000000070fc00000| Complete |  0
| 100|0x000000070fe00000, 0x0000000710000000, 0x0000000710000000|100%| E|CS|TAMS 0x000000070fe00000| PB 0x000000070fe00000| Complete |  0
| 101|0x0000000710000000, 0x0000000710200000, 0x0000000710200000|100%| E|CS|TAMS 0x0000000710000000| PB 0x0000000710000000| Complete |  0
| 102|0x0000000710200000, 0x0000000710400000, 0x0000000710400000|100%| E|CS|TAMS 0x0000000710200000| PB 0x0000000710200000| Complete |  0
| 103|0x0000000710400000, 0x0000000710600000, 0x0000000710600000|100%| E|CS|TAMS 0x0000000710400000| PB 0x0000000710400000| Complete |  0
| 104|0x0000000710600000, 0x0000000710800000, 0x0000000710800000|100%| E|CS|TAMS 0x0000000710600000| PB 0x0000000710600000| Complete |  0
| 105|0x0000000710800000, 0x0000000710a00000, 0x0000000710a00000|100%| E|CS|TAMS 0x0000000710800000| PB 0x0000000710800000| Complete |  0
| 106|0x0000000710a00000, 0x0000000710c00000, 0x0000000710c00000|100%| E|CS|TAMS 0x0000000710a00000| PB 0x0000000710a00000| Complete |  0
| 107|0x0000000710c00000, 0x0000000710e00000, 0x0000000710e00000|100%| E|CS|TAMS 0x0000000710c00000| PB 0x0000000710c00000| Complete |  0
| 108|0x0000000710e00000, 0x0000000711000000, 0x0000000711000000|100%| E|CS|TAMS 0x0000000710e00000| PB 0x0000000710e00000| Complete |  0
| 109|0x0000000711000000, 0x0000000711200000, 0x0000000711200000|100%| E|CS|TAMS 0x0000000711000000| PB 0x0000000711000000| Complete |  0
| 110|0x0000000711200000, 0x0000000711400000, 0x0000000711400000|100%| E|CS|TAMS 0x0000000711200000| PB 0x0000000711200000| Complete |  0
| 126|0x0000000713200000, 0x0000000713400000, 0x0000000713400000|100%| E|CS|TAMS 0x0000000713200000| PB 0x0000000713200000| Complete |  0
|2016|0x00000007ff600000, 0x00000007ff800000, 0x00000007ff800000|100%| O|  |TAMS 0x00000007ff600000| PB 0x00000007ff600000| Untracked |  0
|2017|0x00000007ff800000, 0x00000007ffa00000, 0x00000007ffa00000|100%| O|  |TAMS 0x00000007ff800000| PB 0x00000007ff800000| Untracked |  0
|2018|0x00000007ffa00000, 0x00000007ffc00000, 0x00000007ffc00000|100%| O|  |TAMS 0x00000007ffa00000| PB 0x00000007ffa00000| Untracked |  0
|2019|0x00000007ffc00000, 0x00000007ffe00000, 0x00000007ffe00000|100%| O|  |TAMS 0x00000007ffc00000| PB 0x00000007ffc00000| Untracked |  0
|2020|0x00000007ffe00000, 0x0000000800000000, 0x0000000800000000|100%| E|CS|TAMS 0x00000007ffe00000| PB 0x00000007ffe00000| Complete |  0

Card table byte_map: [0x0000013f774d0000,0x0000013f77cc0000] _byte_map_base: 0x0000013f73cb5000

Marking Bits: (CMBitMap*) 0x0000013f6df49dc0
 Bits: [0x0000013f77cc0000, 0x0000013f7bbe8000)

Polling page: 0x0000013f6bd20000

Metaspace:

Usage:
  Non-class:     32.35 MB used.
      Class:      3.50 MB used.
       Both:     35.85 MB used.

Virtual space:
  Non-class space:       64.00 MB reserved,      32.69 MB ( 51%) committed,  1 nodes.
      Class space:        1.00 GB reserved,       3.75 MB ( <1%) committed,  1 nodes.
             Both:        1.06 GB reserved,      36.44 MB (  3%) committed. 

Chunk freelists:
   Non-Class:  15.28 MB
       Class:  12.08 MB
        Both:  27.36 MB

MaxMetaspaceSize: unlimited
CompressedClassSpaceSize: 1.00 GB
Initial GC threshold: 21.00 MB
Current GC threshold: 59.31 MB
CDS: on
 - commit_granule_bytes: 65536.
 - commit_granule_words: 8192.
 - virtual_space_node_default_size: 8388608.
 - enlarge_chunks_in_place: 1.
UseCompressedClassPointers 1, UseCompactObjectHeaders 0
Narrow klass pointer bits 32, Max shift 3
Narrow klass base: 0x0000013f0f000000, Narrow klass shift: 0
Encoding Range: [0x0000013f0f000000 - 0x000001400f000000), (4294967296 bytes)
Klass Range:    [0x0000013f0f000000 - 0x0000013f50000000), (1090519040 bytes)
Klass ID Range:  [8 - 1090519033) (1090519025)


Internal statistics:

num_allocs_failed_limit: 6.
num_arena_births: 650.
num_arena_deaths: 0.
num_vsnodes_births: 2.
num_vsnodes_deaths: 0.
num_space_committed: 582.
num_space_uncommitted: 0.
num_chunks_returned_to_freelist: 6.
num_chunks_taken_from_freelist: 2112.
num_chunk_merges: 6.
num_chunk_splits: 1415.
num_chunks_enlarged: 990.
num_inconsistent_stats: 0.

CodeHeap 'non-profiled nmethods': size=120064Kb used=6208Kb max_used=6208Kb free=113855Kb
 bounds [0x0000013f07ac0000, 0x0000013f080e0000, 0x0000013f0f000000]
CodeHeap 'profiled nmethods': size=120000Kb used=19459Kb max_used=19459Kb free=100540Kb
 bounds [0x0000013f00000000, 0x0000013f01310000, 0x0000013f07530000]
CodeHeap 'non-nmethods': size=5696Kb used=1590Kb max_used=1851Kb free=4105Kb
 bounds [0x0000013f07530000, 0x0000013f077a0000, 0x0000013f07ac0000]
CodeCache: size=245760Kb, used=27257Kb, max_used=27518Kb, free=218500Kb
 total_blobs=10836, nmethods=10232, adapters=506, full_count=0
Compilation: enabled, stopped_count=0, restarted_count=0

Compilation events (20 events):
Event: 8.646 Thread 0x0000013f7e870e30 11147       3       com.sun.tools.javac.tree.TreeScanner::visitLambda (17 bytes)
Event: 8.646 Thread 0x0000013f7e870e30 nmethod 11147 0x0000013f012f7288 code [0x0000013f012f73c0, 0x0000013f012f7670]
Event: 8.647 Thread 0x0000013f7e870e30 11148       3       java.util.LinkedList::unlink (91 bytes)
Event: 8.647 Thread 0x0000013f7e870e30 nmethod 11148 0x0000013f012f7708 code [0x0000013f012f7840, 0x0000013f012f7c38]
Event: 8.649 Thread 0x0000013f7e870e30 11150       3       com.sun.tools.javac.code.ModuleFinder::findModule (81 bytes)
Event: 8.650 Thread 0x0000013f7e870e30 nmethod 11150 0x0000013f012f7c88 code [0x0000013f012f7de0, 0x0000013f012f8268]
Event: 8.656 Thread 0x0000013f7e870e30 11151       3       com.sun.tools.javac.comp.TypeEnter$HierarchyPhase::clearTypeParams (38 bytes)
Event: 8.656 Thread 0x0000013f7e870e30 nmethod 11151 0x0000013f012f8288 code [0x0000013f012f83c0, 0x0000013f012f87b0]
Event: 8.656 Thread 0x0000013f7e870e30 11152       3       com.sun.tools.javac.comp.Check$CycleChecker::visitIdent (13 bytes)
Event: 8.656 Thread 0x0000013f7e870e30 nmethod 11152 0x0000013f012f8808 code [0x0000013f012f8920, 0x0000013f012f8b48]
Event: 8.656 Thread 0x0000013f7e870e30 11153       3       com.sun.tools.javac.comp.TypeEnter$AbstractHeaderPhase::clearTypeParams (2 bytes)
Event: 8.656 Thread 0x0000013f7e870e30 nmethod 11153 0x0000013f012f8b88 code [0x0000013f012f8ca0, 0x0000013f012f8da8]
Event: 8.684 Thread 0x0000013f7e870e30 11154       3       com.sun.tools.javac.comp.Attr::attribAnyTypes (52 bytes)
Event: 8.684 Thread 0x0000013f7e870e30 nmethod 11154 0x0000013f012f8e88 code [0x0000013f012f9020, 0x0000013f012f9878]
Event: 8.684 Thread 0x0000013f7e870e30 11155       3       com.sun.tools.javac.comp.Check::checkRefTypes (57 bytes)
Event: 8.685 Thread 0x0000013f7e870e30 nmethod 11155 0x0000013f012f9908 code [0x0000013f012f9aa0, 0x0000013f012fa2e8]
Event: 8.718 Thread 0x0000013f7e870e30 11157       3       com.sun.tools.javac.comp.TypeEnter$BasicConstructorHelper::constructorSymbol (114 bytes)
Event: 8.718 Thread 0x0000013f7e870e30 nmethod 11157 0x0000013f012fa388 code [0x0000013f012fa540, 0x0000013f012faec8]
Event: 8.718 Thread 0x0000013f7e870e30 11158       3       com.sun.tools.javac.comp.TypeEnter$BasicConstructorHelper::enclosingType (4 bytes)
Event: 8.718 Thread 0x0000013f7e870e30 nmethod 11158 0x0000013f012faf08 code [0x0000013f012fb020, 0x0000013f012fb130]

GC Heap History (20 events):
Event: 4.208 GC heap before
{Heap before GC invocations=5 (full 0):
 garbage-first heap   total reserved 4139008K, committed 122880K, used 88290K [0x0000000703600000, 0x0000000800000000)
  region size 2048K, 31 young (63488K), 9 survivors (18432K)
 Metaspace       used 26651K, committed 26944K, reserved 1114112K
  class space    used 2555K, committed 2688K, reserved 1048576K
}
Event: 4.234 GC heap after
{Heap after GC invocations=6 (full 0):
 garbage-first heap   total reserved 4139008K, committed 122880K, used 50231K [0x0000000703600000, 0x0000000800000000)
  region size 2048K, 3 young (6144K), 3 survivors (6144K)
 Metaspace       used 26651K, committed 26944K, reserved 1114112K
  class space    used 2555K, committed 2688K, reserved 1048576K
}
Event: 4.725 GC heap before
{Heap before GC invocations=6 (full 0):
 garbage-first heap   total reserved 4139008K, committed 122880K, used 95287K [0x0000000703600000, 0x0000000800000000)
  region size 2048K, 25 young (51200K), 3 survivors (6144K)
 Metaspace       used 28722K, committed 29184K, reserved 1114112K
  class space    used 2747K, committed 2944K, reserved 1048576K
}
Event: 4.733 GC heap after
{Heap after GC invocations=7 (full 0):
 garbage-first heap   total reserved 4139008K, committed 122880K, used 52034K [0x0000000703600000, 0x0000000800000000)
  region size 2048K, 2 young (4096K), 2 survivors (4096K)
 Metaspace       used 28722K, committed 29184K, reserved 1114112K
  class space    used 2747K, committed 2944K, reserved 1048576K
}
Event: 5.193 GC heap before
{Heap before GC invocations=7 (full 0):
 garbage-first heap   total reserved 4139008K, committed 122880K, used 95042K [0x0000000703600000, 0x0000000800000000)
  region size 2048K, 24 young (49152K), 2 survivors (4096K)
 Metaspace       used 29739K, committed 30272K, reserved 1114112K
  class space    used 2874K, committed 3136K, reserved 1048576K
}
Event: 5.201 GC heap after
{Heap after GC invocations=8 (full 0):
 garbage-first heap   total reserved 4139008K, committed 122880K, used 53013K [0x0000000703600000, 0x0000000800000000)
  region size 2048K, 2 young (4096K), 2 survivors (4096K)
 Metaspace       used 29739K, committed 30272K, reserved 1114112K
  class space    used 2874K, committed 3136K, reserved 1048576K
}
Event: 5.550 GC heap before
{Heap before GC invocations=8 (full 0):
 garbage-first heap   total reserved 4139008K, committed 122880K, used 100117K [0x0000000703600000, 0x0000000800000000)
  region size 2048K, 25 young (51200K), 2 survivors (4096K)
 Metaspace       used 30020K, committed 30592K, reserved 1114112K
  class space    used 2892K, committed 3136K, reserved 1048576K
}
Event: 5.563 GC heap after
{Heap after GC invocations=9 (full 0):
 garbage-first heap   total reserved 4139008K, committed 169984K, used 55416K [0x0000000703600000, 0x0000000800000000)
  region size 2048K, 3 young (6144K), 3 survivors (6144K)
 Metaspace       used 30020K, committed 30592K, reserved 1114112K
  class space    used 2892K, committed 3136K, reserved 1048576K
}
Event: 5.872 GC heap before
{Heap before GC invocations=9 (full 0):
 garbage-first heap   total reserved 4139008K, committed 169984K, used 137336K [0x0000000703600000, 0x0000000800000000)
  region size 2048K, 43 young (88064K), 3 survivors (6144K)
 Metaspace       used 30145K, committed 30720K, reserved 1114112K
  class space    used 2901K, committed 3136K, reserved 1048576K
}
Event: 5.888 GC heap after
{Heap after GC invocations=10 (full 0):
 garbage-first heap   total reserved 4139008K, committed 169984K, used 59512K [0x0000000703600000, 0x0000000800000000)
  region size 2048K, 5 young (10240K), 5 survivors (10240K)
 Metaspace       used 30145K, committed 30720K, reserved 1114112K
  class space    used 2901K, committed 3136K, reserved 1048576K
}
Event: 6.089 GC heap before
{Heap before GC invocations=10 (full 0):
 garbage-first heap   total reserved 4139008K, committed 169984K, used 141432K [0x0000000703600000, 0x0000000800000000)
  region size 2048K, 45 young (92160K), 5 survivors (10240K)
 Metaspace       used 30215K, committed 30848K, reserved 1114112K
  class space    used 2904K, committed 3200K, reserved 1048576K
}
Event: 6.104 GC heap after
{Heap after GC invocations=11 (full 0):
 garbage-first heap   total reserved 4139008K, committed 169984K, used 62740K [0x0000000703600000, 0x0000000800000000)
  region size 2048K, 4 young (8192K), 4 survivors (8192K)
 Metaspace       used 30215K, committed 30848K, reserved 1114112K
  class space    used 2904K, committed 3200K, reserved 1048576K
}
Event: 6.705 GC heap before
{Heap before GC invocations=11 (full 0):
 garbage-first heap   total reserved 4139008K, committed 169984K, used 113940K [0x0000000703600000, 0x0000000800000000)
  region size 2048K, 30 young (61440K), 4 survivors (8192K)
 Metaspace       used 35768K, committed 36288K, reserved 1114112K
  class space    used 3534K, committed 3776K, reserved 1048576K
}
Event: 6.719 GC heap after
{Heap after GC invocations=12 (full 0):
 garbage-first heap   total reserved 4139008K, committed 169984K, used 67208K [0x0000000703600000, 0x0000000800000000)
  region size 2048K, 4 young (8192K), 4 survivors (8192K)
 Metaspace       used 35768K, committed 36288K, reserved 1114112K
  class space    used 3534K, committed 3776K, reserved 1048576K
}
Event: 7.821 GC heap before
{Heap before GC invocations=13 (full 0):
 garbage-first heap   total reserved 4139008K, committed 169984K, used 147080K [0x0000000703600000, 0x0000000800000000)
  region size 2048K, 43 young (88064K), 4 survivors (8192K)
 Metaspace       used 36564K, committed 37120K, reserved 1114112K
  class space    used 3584K, committed 3840K, reserved 1048576K
}
Event: 7.833 GC heap after
{Heap after GC invocations=14 (full 0):
 garbage-first heap   total reserved 4139008K, committed 169984K, used 68287K [0x0000000703600000, 0x0000000800000000)
  region size 2048K, 3 young (6144K), 3 survivors (6144K)
 Metaspace       used 36564K, committed 37120K, reserved 1114112K
  class space    used 3584K, committed 3840K, reserved 1048576K
}
Event: 8.239 GC heap before
{Heap before GC invocations=14 (full 0):
 garbage-first heap   total reserved 4139008K, committed 169984K, used 152255K [0x0000000703600000, 0x0000000800000000)
  region size 2048K, 44 young (90112K), 3 survivors (6144K)
 Metaspace       used 36625K, committed 37184K, reserved 1114112K
  class space    used 3584K, committed 3840K, reserved 1048576K
}
Event: 8.252 GC heap after
{Heap after GC invocations=15 (full 0):
 garbage-first heap   total reserved 4139008K, committed 239616K, used 69945K [0x0000000703600000, 0x0000000800000000)
  region size 2048K, 4 young (8192K), 4 survivors (8192K)
 Metaspace       used 36625K, committed 37184K, reserved 1114112K
  class space    used 3584K, committed 3840K, reserved 1048576K
}
Event: 8.659 GC heap before
{Heap before GC invocations=15 (full 0):
 garbage-first heap   total reserved 4139008K, committed 239616K, used 205113K [0x0000000703600000, 0x0000000800000000)
  region size 2048K, 70 young (143360K), 4 survivors (8192K)
 Metaspace       used 36708K, committed 37312K, reserved 1114112K
  class space    used 3585K, committed 3840K, reserved 1048576K
}
Event: 8.665 GC heap after
{Heap after GC invocations=16 (full 0):
 garbage-first heap   total reserved 4139008K, committed 239616K, used 67955K [0x0000000703600000, 0x0000000800000000)
  region size 2048K, 3 young (6144K), 3 survivors (6144K)
 Metaspace       used 36708K, committed 37312K, reserved 1114112K
  class space    used 3585K, committed 3840K, reserved 1048576K
}

Dll operation events (8 events):
Event: 0.005 Loaded shared library C:\Program Files\Java\jdk-24\bin\java.dll
Event: 0.033 Loaded shared library C:\Program Files\Java\jdk-24\bin\jsvml.dll
Event: 0.042 Loaded shared library C:\Program Files\Java\jdk-24\bin\net.dll
Event: 0.043 Loaded shared library C:\Program Files\Java\jdk-24\bin\nio.dll
Event: 0.046 Loaded shared library C:\Program Files\Java\jdk-24\bin\zip.dll
Event: 0.140 Loaded shared library C:\Program Files\Java\jdk-24\bin\jimage.dll
Event: 0.141 Loaded shared library C:\Users\hungf\.m2\wrapper\dists\apache-maven-3.9.12\59fe215c0ad6947fea90184bf7add084544567b927287592651fda3782e0e798\lib\jansi-native\Windows\x86_64\jansi.dll
Event: 0.150 Loaded shared library C:\Program Files\Java\jdk-24\bin\verify.dll

Deoptimization events (20 events):
Event: 8.484 Thread 0x0000013f6bae4af0 DEOPT PACKING pc=0x0000013f07e9d220 sp=0x0000003b90cfd480
Event: 8.484 Thread 0x0000013f6bae4af0 DEOPT UNPACKING pc=0x0000013f07656d02 sp=0x0000003b90cfd400 mode 2
Event: 8.484 Thread 0x0000013f6bae4af0 Uncommon trap: trap_request=0xffffffc6 fr.pc=0x0000013f07e9d220 relative=0x0000000000000b40
Event: 8.484 Thread 0x0000013f6bae4af0 Uncommon trap: reason=bimorphic_or_optimized_type_check action=maybe_recompile pc=0x0000013f07e9d220 method=lombok.javac.JavacNode.traverse(Llombok/javac/JavacASTVisitor;)V @ 490 c2
Event: 8.484 Thread 0x0000013f6bae4af0 DEOPT PACKING pc=0x0000013f07e9d220 sp=0x0000003b90cfd480
Event: 8.484 Thread 0x0000013f6bae4af0 DEOPT UNPACKING pc=0x0000013f07656d02 sp=0x0000003b90cfd400 mode 2
Event: 8.485 Thread 0x0000013f6bae4af0 Uncommon trap: trap_request=0xffffffc6 fr.pc=0x0000013f07e9cc70 relative=0x0000000000000590
Event: 8.485 Thread 0x0000013f6bae4af0 Uncommon trap: reason=bimorphic_or_optimized_type_check action=maybe_recompile pc=0x0000013f07e9cc70 method=lombok.javac.JavacNode.traverse(Llombok/javac/JavacASTVisitor;)V @ 136 c2
Event: 8.485 Thread 0x0000013f6bae4af0 DEOPT PACKING pc=0x0000013f07e9cc70 sp=0x0000003b90cfd510
Event: 8.485 Thread 0x0000013f6bae4af0 DEOPT UNPACKING pc=0x0000013f07656d02 sp=0x0000003b90cfd498 mode 2
Event: 8.629 Thread 0x0000013f6bae4af0 Uncommon trap: trap_request=0xfffffff4 fr.pc=0x0000013f07f5fa84 relative=0x0000000000000084
Event: 8.629 Thread 0x0000013f6bae4af0 Uncommon trap: reason=null_check action=make_not_entrant pc=0x0000013f07f5fa84 method=java.lang.Long.equals(Ljava/lang/Object;)Z @ 1 c2
Event: 8.629 Thread 0x0000013f6bae4af0 DEOPT PACKING pc=0x0000013f07f5fa84 sp=0x0000003b90cfd760
Event: 8.629 Thread 0x0000013f6bae4af0 DEOPT UNPACKING pc=0x0000013f07656d02 sp=0x0000003b90cfd6e8 mode 2
Event: 8.641 Thread 0x0000013f6bae4af0 Uncommon trap: trap_request=0xffffffde fr.pc=0x0000013f07f427bc relative=0x000000000000011c
Event: 8.641 Thread 0x0000013f6bae4af0 Uncommon trap: reason=class_check action=maybe_recompile pc=0x0000013f07f427bc method=com.sun.tools.javac.util.ListBuffer.next()Ljava/lang/Object; @ 12 c2
Event: 8.641 Thread 0x0000013f6bae4af0 DEOPT PACKING pc=0x0000013f07f427bc sp=0x0000003b90cfdb60
Event: 8.641 Thread 0x0000013f6bae4af0 DEOPT UNPACKING pc=0x0000013f07656d02 sp=0x0000003b90cfdaf8 mode 2
Event: 8.644 Thread 0x0000013f6bae4af0 DEOPT PACKING pc=0x0000013f0104faaf sp=0x0000003b90cfd720
Event: 8.644 Thread 0x0000013f6bae4af0 DEOPT UNPACKING pc=0x0000013f07586642 sp=0x0000003b90cfcb88 mode 0

Classes loaded (20 events):
Event: 6.929 Loading class java/util/Collections$1Customizer
Event: 6.929 Loading class java/util/Collections$1Customizer done
Event: 6.929 Loading class java/util/Collections$1Customizer
Event: 6.929 Loading class java/util/Collections$1Customizer done
Event: 7.366 Loading class java/util/Collections$EmptyIteratorBeanInfo
Event: 7.366 Loading class java/util/Collections$EmptyIteratorBeanInfo done
Event: 7.366 Loading class java/util/Collections$EmptyIteratorBeanInfo
Event: 7.366 Loading class java/util/Collections$EmptyIteratorBeanInfo done
Event: 7.366 Loading class java/util/Collections$EmptyIteratorBeanInfo
Event: 7.366 Loading class java/util/Collections$EmptyIteratorBeanInfo done
Event: 7.366 Loading class java/util/Collections$EmptyIteratorBeanInfo
Event: 7.366 Loading class java/util/Collections$EmptyIteratorBeanInfo done
Event: 7.366 Loading class java/util/Collections$EmptyIteratorCustomizer
Event: 7.366 Loading class java/util/Collections$EmptyIteratorCustomizer done
Event: 7.366 Loading class java/util/Collections$EmptyIteratorCustomizer
Event: 7.366 Loading class java/util/Collections$EmptyIteratorCustomizer done
Event: 7.366 Loading class java/util/Collections$EmptyIteratorCustomizer
Event: 7.366 Loading class java/util/Collections$EmptyIteratorCustomizer done
Event: 7.366 Loading class java/util/Collections$EmptyIteratorCustomizer
Event: 7.366 Loading class java/util/Collections$EmptyIteratorCustomizer done

Classes unloaded (0 events):
No events

Classes redefined (0 events):
No events

Internal exceptions (20 events):
Event: 7.550 Thread 0x0000013f6bae4af0 Exception <a 'java/lang/ClassNotFoundException'{0x000000070a4c2ef8}: org/mapstruct/ap/internal/model/assignment/WrapperForCollectionsAndMapsCustomizer> (0x000000070a4c2ef8) 
thrown [s\open\src\hotspot\share\classfile\systemDictionary.cpp, line 327]
Event: 7.550 Thread 0x0000013f6bae4af0 Exception <a 'java/lang/ClassNotFoundException'{0x000000070a4d2d20}: org/mapstruct/ap/internal/model/assignment/SetterWrapperForCollectionsAndMapsCustomizer> (0x000000070a4d2d20) 
thrown [s\open\src\hotspot\share\classfile\systemDictionary.cpp, line 327]
Event: 7.583 Thread 0x0000013f6bae4af0 Exception <a 'sun/nio/fs/WindowsException'{0x000000070a03ba10}> (0x000000070a03ba10) 
thrown [s\open\src\hotspot\share\prims\jni.cpp, line 518]
Event: 7.633 Thread 0x0000013f6bae4af0 Exception <a 'sun/nio/fs/WindowsException'{0x00000007094fea28}> (0x00000007094fea28) 
thrown [s\open\src\hotspot\share\prims\jni.cpp, line 518]
Event: 7.670 Thread 0x0000013f6bae4af0 Exception <a 'sun/nio/fs/WindowsException'{0x000000070918c3a0}> (0x000000070918c3a0) 
thrown [s\open\src\hotspot\share\prims\jni.cpp, line 518]
Event: 7.688 Thread 0x0000013f6bae4af0 Exception <a 'sun/nio/fs/WindowsException'{0x0000000708d18168}> (0x0000000708d18168) 
thrown [s\open\src\hotspot\share\prims\jni.cpp, line 518]
Event: 7.721 Thread 0x0000013f6bae4af0 Exception <a 'java/lang/NoSuchMethodError'{0x00000007088a26b8}: 'java.lang.Object java.lang.invoke.DirectMethodHandle$Holder.invokeStatic(java.lang.Object, java.lang.Object, java.lang.Object, java.lang.Object, java.lang.Object, java.lang.Object, int)'> (0x00000007088a26b8) 
thrown [s\open\src\hotspot\share\interpreter\linkResolver.cpp, line 805]
Event: 7.731 Thread 0x0000013f6bae4af0 Exception <a 'sun/nio/fs/WindowsException'{0x0000000707610c10}> (0x0000000707610c10) 
thrown [s\open\src\hotspot\share\prims\jni.cpp, line 518]
Event: 7.754 Thread 0x0000013f6bae4af0 Exception <a 'sun/nio/fs/WindowsException'{0x000000070722f6f8}> (0x000000070722f6f8) 
thrown [s\open\src\hotspot\share\prims\jni.cpp, line 518]
Event: 7.794 Thread 0x0000013f6bae4af0 Exception <a 'sun/nio/fs/WindowsException'{0x00000007070ec018}> (0x00000007070ec018) 
thrown [s\open\src\hotspot\share\prims\jni.cpp, line 518]
Event: 7.794 Thread 0x0000013f6bae4af0 Exception <a 'sun/nio/fs/WindowsException'{0x00000007070ec940}> (0x00000007070ec940) 
thrown [s\open\src\hotspot\share\prims\jni.cpp, line 518]
Event: 7.794 Thread 0x0000013f6bae4af0 Exception <a 'sun/nio/fs/WindowsException'{0x00000007070ed348}> (0x00000007070ed348) 
thrown [s\open\src\hotspot\share\prims\jni.cpp, line 518]
Event: 8.190 Thread 0x0000013f6bae4af0 Implicit null exception at 0x0000013f07f1c49a to 0x0000013f07f1c5dc
Event: 8.271 Thread 0x0000013f6bae4af0 Exception <a 'sun/nio/fs/WindowsException'{0x0000000713296b58}> (0x0000000713296b58) 
thrown [s\open\src\hotspot\share\prims\jni.cpp, line 518]
Event: 8.271 Thread 0x0000013f6bae4af0 Exception <a 'sun/nio/fs/WindowsException'{0x0000000713297480}> (0x0000000713297480) 
thrown [s\open\src\hotspot\share\prims\jni.cpp, line 518]
Event: 8.271 Thread 0x0000013f6bae4af0 Exception <a 'sun/nio/fs/WindowsException'{0x0000000713297e88}> (0x0000000713297e88) 
thrown [s\open\src\hotspot\share\prims\jni.cpp, line 518]
Event: 8.629 Thread 0x0000013f6bae4af0 Implicit null exception at 0x0000013f07f5fa2a to 0x0000013f07f5fa74
Event: 8.649 Thread 0x0000013f6bae4af0 Exception <a 'sun/nio/fs/WindowsException'{0x00000007099e4c50}> (0x00000007099e4c50) 
thrown [s\open\src\hotspot\share\prims\jni.cpp, line 518]
Event: 8.649 Thread 0x0000013f6bae4af0 Exception <a 'sun/nio/fs/WindowsException'{0x00000007099e5578}> (0x00000007099e5578) 
thrown [s\open\src\hotspot\share\prims\jni.cpp, line 518]
Event: 8.649 Thread 0x0000013f6bae4af0 Exception <a 'sun/nio/fs/WindowsException'{0x00000007099e5f80}> (0x00000007099e5f80) 
thrown [s\open\src\hotspot\share\prims\jni.cpp, line 518]

VM Operations (20 events):
Event: 6.189 Executing VM operation: HandshakeAllThreads (Deoptimize)
Event: 6.189 Executing VM operation: HandshakeAllThreads (Deoptimize) done
Event: 6.527 Executing VM operation: HandshakeAllThreads (Deoptimize)
Event: 6.527 Executing VM operation: HandshakeAllThreads (Deoptimize) done
Event: 6.580 Executing VM operation: HandshakeAllThreads (Deoptimize)
Event: 6.580 Executing VM operation: HandshakeAllThreads (Deoptimize) done
Event: 6.581 Executing VM operation: HandshakeAllThreads (Deoptimize)
Event: 6.581 Executing VM operation: HandshakeAllThreads (Deoptimize) done
Event: 6.705 Executing VM operation: CollectForMetadataAllocation (Metadata GC Threshold)
Event: 6.719 Executing VM operation: CollectForMetadataAllocation (Metadata GC Threshold) done
Event: 6.753 Executing VM operation: G1PauseRemark
Event: 6.762 Executing VM operation: G1PauseRemark done
Event: 6.773 Executing VM operation: G1PauseCleanup
Event: 6.774 Executing VM operation: G1PauseCleanup done
Event: 7.821 Executing VM operation: G1CollectForAllocation (G1 Evacuation Pause)
Event: 7.833 Executing VM operation: G1CollectForAllocation (G1 Evacuation Pause) done
Event: 8.239 Executing VM operation: G1CollectForAllocation (G1 Evacuation Pause)
Event: 8.252 Executing VM operation: G1CollectForAllocation (G1 Evacuation Pause) done
Event: 8.659 Executing VM operation: G1CollectForAllocation (G1 Evacuation Pause)
Event: 8.666 Executing VM operation: G1CollectForAllocation (G1 Evacuation Pause) done

Memory protections (0 events):
No events

Nmethod flushes (20 events):
Event: 6.760 Thread 0x0000013f7e843b30 flushing  nmethod 0x0000013f0079b688
Event: 6.760 Thread 0x0000013f7e843b30 flushing  nmethod 0x0000013f007bcb08
Event: 6.760 Thread 0x0000013f7e843b30 flushing  nmethod 0x0000013f00835208
Event: 6.760 Thread 0x0000013f7e843b30 flushing  nmethod 0x0000013f0085fb88
Event: 6.760 Thread 0x0000013f7e843b30 flushing  nmethod 0x0000013f00860108
Event: 6.760 Thread 0x0000013f7e843b30 flushing  nmethod 0x0000013f00861188
Event: 6.760 Thread 0x0000013f7e843b30 flushing  nmethod 0x0000013f00861508
Event: 6.760 Thread 0x0000013f7e843b30 flushing  nmethod 0x0000013f00862608
Event: 6.760 Thread 0x0000013f7e843b30 flushing  nmethod 0x0000013f00866288
Event: 6.760 Thread 0x0000013f7e843b30 flushing  nmethod 0x0000013f00866c08
Event: 6.760 Thread 0x0000013f7e843b30 flushing  nmethod 0x0000013f00867888
Event: 6.760 Thread 0x0000013f7e843b30 flushing  nmethod 0x0000013f00868588
Event: 6.760 Thread 0x0000013f7e843b30 flushing  nmethod 0x0000013f00869308
Event: 6.760 Thread 0x0000013f7e843b30 flushing  nmethod 0x0000013f008e3108
Event: 6.760 Thread 0x0000013f7e843b30 flushing  nmethod 0x0000013f008e3888
Event: 6.760 Thread 0x0000013f7e843b30 flushing  nmethod 0x0000013f008e4108
Event: 6.760 Thread 0x0000013f7e843b30 flushing  nmethod 0x0000013f00913d88
Event: 6.760 Thread 0x0000013f7e843b30 flushing  nmethod 0x0000013f00949a08
Event: 6.760 Thread 0x0000013f7e843b30 flushing  nmethod 0x0000013f00961f08
Event: 6.760 Thread 0x0000013f7e843b30 flushing  nmethod 0x0000013f00962c88

Events (16 events):
Event: 0.021 Thread 0x0000013f6bae4af0 Thread added: 0x0000013f6bae4af0
Event: 0.030 Thread 0x0000013f6bae4af0 Thread added: 0x0000013f7e855540
Event: 0.030 Thread 0x0000013f6bae4af0 Thread added: 0x0000013f7e856ef0
Event: 0.031 Thread 0x0000013f6bae4af0 Thread added: 0x0000013f7e85a470
Event: 0.031 Thread 0x0000013f6bae4af0 Thread added: 0x0000013f7e85d6a0
Event: 0.031 Thread 0x0000013f6bae4af0 Thread added: 0x0000013f7e85ddf0
Event: 0.031 Thread 0x0000013f6bae4af0 Thread added: 0x0000013f7e85e540
Event: 0.031 Thread 0x0000013f6bae4af0 Thread added: 0x0000013f7e862200
Event: 0.031 Thread 0x0000013f6bae4af0 Thread added: 0x0000013f7e870e30
Event: 0.038 Thread 0x0000013f6bae4af0 Thread added: 0x0000013f7e85b210
Event: 0.040 Thread 0x0000013f6bae4af0 Thread added: 0x0000013f7e85cf50
Event: 0.086 Thread 0x0000013f7e870e30 Thread added: 0x0000013f541ef020
Event: 0.139 Thread 0x0000013f6bae4af0 Thread added: 0x0000013f7e85b960
Event: 0.151 Thread 0x0000013f7e85b960 Thread exited: 0x0000013f7e85b960
Event: 0.495 Thread 0x0000013f7e862200 Thread added: 0x0000013f54f2c3b0
Event: 1.525 Thread 0x0000013f6bae4af0 Thread added: 0x0000013f7e85c800


Dynamic libraries:
0x00007ff791c60000 - 0x00007ff791c70000 	C:\Program Files\Java\jdk-24\bin\java.exe
0x00007ff900410000 - 0x00007ff900627000 	C:\Windows\SYSTEM32\ntdll.dll
0x00007ff8ff2a0000 - 0x00007ff8ff364000 	C:\Windows\System32\KERNEL32.DLL
0x00007ff8fd790000 - 0x00007ff8fdb47000 	C:\Windows\System32\KERNELBASE.dll
0x00007ff8fded0000 - 0x00007ff8fdfe1000 	C:\Windows\System32\ucrtbase.dll
0x00007ff8ec930000 - 0x00007ff8ec946000 	C:\Program Files\Java\jdk-24\bin\jli.dll
0x00007ff8ea4a0000 - 0x00007ff8ea4bb000 	C:\Program Files\Java\jdk-24\bin\VCRUNTIME140.dll
0x00007ff8ff040000 - 0x00007ff8ff1ef000 	C:\Windows\System32\USER32.dll
0x00007ff8fdff0000 - 0x00007ff8fe016000 	C:\Windows\System32\win32u.dll
0x00007ff8ed970000 - 0x00007ff8edc03000 	C:\Windows\WinSxS\amd64_microsoft.windows.common-controls_6595b64144ccf1df_6.0.22621.3672_none_2713b9d173822955\COMCTL32.dll
0x00007ff8fedc0000 - 0x00007ff8fede9000 	C:\Windows\System32\GDI32.dll
0x00007ff8ff370000 - 0x00007ff8ff417000 	C:\Windows\System32\msvcrt.dll
0x00007ff8fe020000 - 0x00007ff8fe138000 	C:\Windows\System32\gdi32full.dll
0x00007ff8fde30000 - 0x00007ff8fdeca000 	C:\Windows\System32\msvcp_win.dll
0x00007ff8ff5a0000 - 0x00007ff8ff5d1000 	C:\Windows\System32\IMM32.DLL
0x00007ff8ec920000 - 0x00007ff8ec92c000 	C:\Program Files\Java\jdk-24\bin\vcruntime140_1.dll
0x00007ff8cef60000 - 0x00007ff8cefee000 	C:\Program Files\Java\jdk-24\bin\msvcp140.dll
0x00007ff868fa0000 - 0x00007ff869d42000 	C:\Program Files\Java\jdk-24\bin\server\jvm.dll
0x00007ff8fed00000 - 0x00007ff8fedb2000 	C:\Windows\System32\ADVAPI32.dll
0x00007ff900110000 - 0x00007ff9001b8000 	C:\Windows\System32\sechost.dll
0x00007ff8fde00000 - 0x00007ff8fde28000 	C:\Windows\System32\bcrypt.dll
0x00007ff8ff5e0000 - 0x00007ff8ff6f4000 	C:\Windows\System32\RPCRT4.dll
0x00007ff8ff700000 - 0x00007ff8ff771000 	C:\Windows\System32\WS2_32.dll
0x00007ff8fc590000 - 0x00007ff8fc5dd000 	C:\Windows\SYSTEM32\POWRPROF.dll
0x00007ff8f5720000 - 0x00007ff8f572a000 	C:\Windows\SYSTEM32\VERSION.dll
0x00007ff8f22d0000 - 0x00007ff8f2304000 	C:\Windows\SYSTEM32\WINMM.dll
0x00007ff8fc570000 - 0x00007ff8fc583000 	C:\Windows\SYSTEM32\UMPDC.dll
0x00007ff8fc820000 - 0x00007ff8fc838000 	C:\Windows\SYSTEM32\kernel.appcore.dll
0x00007ff8ec880000 - 0x00007ff8ec88a000 	C:\Program Files\Java\jdk-24\bin\jimage.dll
0x00007ff8facb0000 - 0x00007ff8faee2000 	C:\Windows\SYSTEM32\DBGHELP.DLL
0x00007ff8ffce0000 - 0x00007ff90006e000 	C:\Windows\System32\combase.dll
0x00007ff8ffc00000 - 0x00007ff8ffcd7000 	C:\Windows\System32\OLEAUT32.dll
0x00007ff8d2030000 - 0x00007ff8d2062000 	C:\Windows\SYSTEM32\dbgcore.DLL
0x00007ff8fdcc0000 - 0x00007ff8fdd3b000 	C:\Windows\System32\bcryptPrimitives.dll
0x00007ff8d96a0000 - 0x00007ff8d96be000 	C:\Program Files\Java\jdk-24\bin\java.dll
0x00007ff900220000 - 0x00007ff9003c5000 	C:\Windows\System32\ole32.dll
0x00007ff8fe150000 - 0x00007ff8fe9b9000 	C:\Windows\System32\SHELL32.dll
0x00007ff8fb650000 - 0x00007ff8fbf4f000 	C:\Windows\SYSTEM32\windows.storage.dll
0x00007ff8fb510000 - 0x00007ff8fb64f000 	C:\Windows\SYSTEM32\wintypes.dll
0x00007ff8fef40000 - 0x00007ff8ff039000 	C:\Windows\System32\SHCORE.dll
0x00007ff8fee00000 - 0x00007ff8fee5e000 	C:\Windows\System32\shlwapi.dll
0x00007ff8fd650000 - 0x00007ff8fd677000 	C:\Windows\SYSTEM32\profapi.dll
0x00007ff8a14a0000 - 0x00007ff8a1577000 	C:\Program Files\Java\jdk-24\bin\jsvml.dll
0x00007ff8ec830000 - 0x00007ff8ec840000 	C:\Program Files\Java\jdk-24\bin\net.dll
0x00007ff8fcc80000 - 0x00007ff8fcce9000 	C:\Windows\system32\mswsock.dll
0x00007ff8d86b0000 - 0x00007ff8d86c6000 	C:\Program Files\Java\jdk-24\bin\nio.dll
0x00007ff8d8690000 - 0x00007ff8d86a7000 	C:\Program Files\Java\jdk-24\bin\zip.dll
0x00007ff8d85f0000 - 0x00007ff8d8614000 	C:\Users\hungf\.m2\wrapper\dists\apache-maven-3.9.12\59fe215c0ad6947fea90184bf7add084544567b927287592651fda3782e0e798\lib\jansi-native\Windows\x86_64\jansi.dll
0x00007ff8eaf70000 - 0x00007ff8eaf80000 	C:\Program Files\Java\jdk-24\bin\verify.dll

JVMTI agents: none

dbghelp: loaded successfully - version: 4.0.5 - missing functions: none
symbol engine: initialized successfully - sym options: 0x614 - pdb path: .;C:\Program Files\Java\jdk-24\bin;C:\Windows\SYSTEM32;C:\Windows\WinSxS\amd64_microsoft.windows.common-controls_6595b64144ccf1df_6.0.22621.3672_none_2713b9d173822955;C:\Program Files\Java\jdk-24\bin\server;C:\Users\hungf\.m2\wrapper\dists\apache-maven-3.9.12\59fe215c0ad6947fea90184bf7add084544567b927287592651fda3782e0e798\lib\jansi-native\Windows\x86_64

VM Arguments:
jvm_args: --enable-native-access=ALL-UNNAMED -Dclassworlds.conf=C:\Users\hungf\.m2\wrapper\dists\apache-maven-3.9.12\59fe215c0ad6947fea90184bf7add084544567b927287592651fda3782e0e798\bin\m2.conf -Dmaven.home=C:\Users\hungf\.m2\wrapper\dists\apache-maven-3.9.12\59fe215c0ad6947fea90184bf7add084544567b927287592651fda3782e0e798 -Dlibrary.jansi.path=C:\Users\hungf\.m2\wrapper\dists\apache-maven-3.9.12\59fe215c0ad6947fea90184bf7add084544567b927287592651fda3782e0e798\lib\jansi-native -Dmaven.multiModuleProjectDirectory=D:\Semester 7\SBA\BE\UniCode 
java_command: org.codehaus.plexus.classworlds.launcher.Launcher compile -DskipTests
java_class_path (initial): C:\Users\hungf\.m2\wrapper\dists\apache-maven-3.9.12\59fe215c0ad6947fea90184bf7add084544567b927287592651fda3782e0e798\boot\plexus-classworlds-2.9.0.jar
Launcher Type: SUN_STANDARD

[Global flags]
     intx CICompilerCount                          = 4                                         {product} {ergonomic}
     uint ConcGCThreads                            = 3                                         {product} {ergonomic}
     uint G1ConcRefinementThreads                  = 10                                        {product} {ergonomic}
   size_t G1HeapRegionSize                         = 2097152                                   {product} {ergonomic}
   size_t InitialHeapSize                          = 266338304                                 {product} {ergonomic}
   size_t MarkStackSize                            = 4194304                                   {product} {ergonomic}
   size_t MarkStackSizeMax                         = 536870912                                 {product} {ergonomic}
   size_t MaxHeapSize                              = 4238344192                                {product} {ergonomic}
   size_t MaxNewSize                               = 2541748224                                {product} {ergonomic}
   size_t MinHeapDeltaBytes                        = 2097152                                   {product} {ergonomic}
   size_t MinHeapSize                              = 8388608                                   {product} {ergonomic}
    uintx NonNMethodCodeHeapSize                   = 5832704                                {pd product} {ergonomic}
    uintx NonProfiledCodeHeapSize                  = 122945536                              {pd product} {ergonomic}
    uintx ProfiledCodeHeapSize                     = 122880000                              {pd product} {ergonomic}
    uintx ReservedCodeCacheSize                    = 251658240                              {pd product} {ergonomic}
     bool SegmentedCodeCache                       = true                                      {product} {ergonomic}
   size_t SoftMaxHeapSize                          = 4238344192                             {manageable} {ergonomic}
     bool UseCompressedOops                        = true                           {product lp64_product} {ergonomic}
     bool UseG1GC                                  = true                                      {product} {ergonomic}
     bool UseLargePagesIndividualAllocation        = false                                  {pd product} {ergonomic}

Logging:
Log output configuration:
 #0: stdout all=warning uptime,level,tags foldmultilines=false
 #1: stderr all=off uptime,level,tags foldmultilines=false

Environment Variables:
JAVA_HOME=C:\Program Files\Java\jdk-24
PATH=C:\Program Files\Common Files\Oracle\Java\javapath;C:\Windows\system32;C:\Windows;C:\Windows\System32\Wbem;C:\Windows\System32\WindowsPowerShell\v1.0\;C:\Windows\System32\OpenSSH\;C:\Program Files (x86)\Microsoft SQL Server\160\Tools\Binn\;C:\Program Files\Microsoft SQL Server\160\Tools\Binn\;C:\Program Files\Microsoft SQL Server\Client SDK\ODBC\170\Tools\Binn\;C:\Program Files\Microsoft SQL Server\160\DTS\Binn\;C:\Program Files (x86)\Microsoft SQL Server\160\DTS\Binn\;C:\Program Files\Cloudflare\Cloudflare WARP\;C:\Program Files\Java\jdk-24\BIN;C:\Program Files\apache-maven-3.9.9\BIN;C:\Program Files\nodejs\;C:\Program Files\dotnet\;C:\Program Files\Microsoft SQL Server\150\Tools\Binn\;C:\Program Files\Docker\Docker\resources\bin;C:\Program Files\Git\cmd;C:\Program Files\NVIDIA Corporation\NVIDIA App\NvDLISR;C:\Program Files (x86)\NVIDIA Corporation\PhysX\Common;C:\Users\hungf\AppData\Local\Microsoft\WindowsApps;D:\Microsoft VS Code\bin;C:\Users\hungf\AppData\Roaming\npm;C:\Users\hungf\.dotnet\tools;D:\cursor\resources\app\bin;D:\SWD\Antigravity\bin
USERNAME=hungf
TERM=dumb
OS=Windows_NT
PROCESSOR_IDENTIFIER=Intel64 Family 6 Model 141 Stepping 1, GenuineIntel
TMP=C:\Users\hungf\AppData\Local\Temp
TEMP=C:\Users\hungf\AppData\Local\Temp




Periodic native trim disabled

---------------  S Y S T E M  ---------------

OS:
 Windows 11 , 64 bit Build 22621 (10.0.22621.3958)
OS uptime: 0 days 0:47 hours
Hyper-V role detected

CPU: total 12 (initial active 12) (6 cores per cpu, 2 threads per core) family 6 model 141 stepping 1 microcode 0x3c, cx8, cmov, fxsr, ht, mmx, 3dnowpref, sse, sse2, sse3, ssse3, sse4.1, sse4.2, popcnt, lzcnt, tsc, tscinvbit, avx, avx2, aes, erms, clmul, bmi1, bmi2, adx, avx512f, avx512dq, avx512cd, avx512bw, avx512vl, sha, fma, vzeroupper, avx512_vpopcntdq, avx512_vpclmulqdq, avx512_vaes, avx512_vnni, clflush, clflushopt, clwb, avx512_vbmi2, avx512_vbmi, hv, rdtscp, rdpid, fsrm, gfni, avx512_bitalg, f16c, cet_ibt, cet_ss, avx512_ifma
Processor Information for the first 12 processors :
  Max Mhz: 2688, Current Mhz: 2688, Mhz Limit: 2688

Memory: 4k page, system-wide physical 16163M (1057M free)
TotalPageFile size 27525M (AvailPageFile size 25M)
current process WorkingSet (physical memory assigned to process): 461M, peak: 464M
current process commit charge ("private bytes"): 499M, peak: 511M

vm_info: Java HotSpot(TM) 64-Bit Server VM (24.0.1+9-30) for windows-amd64 JRE (24.0.1+9-30), built on 2025-03-05T07:23:45Z with MS VC++ 17.6 (VS2022)

END.
